W/WindowManager(  343): Force clearing orientation change: Window{40f18ff0 Keyguard paused=false}
D/OpenGLRenderer(  421): Enabling debug mode 0
E/Trace   (  649): error opening trace file: No such file or directory (2)
I/ActivityManager(  343): Process com.android.smspush (pid 626) has died.
I/LocationManagerService(  343): whitelist: []
I/LocationManagerService(  343): blacklist: []
W/ActivityManager(  343): Scheduling restart of crashed service com.android.smspush/.WapPushManager in 5000ms
D/CAT     (  530): CatService: Running CAT service. STK app installed:false
D/CAT     (  530): CatService: NEW sInstance
I/ActivityThread(  505): Removing dead content provider: contacts
I/ActivityThread(  505): Removing dead content provider: com.android.contacts
I/LocationManagerService(  343): request passive (pid 343) 0 0
I/ActivityManager(  343): Process android.process.acore (pid 578) has died.
I/ActivityThread(  505): Removing dead content provider: user_dictionary
I/ActivityManager(  343): Start proc com.android.settings for broadcast com.android.settings/.widget.SettingsAppWidgetProvider: pid=674 uid=1000 gids={1015, 3002, 3001, 3003, 1028}
D/WifiService(  343): New client listening to asynchronous messages
D/CallManager(  530): registerPhone(CDMA Handler (com.android.internal.telephony.PhoneProxy) {40f4ccb0})
I/ActivityThread(  649): Pub com.cyanogenmod.trebuchet.settings: com.cyanogenmod.trebuchet.LauncherProvider
I/ActivityManager(  343): Start proc android.process.acore for content provider com.android.providers.contacts/.ContactsProvider2: pid=689 uid=10001 gids={3003, 1015, 1028}
I/ActivityManager(  343): Process com.android.inputmethod.latin (pid 505) has died.
E/Trace   (  674): error opening trace file: No such file or directory (2)
W/ActivityManager(  343): Scheduling restart of crashed service com.android.inputmethod.latin/.LatinIME in 12866ms
E/Trace   (  689): error opening trace file: No such file or directory (2)
I/ActivityManager(  343): Process android.process.acore (pid 689) has died.
D/MtpService(  602): starting MTP server in MTP mode
I/ActivityManager(  343): Start proc android.process.acore for restart android.process.acore: pid=705 uid=10001 gids={3003, 1015, 1028}
D/Bluetooth HS/HF(  530): CDMA call state: IDLE prev state:IDLE
I/ActivityManager(  343): Process com.android.settings (pid 674) has died.
W/ProcessStats(  343): Skipping unknown process pid 674
W/WindowManager(  343): App freeze timeout expired.
W/WindowManager(  343): Force clearing freeze: AppWindowToken{413355a0 token=Token{41036080 ActivityRecord{41035c48 com.cyanogenmod.trebuchet/.Launcher}}}
E/Trace   (  705): error opening trace file: No such file or directory (2)
I/ActivityManager(  343): Process android.process.media (pid 602) has died.
W/ActivityManager(  343): Scheduling restart of crashed service com.android.providers.media/.MtpService in 20368ms
D/PhoneStatusBar(  421): disable: < expand icons alerts ticker system_info BACK* HOME* RECENT CLOCK* >
I/ActivityThread(  705): Pub com.android.voicemail: com.android.providers.contacts.VoicemailContentProvider
I/Choreographer(  421): Skipped 847 frames!  The application may be doing too much work on its main thread.
I/ActivityThread(  705): Pub applications: com.android.providers.applications.ApplicationsProvider
I/ActivityManager(  343): Start proc com.android.smspush for service com.android.smspush/.WapPushManager: pid=731 uid=10045 gids={1028}
W/ActivityManager(  343): Unable to start service Intent { act=com.android.ussd.IExtendedNetworkService }: not found
E/Trace   (  731): error opening trace file: No such file or directory (2)
I/ActivityThread(  705): Pub contacts;com.android.contacts: com.android.providers.contacts.ContactsProvider2
D/DebugService(  530): DebugService DebugService:
D/TelephonyDebugService(  530): TelephonyDebugService()
I/ActivityManager(  343): Process com.android.smspush (pid 731) has died.
W/ResourceType(  649): Attempt to retrieve bag 0x7f0d0017 which is invalid or in a cycle.
W/ResourceType(  649): Attempt to retrieve bag 0x7f0d0017 which is invalid or in a cycle.
W/ResourceType(  649): Attempt to retrieve bag 0x7f0d0017 which is invalid or in a cycle.
W/ResourceType(  649): Attempt to retrieve bag 0x7f0d0017 which is invalid or in a cycle.
W/ResourceType(  649): Attempt to retrieve bag 0x7f0d0017 which is invalid or in a cycle.
D/dalvikvm(  343): GC_EXPLICIT freed 635K, 36% free 5298K/8195K, paused 53ms+8ms, total 430ms
W/ActivityManager(  343): Scheduling restart of crashed service com.android.smspush/.WapPushManager in 28166ms
D/dalvikvm(  421): GC_CONCURRENT freed 403K, 38% free 6965K/11207K, paused 61ms+48ms, total 259ms
D/Bluetooth HSHFP(  530): Starting BluetoothHeadsetService
I/ActivityThread(  705): Pub call_log: com.android.providers.contacts.CallLogProvider
I/ActivityThread(  705): Pub user_dictionary: com.android.providers.userdictionary.UserDictionaryProvider
I/Choreographer(  421): Skipped 82 frames!  The application may be doing too much work on its main thread.
D/SizeAdaptiveLayout(  421): com.android.internal.widget.SizeAdaptiveLayout@410fea58child view android.widget.FrameLayout@41100340 measured out of bounds at 95px clamped to 96px
D/SizeAdaptiveLayout(  421): com.android.internal.widget.SizeAdaptiveLayout@410e5030child view android.widget.FrameLayout@410eb4e0 measured out of bounds at 95px clamped to 96px
V/SipBroadcastReceiver(  530): start auto registration
I/ActivityManager(  343): Start proc com.android.smspush for service com.android.smspush/.WapPushManager: pid=758 uid=10045 gids={1028}
E/Trace   (  758): error opening trace file: No such file or directory (2)
I/ActivityManager(  343): Process com.android.smspush (pid 758) has died.
W/ActivityManager(  343): Scheduling restart of crashed service com.android.smspush/.WapPushManager in 26379ms
W/Resources(  649): Converting to int: TypedValue{t=0x3/d=0x12 "4" a=-1}
W/Resources(  649): Converting to int: TypedValue{t=0x3/d=0xf "1" a=-1}
I/ActivityManager(  343): Start proc com.android.smspush for service com.android.smspush/.WapPushManager: pid=776 uid=10045 gids={1028}
W/ActivityManager(  343): Activity idle timeout for ActivityRecord{41035c48 com.cyanogenmod.trebuchet/.Launcher}
E/Trace   (  776): error opening trace file: No such file or directory (2)
I/SearchManagerService(  343): Building list of searchable activities
I/ActivityManager(  343): Start proc com.android.settings for broadcast com.android.settings/.widget.SettingsAppWidgetProvider: pid=789 uid=1000 gids={1015, 3002, 3001, 3003, 1028}
I/ActivityManager(  343): Process com.cyanogenmod.trebuchet (pid 649) has died.
I/ActivityManager(  343): Start proc com.cyanogenmod.trebuchet for activity com.cyanogenmod.trebuchet/.Launcher: pid=802 uid=10040 gids={1028}
E/Trace   (  789): error opening trace file: No such file or directory (2)
I/SurfaceFlinger(  133): Boot is finished (43203 ms)
E/Trace   (  802): error opening trace file: No such file or directory (2)
I/ActivityThread(  530): Removing dead content provider: contacts
I/ActivityThread(  530): Removing dead content provider: com.android.contacts
W/BulkCursor(  530): Remote process exception when closing
I/ActivityManager(  343): Process android.process.acore (pid 705) has died.
I/ActivityManager(  343): Process com.android.smspush (pid 776) has died.
W/ActivityManager(  343): Scheduling restart of crashed service com.android.smspush/.WapPushManager in 23920ms
D/PowerManagerService(  343): bootCompleted
I/ActivityThread(  802): Pub com.cyanogenmod.trebuchet.settings: com.cyanogenmod.trebuchet.LauncherProvider
V/DevicePolicyManagerService(  343): Sending password expiration notifications for action android.intent.action.BOOT_COMPLETED
I/ActivityManager(  343): Start proc android.process.acore for content provider com.android.providers.contacts/.ContactsProvider2: pid=828 uid=10001 gids={3003, 1015, 1028}
D/VoldCmdListener(  129): volume mount /mnt/sdcard
I/Vold    (  129): /dev/block/vold/179:33 being considered for volume sdcard
D/Vold    (  129): Volume sdcard state changing 1 (Idle-Unmounted) -> 3 (Checking)
I//system/bin/fsck_msdos(  129): ** /dev/block/vold/179:33
I//system/bin/fsck_msdos(  129): ** Phase 1 - Read FAT (compare skipped)
I//system/bin/fsck_msdos(  129): Attempting to allocate 5519 KB for FAT
I/ActivityManager(  343): Start proc com.android.smspush for service com.android.smspush/.WapPushManager: pid=845 uid=10045 gids={1028}
D/MountService(  343): volume state changed for /mnt/sdcard (unmounted -> checking)
D/MountService(  343): sendStorageIntent Intent { act=android.intent.action.MEDIA_CHECKING dat=file:///mnt/sdcard (has extras) }
I/StorageNotification(  421): Media {/mnt/sdcard} state changed from {unmounted} -> {checking} (primary = true)
W/WVMExtractor(  136): Failed to open libwvm.so
W/WVMExtractor(  136): Failed to open libwvm.so
W/WVMExtractor(  136): Failed to open libwvm.so
I/ActivityManager(  343): Process com.android.settings (pid 789) has died.
W/WVMExtractor(  136): Failed to open libwvm.so
E/Trace   (  828): error opening trace file: No such file or directory (2)
W/WVMExtractor(  136): Failed to open libwvm.so
E/Trace   (  845): error opening trace file: No such file or directory (2)
D/PhoneStatusBar(  421): addNotification score=0
I//system/bin/fsck_msdos(  129): ** Phase 2 - Check Cluster Chains
I//system/bin/fsck_msdos(  129): ** Phase 3 - Checking Directories
I/ActivityManager(  343): Start proc com.android.contacts for broadcast com.android.contacts/.calllog.CallLogReceiver: pid=884 uid=10001 gids={3003, 1015, 1028}
I/ActivityManager(  343): Process android.process.acore (pid 828) has died.
I//system/bin/fsck_msdos(  129): ** Phase 4 - Checking for Lost Files
I//system/bin/fsck_msdos(  129): 279 files, 1254184 free (156773 clusters)
I/Vold    (  129): Filesystem check completed OK
I/Vold    (  129): Device /dev/block/vold/179:33, target /mnt/sdcard mounted @ /mnt/secure/staging
D/Vold    (  129): Volume sdcard state changing 3 (Checking) -> 4 (Mounted)
D/dalvikvm(  134): GC_EXPLICIT freed 37K, 74% free 2157K/8195K, paused 20ms+174ms, total 1260ms
D/dalvikvm(  134): GC_EXPLICIT freed <1K, 74% free 2157K/8195K, paused 2ms+5ms, total 26ms
D/dalvikvm(  134): GC_EXPLICIT freed <1K, 74% free 2157K/8195K, paused 3ms+2ms, total 33ms
I/ActivityManager(  343): Start proc android.process.acore for restart android.process.acore: pid=898 uid=10001 gids={3003, 1015, 1028}
D/MountService(  343): volume state changed for /mnt/sdcard (checking -> mounted)
E/VoldConnector(  343): NDC Command {3 volume mount /mnt/sdcard} took too long (6223ms)
I/PackageManager(  343): Updating external media status from unmounted to mounted
I/ActivityManager(  343): Process com.android.smspush (pid 845) has died.
W/ActivityManager(  343): Scheduling restart of crashed service com.android.smspush/.WapPushManager in 17012ms
I/ActivityManager(  343): Process com.cyanogenmod.trebuchet (pid 802) has died.
D/VoldCmdListener(  129): asec list
D/MountService(  343): sendStorageIntent Intent { act=android.intent.action.MEDIA_MOUNTED dat=file:///mnt/sdcard (has extras) }
V/WiredAccessoryObserver(  343): init()
I/ActivityManager(  343): Start proc com.cyanogenmod.trebuchet for activity com.cyanogenmod.trebuchet/.Launcher: pid=914 uid=10040 gids={1028}
I/ActivityManager(  343): Start proc com.android.smspush for service com.android.smspush/.WapPushManager: pid=924 uid=10045 gids={1028}
I/ActivityManager(  343): Start proc com.android.inputmethod.latin for service com.android.inputmethod.latin/.LatinIME: pid=935 uid=10022 gids={1028}
E/Trace   (  898): error opening trace file: No such file or directory (2)
E/Trace   (  884): error opening trace file: No such file or directory (2)
E/Trace   (  935): error opening trace file: No such file or directory (2)
E/Trace   (  924): error opening trace file: No such file or directory (2)
E/Trace   (  914): error opening trace file: No such file or directory (2)
I/ActivityManager(  343): Process com.android.contacts (pid 884) has died.
E/VoldConnector(  343): NDC Command {4 asec list} took too long (2278ms)
I/PackageManager(  343): No secure containers on sdcard
W/PackageManager(  343): Unknown permission com.google.android.googleapps.permission.GOOGLE_AUTH.mail in package com.android.contacts
W/PackageManager(  343): Unknown permission android.permission.ADD_SYSTEM_SERVICE in package com.android.phone
W/PackageManager(  343): Unknown permission com.google.android.googleapps.permission.GOOGLE_AUTH in package com.android.providers.calendar
W/PackageManager(  343): Unknown permission com.google.android.googleapps.permission.GOOGLE_AUTH.cl in package com.android.providers.calendar
W/PackageManager(  343): Unknown permission com.google.android.googleapps.permission.GOOGLE_AUTH.mail in package com.android.calendar
W/PackageManager(  343): Not granting permission android.permission.SEND_DOWNLOAD_COMPLETED_INTENTS to package com.android.browser (protectionLevel=2 flags=0x9be45)
W/PackageManager(  343): Unknown permission com.google.android.googleapps.permission.GOOGLE_AUTH in package com.android.settings
W/PackageManager(  343): Unknown permission com.google.android.googleapps.permission.GOOGLE_AUTH in package com.android.providers.contacts
W/PackageManager(  343): Unknown permission com.google.android.googleapps.permission.GOOGLE_AUTH.cp in package com.android.providers.contacts
W/PackageManager(  343): Unknown permission android.permission.ACCESS_4G_RADIO_DISABLE in package com.android.systemui
W/PackageManager(  343): Unknown permission android.permission.ACCESS_4G_STATE in package com.android.systemui
W/PackageManager(  343): Unknown permission android.permission.CHANGE_4G_STATE in package com.android.systemui
W/PackageManager(  343): Unknown permission com.google.android.googleapps.permission.ACCESS_GOOGLE_PASSWORD in package com.android.development
W/PackageManager(  343): Unknown permission com.google.android.googleapps.permission.GOOGLE_AUTH in package com.android.development
W/PackageManager(  343): Unknown permission com.google.android.googleapps.permission.GOOGLE_AUTH.ALL_SERVICES in package com.android.development
W/PackageManager(  343): Unknown permission com.google.android.googleapps.permission.GOOGLE_AUTH.YouTubeUser in package com.android.development
W/PackageManager(  343): Not granting permission android.permission.DEVICE_POWER to package com.android.deskclock (protectionLevel=2 flags=0x8be45)
I/Choreographer(  421): Skipped 120 frames!  The application may be doing too much work on its main thread.
I/StorageNotification(  421): Media {/mnt/sdcard} state changed from {checking} -> {mounted} (primary = true)
D/SizeAdaptiveLayout(  421): com.android.internal.widget.SizeAdaptiveLayout@411141f8child view android.widget.FrameLayout@41115e18 measured out of bounds at 95px clamped to 96px
I/ActivityThread(  898): Pub com.android.voicemail: com.android.providers.contacts.VoicemailContentProvider
V/OtaStartupReceiver(  530): onOtaspChanged: mOtaspMode=1
I/ActivityManager(  343): Start proc com.bel.android.dspmanager for broadcast com.bel.android.dspmanager/.receiver.BootCompletedReceiver: pid=959 uid=10011 gids={3002, 1028}
I/ActivityThread(  898): Pub applications: com.android.providers.applications.ApplicationsProvider
I/ActivityManager(  343): Process com.android.inputmethod.latin (pid 935) has died.
W/ActivityManager(  343): Scheduling restart of crashed service com.android.inputmethod.latin/.LatinIME in 51464ms
I/ActivityThread(  914): Pub com.cyanogenmod.trebuchet.settings: com.cyanogenmod.trebuchet.LauncherProvider
E/Trace   (  959): error opening trace file: No such file or directory (2)
I/ActivityManager(  343): Process com.android.smspush (pid 924) has died.
W/ActivityManager(  343): Scheduling restart of crashed service com.android.smspush/.WapPushManager in 10685ms
I/ActivityManager(  343): Process com.android.smspush (pid 1336) has died.
W/ActivityManager(  343): Scheduling restart of crashed service com.android.smspush/.WapPushManager in 21503ms
I/ActivityManager(  343): Start proc com.android.smspush for service com.android.smspush/.WapPushManager: pid=973 uid=10045 gids={1028}
I/ActivityManager(  343): Start proc android.process.media for service com.android.providers.media/.MtpService: pid=989 uid=10015 gids={1015, 1023, 1024, 1028, 2001, 3003, 3007}
I/ActivityManager(  343): Process com.cyanogenmod.trebuchet (pid 914) has died.
I/ActivityManager(  343): Start proc com.android.smspush for service com.android.smspush/.WapPushManager: pid=1351 uid=10045 gids={1028}
I/ActivityManager(  343): Start proc com.cyanogenmod.trebuchet for activity com.cyanogenmod.trebuchet/.Launcher: pid=1002 uid=10040 gids={1028}
E/Trace   (  973): error opening trace file: No such file or directory (2)
E/Trace   (  989): error opening trace file: No such file or directory (2)
I/ActivityManager(  343): Process android.process.acore (pid 898) has died.
E/Trace   ( 1002): error opening trace file: No such file or directory (2)
W/ActivityManager(  343): Failed to update time zone for: com.cyanogenmod.trebuchet
I/ActivityManager(  343): Start proc android.process.acore for restart android.process.acore: pid=1015 uid=10001 gids={3003, 1015, 1028}
I/ActivityManager(  343): Process com.cyanogenmod.trebuchet (pid 1321) has died.
I/HeadsetService(  959): Starting service.
E/Trace   ( 1015): error opening trace file: No such file or directory (2)
I/ActivityManager(  343): Process com.bel.android.dspmanager (pid 959) has died.
W/ActivityManager(  343): Scheduling restart of crashed service com.bel.android.dspmanager/.service.HeadsetService in 5000ms
I/RecoverySystem(  343): Deleted: /cache/recovery/log
I/RecoverySystem(  343): Deleted: /cache/recovery/intent
I/ActivityManager(  343): Start proc com.cyanogenmod.updater for broadcast com.cyanogenmod.updater/.receiver.UpdateCheckReceiver: pid=1031 uid=10005 gids={3003, 1015, 2001, 1028}
E/Trace   ( 1031): error opening trace file: No such file or directory (2)
I/ActivityManager(  343): Process com.cyanogenmod.trebuchet (pid 1002) has died.
I/ActivityThread( 1015): Pub com.android.voicemail: com.android.providers.contacts.VoicemailContentProvider
I/BootReceiver(  343): Copying /proc/last_kmsg to DropBox (SYSTEM_LAST_KMSG)
I/ActivityManager(  343): Process android.process.media (pid 1304) has died.
W/ActivityManager(  343): Scheduling restart of crashed service com.android.providers.downloads/.DownloadService in 18682ms
D/dalvikvm(  134): GC_EXPLICIT freed 37K, 74% free 2157K/8195K, paused 16ms+2ms, total 243ms
D/dalvikvm(  134): GC_EXPLICIT freed <1K, 74% free 2157K/8195K, paused 2ms+2ms, total 28ms
I/ActivityManager(  343): Process com.android.smspush (pid 1351) has died.
D/dalvikvm(  134): GC_EXPLICIT freed <1K, 74% free 2157K/8195K, paused 2ms+2ms, total 23ms
W/ProcessStats(  343): Skipping unknown process pid 1351
W/ActivityManager(  343): Scheduling restart of crashed service com.android.smspush/.WapPushManager in 41429ms
D/dalvikvm(  343): GC_FOR_ALLOC freed 815K, 30% free 5784K/8195K, paused 447ms, total 448ms
I/ActivityManager(  343): Start proc com.cyanogenmod.trebuchet for activity com.cyanogenmod.trebuchet/.Launcher: pid=1046 uid=10040 gids={1028}
I/ActivityManager(  343): Process android.process.acore (pid 1015) has died.
I/ActivityThread(  989): Pub media: com.android.providers.media.MediaProvider
D/dalvikvm(  343): GC_FOR_ALLOC freed 164K, 30% free 5973K/8519K, paused 180ms, total 180ms
I/ActivityManager(  343): Start proc android.process.acore for restart android.process.acore: pid=1061 uid=10001 gids={3003, 1015, 1028}
D/dalvikvm(  343): GC_FOR_ALLOC freed 263K, 33% free 5840K/8711K, paused 67ms, total 67ms
I/ActivityManager(  343): Start proc com.android.smspush for service com.android.smspush/.WapPushManager: pid=1383 uid=10045 gids={1028}
I/UpdateCheckReceiver( 1031): Scheduling future, repeating update checks.
E/Trace   ( 1046): error opening trace file: No such file or directory (2)
I/ActivityManager(  343): Process com.android.smspush (pid 973) has died.
W/ActivityManager(  343): Scheduling restart of crashed service com.android.smspush/.WapPushManager in 13533ms
I/ActivityManager(  343): Start proc com.android.deskclock for broadcast com.android.deskclock/.AlarmInitReceiver: pid=1395 uid=10013 gids={1028}
E/Trace   ( 1061): error opening trace file: No such file or directory (2)
I/ActivityManager(  343): Start proc com.android.smspush for service com.android.smspush/.WapPushManager: pid=1077 uid=10045 gids={1028}
I/ActivityManager(  343): Process com.cyanogenmod.updater (pid 1031) has died.
I/ActivityManager(  343): Process com.android.providers.calendar (pid 1294) has died.
W/ActivityManager(  343): Scheduling restart of crashed service com.android.providers.calendar/.EmptyService in 40507ms
E/Trace   ( 1077): error opening trace file: No such file or directory (2)
I/ActivityThread( 1046): Pub com.cyanogenmod.trebuchet.settings: com.cyanogenmod.trebuchet.LauncherProvider
I/ActivityThread( 1061): Pub com.android.voicemail: com.android.providers.contacts.VoicemailContentProvider
I/ActivityManager(  343): Process com.cyanogenmod.trebuchet (pid 1046) has died.
I/ActivityManager(  343): Start proc com.cyanogenmod.trebuchet for activity com.cyanogenmod.trebuchet/.Launcher: pid=1090 uid=10040 gids={1028}
I/ActivityThread( 1061): Pub applications: com.android.providers.applications.ApplicationsProvider
E/Trace   ( 1090): error opening trace file: No such file or directory (2)
I/ActivityManager(  343): Process com.android.smspush (pid 1077) has died.
W/ActivityManager(  343): Scheduling restart of crashed service com.android.smspush/.WapPushManager in 12541ms
I/ActivityThread( 1090): Pub com.cyanogenmod.trebuchet.settings: com.cyanogenmod.trebuchet.LauncherProvider
I/ActivityManager(  343): Start proc com.android.smspush for service com.android.smspush/.WapPushManager: pid=1104 uid=10045 gids={1028}
I/ActivityManager(  343): Process com.android.smspush (pid 1383) has died.
W/ActivityManager(  343): Scheduling restart of crashed service com.android.smspush/.WapPushManager in 49495ms
E/Trace   ( 1104): error opening trace file: No such file or directory (2)
I/ActivityManager(  343): Start proc com.android.smspush for service com.android.smspush/.WapPushManager: pid=1416 uid=10045 gids={1028}
D/dalvikvm(  343): GC_EXPLICIT freed 1048K, 39% free 5332K/8711K, paused 29ms+6ms, total 254ms
I/ActivityThread( 1061): Pub contacts;com.android.contacts: com.android.providers.contacts.ContactsProvider2
I/ActivityManager(  343): Process com.android.smspush (pid 1104) has died.
W/ActivityManager(  343): Scheduling restart of crashed service com.android.smspush/.WapPushManager in 11799ms
I/MediaProvider(  989): Upgrading media database from version 0 to 509, which will destroy all old data
I/ActivityManager(  343): Start proc com.android.smspush for service com.android.smspush/.WapPushManager: pid=1120 uid=10045 gids={1028}
I/ActivityThread( 1061): Pub call_log: com.android.providers.contacts.CallLogProvider
I/ActivityThread( 1061): Pub user_dictionary: com.android.providers.userdictionary.UserDictionaryProvider
E/Trace   ( 1120): error opening trace file: No such file or directory (2)
I/ActivityManager(  343): Process com.cyanogenmod.trebuchet (pid 1090) has died.
I/ActivityManager(  343): Start proc com.cyanogenmod.trebuchet for activity com.cyanogenmod.trebuchet/.Launcher: pid=1138 uid=10040 gids={1028}
I/ActivityManager(  343): Process com.android.smspush (pid 1416) has died.
W/ActivityManager(  343): Scheduling restart of crashed service com.android.smspush/.WapPushManager in 48365ms
E/Trace   ( 1138): error opening trace file: No such file or directory (2)
I/ActivityManager(  343): Process com.android.smspush (pid 1120) has died.
W/ActivityManager(  343): Scheduling restart of crashed service com.android.smspush/.WapPushManager in 10793ms
I/ActivityManager(  343): Start proc com.android.smspush for service com.android.smspush/.WapPushManager: pid=1152 uid=10045 gids={1028}
I/ActivityThread( 1138): Pub com.cyanogenmod.trebuchet.settings: com.cyanogenmod.trebuchet.LauncherProvider
E/Trace   ( 1152): error opening trace file: No such file or directory (2)
I/ActivityManager(  343): Process android.process.acore (pid 1061) has died.
I/ActivityManager(  343): Start proc com.android.smspush for service com.android.smspush/.WapPushManager: pid=1433 uid=10045 gids={1028}
W/CallerInfoCache(  530): cursor is null
I/ActivityManager(  343): Process com.android.smspush (pid 1152) has died.
W/ActivityManager(  343): Scheduling restart of crashed service com.android.smspush/.WapPushManager in 10030ms
I/ActivityManager(  343): Start proc com.android.smspush for service com.android.smspush/.WapPushManager: pid=1168 uid=10045 gids={1028}
E/SQLiteLog(  989): (1) no such table: album_info
I/ActivityManager(  343): Start proc com.bel.android.dspmanager for service com.bel.android.dspmanager/.service.HeadsetService: pid=1179 uid=10011 gids={3002, 1028}
E/Trace   ( 1168): error opening trace file: No such file or directory (2)
I/ActivityThread(  989): Pub downloads: com.android.providers.downloads.DownloadProvider
E/Trace   ( 1179): error opening trace file: No such file or directory (2)
I/ActivityThread(  989): Pub drm: com.android.providers.drm.DrmProvider
I/DownloadManager(  989): in removeSpuriousFiles
I/ActivityManager(  343): Process com.cyanogenmod.trebuchet (pid 1138) has died.
I/HeadsetService( 1179): Starting service.
I/ActivityManager(  343): Start proc com.cyanogenmod.trebuchet for activity com.cyanogenmod.trebuchet/.Launcher: pid=1200 uid=10040 gids={1028}
W/BackupManagerService(  343): dataChanged but no participant pkg='com.android.providers.settings' uid=10013
E/Trace   ( 1200): error opening trace file: No such file or directory (2)
I/ActivityManager(  343): Process com.android.smspush (pid 1433) has died.
W/ActivityManager(  343): Scheduling restart of crashed service com.android.smspush/.WapPushManager in 46686ms
I/ActivityManager(  343): Process com.bel.android.dspmanager (pid 1179) has died.
W/ActivityManager(  343): Scheduling restart of crashed service com.bel.android.dspmanager/.service.HeadsetService in 20000ms
I/ActivityThread( 1200): Pub com.cyanogenmod.trebuchet.settings: com.cyanogenmod.trebuchet.LauncherProvider
I/ActivityManager(  343): Process com.android.smspush (pid 1168) has died.
W/ActivityManager(  343): Scheduling restart of crashed service com.android.smspush/.WapPushManager in 5000ms
I/ActivityManager(  343): Start proc android.process.media for broadcast com.android.providers.downloads/.DownloadReceiver: pid=1446 uid=10015 gids={1015, 1023, 1024, 1028, 2001, 3003, 3007}
I/ActivityManager(  343): Start proc com.android.smspush for service com.android.smspush/.WapPushManager: pid=1216 uid=10045 gids={1028}
I/ActivityManager(  343): Start proc com.android.smspush for service com.android.smspush/.WapPushManager: pid=1457 uid=10045 gids={1028}
E/Trace   ( 1216): error opening trace file: No such file or directory (2)
I/ActivityManager(  343): Process com.android.deskclock (pid 1395) has died.
W/ProcessStats(  343): Skipping unknown process pid 1395
D/dalvikvm(  134): GC_EXPLICIT freed 36K, 74% free 2157K/8195K, paused 20ms+3ms, total 188ms
D/MtpService(  989): addStorageLocked 65537 /mnt/sdcard
D/dalvikvm(  134): GC_EXPLICIT freed <1K, 74% free 2157K/8195K, paused 2ms+2ms, total 39ms
D/dalvikvm(  134): GC_EXPLICIT freed <1K, 74% free 2157K/8195K, paused 3ms+2ms, total 26ms
D/MtpService(  989): starting MTP server in MTP mode
I/ActivityManager(  343): Process com.android.smspush (pid 1216) has died.
W/ActivityManager(  343): Scheduling restart of crashed service com.android.smspush/.WapPushManager in 5000ms
I/ActivityManager(  343): Start proc com.android.smspush for service com.android.smspush/.WapPushManager: pid=1231 uid=10045 gids={1028}
D/MtpService(  989): addStorageLocked 65537 /mnt/sdcard
E/Trace   ( 1231): error opening trace file: No such file or directory (2)
I/ActivityManager(  343): Process android.process.media (pid 989) has died.
W/ActivityManager(  343): Scheduling restart of crashed service com.android.providers.downloads/.DownloadService in 5000ms
W/ActivityManager(  343): Scheduling restart of crashed service com.android.providers.media/.MtpService in 81472ms
I/ActivityManager(  343): Process com.cyanogenmod.trebuchet (pid 1365) has died.
I/ActivityManager(  343): Start proc com.cyanogenmod.trebuchet for activity com.cyanogenmod.trebuchet/.Launcher: pid=1474 uid=10040 gids={1028}
I/ActivityManager(  343): Process com.android.smspush (pid 1457) has died.
W/ActivityManager(  343): Scheduling restart of crashed service com.android.smspush/.WapPushManager in 45101ms
I/ActivityManager(  343): Start proc com.android.smspush for service com.android.smspush/.WapPushManager: pid=1488 uid=10045 gids={1028}
I/ActivityManager(  343): Process com.android.smspush (pid 1488) has died.
W/ActivityManager(  343): Scheduling restart of crashed service com.android.smspush/.WapPushManager in 44777ms
I/ActivityManager(  343): Start proc com.android.smspush for service com.android.smspush/.WapPushManager: pid=1502 uid=10045 gids={1028}
W/ResourceType( 1200): Attempt to retrieve bag 0x7f0d0017 which is invalid or in a cycle.
W/ResourceType( 1200): Attempt to retrieve bag 0x7f0d0017 which is invalid or in a cycle.
W/ResourceType( 1200): Attempt to retrieve bag 0x7f0d0017 which is invalid or in a cycle.
W/ResourceType( 1200): Attempt to retrieve bag 0x7f0d0017 which is invalid or in a cycle.
W/ResourceType( 1200): Attempt to retrieve bag 0x7f0d0017 which is invalid or in a cycle.
I/ActivityManager(  343): Process com.android.smspush (pid 1502) has died.
W/ActivityManager(  343): Scheduling restart of crashed service com.android.smspush/.WapPushManager in 44468ms
I/ActivityManager(  343): Process com.android.smspush (pid 1231) has died.
W/ActivityManager(  343): Scheduling restart of crashed service com.android.smspush/.WapPushManager in 27786ms
W/Resources( 1200): Converting to int: TypedValue{t=0x3/d=0x12 "4" a=-1}
W/Resources( 1200): Converting to int: TypedValue{t=0x3/d=0xf "1" a=-1}
I/ActivityManager(  343): Start proc com.android.smspush for service com.android.smspush/.WapPushManager: pid=1518 uid=10045 gids={1028}
I/ActivityManager(  343): Start proc com.android.smspush for service com.android.smspush/.WapPushManager: pid=1253 uid=10045 gids={1028}
E/Trace   ( 1253): error opening trace file: No such file or directory (2)
I/ActivityManager(  343): Process com.android.smspush (pid 1518) has died.
W/ActivityManager(  343): Scheduling restart of crashed service com.android.smspush/.WapPushManager in 44174ms
I/ActivityManager(  343): Start proc com.android.smspush for service com.android.smspush/.WapPushManager: pid=1536 uid=10045 gids={1028}
I/ActivityManager(  343): Process com.android.smspush (pid 1253) has died.
W/ActivityManager(  343): Scheduling restart of crashed service com.android.smspush/.WapPushManager in 27263ms
I/ActivityManager(  343): Start proc com.android.smspush for service com.android.smspush/.WapPushManager: pid=1267 uid=10045 gids={1028}
E/Trace   ( 1267): error opening trace file: No such file or directory (2)
I/ActivityManager(  343): Process com.android.smspush (pid 1536) has died.
W/ActivityManager(  343): Scheduling restart of crashed service com.android.smspush/.WapPushManager in 10751ms
I/ActivityManager(  343): Start proc com.android.smspush for service com.android.smspush/.WapPushManager: pid=1553 uid=10045 gids={1028}
I/ActivityManager(  343): Start proc com.android.email for broadcast com.android.email/.service.EmailBroadcastReceiver: pid=1566 uid=10016 gids={3003, 1015, 1028}
I/ActivityManager(  343): Process com.cyanogenmod.trebuchet (pid 1474) has died.
I/ActivityManager(  343): Start proc com.cyanogenmod.trebuchet for activity com.cyanogenmod.trebuchet/.Launcher: pid=1580 uid=10040 gids={1028}
I/ActivityManager(  343): Process com.android.smspush (pid 1267) has died.
W/ActivityManager(  343): Scheduling restart of crashed service com.android.smspush/.WapPushManager in 26352ms
I/ActivityManager(  343): Start proc com.bel.android.dspmanager for service com.bel.android.dspmanager/.service.HeadsetService: pid=1593 uid=10011 gids={3002, 1028}
I/ActivityManager(  343): Process android.process.media (pid 1446) has died.
I/ActivityManager(  343): Process com.android.smspush (pid 1553) has died.
W/ActivityManager(  343): Scheduling restart of crashed service com.android.smspush/.WapPushManager in 5000ms
I/ActivityManager(  343): Start proc com.android.smspush for service com.android.smspush/.WapPushManager: pid=1607 uid=10045 gids={1028}
I/ActivityManager(  343): Process com.bel.android.dspmanager (pid 1593) has died.
W/ActivityManager(  343): Scheduling restart of crashed service com.bel.android.dspmanager/.service.HeadsetService in 80000ms
I/ActivityManager(  343): Start proc com.android.smspush for service com.android.smspush/.WapPushManager: pid=1281 uid=10045 gids={1028}
I/ActivityManager(  343): Process com.android.smspush (pid 1607) has died.
W/ActivityManager(  343): Scheduling restart of crashed service com.android.smspush/.WapPushManager in 5000ms
I/ActivityManager(  343): Start proc com.android.smspush for service com.android.smspush/.WapPushManager: pid=1626 uid=10045 gids={1028}
I/ActivityManager(  343): Start proc com.android.exchange for service com.android.exchange/.ExchangeService: pid=1639 uid=10017 gids={3003, 1015, 1028}
I/ActivityManager(  343): Process com.android.email (pid 1566) has died.
I/ActivityManager(  343): Process com.android.smspush (pid 1626) has died.
W/ActivityManager(  343): Scheduling restart of crashed service com.android.smspush/.WapPushManager in 5000ms
I/ActivityManager(  343): Start proc com.android.smspush for service com.android.smspush/.WapPushManager: pid=1654 uid=10045 gids={1028}
I/ActivityManager(  343): Process com.android.smspush (pid 1654) has died.
W/ActivityManager(  343): Scheduling restart of crashed service com.android.smspush/.WapPushManager in 5000ms
I/ActivityManager(  343): Start proc com.android.smspush for service com.android.smspush/.WapPushManager: pid=1670 uid=10045 gids={1028}
E/Trace   ( 1281): error opening trace file: No such file or directory (2)
W/Resources( 1200): Converting to int: TypedValue{t=0x3/d=0x15 "2" a=-1}
W/Resources( 1200): Converting to int: TypedValue{t=0x3/d=0x15 "2" a=-1}
I/ActivityManager(  343): Process com.android.smspush (pid 1670) has died.
W/ActivityManager(  343): Scheduling restart of crashed service com.android.smspush/.WapPushManager in 5000ms
I/ActivityManager(  343): Start proc com.android.smspush for service com.android.smspush/.WapPushManager: pid=1689 uid=10045 gids={1028}
I/ActivityManager(  343): Start proc com.android.providers.calendar for broadcast com.android.providers.calendar/.CalendarReceiver: pid=1294 uid=10009 gids={3003, 1015, 1028}
I/ActivityManager(  343): Process com.android.exchange (pid 1639) has died.
W/ActivityManager(  343): Scheduling restart of crashed service com.android.exchange/.ExchangeService in 5000ms
I/ActivityManager(  343): Start proc android.process.media for service com.android.providers.downloads/.DownloadService: pid=1304 uid=10015 gids={1015, 1023, 1024, 1028, 2001, 3003, 3007}
I/ActivityManager(  343): Process com.cyanogenmod.trebuchet (pid 1200) has died.
I/ActivityManager(  343): Start proc com.cyanogenmod.trebuchet for activity com.cyanogenmod.trebuchet/.Launcher: pid=1321 uid=10040 gids={1028}
E/Trace   ( 1294): error opening trace file: No such file or directory (2)
E/Trace   ( 1304): error opening trace file: No such file or directory (2)
I/ActivityManager(  343): Process com.android.smspush (pid 1689) has died.
W/ActivityManager(  343): Scheduling restart of crashed service com.android.smspush/.WapPushManager in 40031ms
I/ActivityManager(  343): Start proc com.android.smspush for service com.android.smspush/.WapPushManager: pid=1704 uid=10045 gids={1028}
E/Trace   ( 1321): error opening trace file: No such file or directory (2)
I/ActivityManager(  343): Process com.android.smspush (pid 1281) has died.
W/ActivityManager(  343): Scheduling restart of crashed service com.android.smspush/.WapPushManager in 23188ms
I/ActivityThread( 1294): Pub com.android.calendar: com.android.providers.calendar.CalendarProvider2
I/ActivityManager(  343): Start proc com.android.exchange for broadcast com.android.exchange/.service.ExchangeBroadcastReceiver: pid=1717 uid=10017 gids={3003, 1015, 1028}
I/ActivityThread( 1304): Pub media: com.android.providers.media.MediaProvider
I/ActivityManager(  343): Process com.android.smspush (pid 1704) has died.
W/ActivityManager(  343): Scheduling restart of crashed service com.android.smspush/.WapPushManager in 39660ms
I/ActivityManager(  343): Start proc com.android.smspush for service com.android.smspush/.WapPushManager: pid=1336 uid=10045 gids={1028}
E/Trace   ( 1336): error opening trace file: No such file or directory (2)
I/ActivityThread( 1321): Pub com.cyanogenmod.trebuchet.settings: com.cyanogenmod.trebuchet.LauncherProvider
D/AlarmManagerService(  343): Kernel timezone updated to 240 minutes west of GMT
D/AlarmManagerService(  343): Kernel timezone updated to 240 minutes west of GMT
D/SystemClock(  530): Setting time of day to sec=1351051827
I/CalendarDatabaseHelper( 1294): Bootstrapping database
E/Trace   ( 1351): error opening trace file: No such file or directory (2)
I/ActivityThread( 1304): Pub downloads: com.android.providers.downloads.DownloadProvider
E/Trace   ( 1365): error opening trace file: No such file or directory (2)
V/OtaStartupReceiver(  530): onOtaspChanged: mOtaspMode=3
I/ActivityThread( 1365): Pub com.cyanogenmod.trebuchet.settings: com.cyanogenmod.trebuchet.LauncherProvider
D/dalvikvm(  134): GC_EXPLICIT freed 36K, 74% free 2157K/8195K, paused 3ms+12ms, total 66ms
D/dalvikvm(  530): GC_EXPLICIT freed 908K, 70% free 2535K/8195K, paused 167ms+57ms, total 675ms
D/dalvikvm(  134): GC_EXPLICIT freed <1K, 74% free 2157K/8195K, paused 3ms+8ms, total 50ms
D/dalvikvm(  134): GC_EXPLICIT freed <1K, 74% free 2157K/8195K, paused 4ms+2ms, total 48ms
D/AlarmManagerService(  343): Kernel timezone updated to 240 minutes west of GMT
E/Trace   ( 1383): error opening trace file: No such file or directory (2)
E/Trace   ( 1395): error opening trace file: No such file or directory (2)
I/ActivityThread( 1395): Pub com.android.deskclock: com.android.deskclock.AlarmProvider
I/ActivityThread( 1395): Pub com.android.deskclock.timers: com.android.deskclock.TimersProvider
E/Trace   ( 1416): error opening trace file: No such file or directory (2)
D/SystemClock(  530): Setting time of day to sec=1351051831
E/Trace   ( 1433): error opening trace file: No such file or directory (2)
W/ResourceType( 1365): Attempt to retrieve bag 0x7f0d0017 which is invalid or in a cycle.
W/ResourceType( 1365): Attempt to retrieve bag 0x7f0d0017 which is invalid or in a cycle.
W/ResourceType( 1365): Attempt to retrieve bag 0x7f0d0017 which is invalid or in a cycle.
W/ResourceType( 1365): Attempt to retrieve bag 0x7f0d0017 which is invalid or in a cycle.
W/ResourceType( 1365): Attempt to retrieve bag 0x7f0d0017 which is invalid or in a cycle.
V/AlarmClock( 1395): AlarmInitReceiver finished
D/dalvikvm(  530): GC_EXPLICIT freed 310K, 69% free 2592K/8195K, paused 63ms+3ms, total 412ms
E/Trace   ( 1457): error opening trace file: No such file or directory (2)
E/Trace   ( 1446): error opening trace file: No such file or directory (2)
E/Trace   ( 1474): error opening trace file: No such file or directory (2)
I/ActivityThread( 1446): Pub media: com.android.providers.media.MediaProvider
I/ActivityThread( 1474): Pub com.cyanogenmod.trebuchet.settings: com.cyanogenmod.trebuchet.LauncherProvider
E/Trace   ( 1488): error opening trace file: No such file or directory (2)
E/Trace   ( 1502): error opening trace file: No such file or directory (2)
E/Trace   ( 1518): error opening trace file: No such file or directory (2)
I/ActivityThread( 1446): Pub downloads: com.android.providers.downloads.DownloadProvider
E/Trace   ( 1536): error opening trace file: No such file or directory (2)
I/ActivityThread( 1446): Pub drm: com.android.providers.drm.DrmProvider
I/DownloadManager( 1446): in removeSpuriousFiles
D/dalvikvm(  134): GC_EXPLICIT freed 36K, 74% free 2157K/8195K, paused 3ms+4ms, total 94ms
D/dalvikvm(  134): GC_EXPLICIT freed <1K, 74% free 2157K/8195K, paused 2ms+2ms, total 21ms
D/dalvikvm(  134): GC_EXPLICIT freed <1K, 74% free 2157K/8195K, paused 3ms+2ms, total 40ms
D/dalvikvm(  343): GC_EXPLICIT freed 948K, 38% free 5427K/8711K, paused 43ms+11ms, total 347ms
E/Trace   ( 1553): error opening trace file: No such file or directory (2)
E/Trace   ( 1566): error opening trace file: No such file or directory (2)
E/Trace   ( 1580): error opening trace file: No such file or directory (2)
E/Trace   ( 1593): error opening trace file: No such file or directory (2)
I/ActivityThread( 1580): Pub com.cyanogenmod.trebuchet.settings: com.cyanogenmod.trebuchet.LauncherProvider
I/HeadsetService( 1593): Starting service.
I/ActivityThread( 1566): Pub com.android.email.provider;com.android.email.notifier: com.android.email.provider.EmailProvider
E/Trace   ( 1607): error opening trace file: No such file or directory (2)
I/ActivityThread( 1566): Pub com.android.email.attachmentprovider: com.android.email.provider.AttachmentProvider
E/Trace   ( 1626): error opening trace file: No such file or directory (2)
E/Trace   ( 1639): error opening trace file: No such file or directory (2)
I/ActivityThread( 1639): Pub com.android.exchange.directory.provider: com.android.exchange.provider.ExchangeDirectoryProvider
E/Trace   ( 1654): error opening trace file: No such file or directory (2)
E/Trace   ( 1670): error opening trace file: No such file or directory (2)
D/ExchangeService( 1639): !!! EAS ExchangeService, onCreate
D/ExchangeService( 1639): !!! EAS ExchangeService, onStartCommand, startingUp = false, running = false
E/Trace   ( 1689): error opening trace file: No such file or directory (2)
W/ResourceType( 1580): Attempt to retrieve bag 0x7f0d0017 which is invalid or in a cycle.
W/ResourceType( 1580): Attempt to retrieve bag 0x7f0d0017 which is invalid or in a cycle.
W/ResourceType( 1580): Attempt to retrieve bag 0x7f0d0017 which is invalid or in a cycle.
W/ResourceType( 1580): Attempt to retrieve bag 0x7f0d0017 which is invalid or in a cycle.
W/ResourceType( 1580): Attempt to retrieve bag 0x7f0d0017 which is invalid or in a cycle.
W/Resources( 1580): Converting to int: TypedValue{t=0x3/d=0x12 "4" a=-1}
W/Resources( 1580): Converting to int: TypedValue{t=0x3/d=0xf "1" a=-1}
E/Trace   ( 1704): error opening trace file: No such file or directory (2)
W/Resources( 1580): Converting to int: TypedValue{t=0x3/d=0x15 "2" a=-1}
W/Resources( 1580): Converting to int: TypedValue{t=0x3/d=0x15 "2" a=-1}
D/dalvikvm(  134): GC_EXPLICIT freed 36K, 74% free 2157K/8195K, paused 9ms+9ms, total 120ms
D/CAT     (  530): CatService: SIM ready. Reporting STK service running now...
D/dalvikvm(  134): GC_EXPLICIT freed <1K, 74% free 2157K/8195K, paused 2ms+19ms, total 46ms
D/dalvikvm(  134): GC_EXPLICIT freed <1K, 74% free 2157K/8195K, paused 6ms+2ms, total 27ms
I/ActivityManager(  343): Start proc com.android.smspush for service com.android.smspush/.WapPushManager: pid=1731 uid=10045 gids={1028}
E/Trace   ( 1731): error opening trace file: No such file or directory (2)
E/Trace   ( 1717): error opening trace file: No such file or directory (2)
I/ActivityManager(  343): Process com.android.smspush (pid 1731) has died.
W/ActivityManager(  343): Scheduling restart of crashed service com.android.smspush/.WapPushManager in 38987ms
I/ActivityManager(  343): Start proc com.android.smspush for service com.android.smspush/.WapPushManager: pid=1747 uid=10045 gids={1028}
I/ActivityThread( 1717): Pub com.android.exchange.directory.provider: com.android.exchange.provider.ExchangeDirectoryProvider
W/InputDispatcher(  343): channel '40f36cc8 com.cyanogenmod.trebuchet/com.cyanogenmod.trebuchet.Launcher (server)' ~ Consumer closed input channel or an error occurred.  events=0x9
E/InputDispatcher(  343): channel '40f36cc8 com.cyanogenmod.trebuchet/com.cyanogenmod.trebuchet.Launcher (server)' ~ Channel is unrecoverably broken and will be disposed!
I/WindowState(  343): WIN DEATH: Window{40f36cc8 com.cyanogenmod.trebuchet/com.cyanogenmod.trebuchet.Launcher paused=false}
W/InputDispatcher(  343): Attempted to unregister already unregistered input channel '40f36cc8 com.cyanogenmod.trebuchet/com.cyanogenmod.trebuchet.Launcher (server)'
I/ActivityManager(  343): Process com.cyanogenmod.trebuchet (pid 1580) has died.
I/WindowManager(  343): WINDOW DIED Window{40f36cc8 com.cyanogenmod.trebuchet/com.cyanogenmod.trebuchet.Launcher paused=false}
I/ActivityManager(  343): Start proc com.cyanogenmod.trebuchet for activity com.cyanogenmod.trebuchet/.Launcher: pid=1762 uid=10040 gids={1028}
E/Trace   ( 1747): error opening trace file: No such file or directory (2)
E/Trace   ( 1762): error opening trace file: No such file or directory (2)
I/ActivityManager(  343): Start proc com.android.gallery3d for broadcast com.android.gallery3d/com.android.camera.DisableCameraReceiver: pid=1777 uid=10019 gids={1006, 3003, 1015, 1028}
E/Trace   ( 1777): error opening trace file: No such file or directory (2)
I/ActivityManager(  343): Process com.android.exchange (pid 1717) has died.
W/ActivityManager(  343): Scheduling restart of crashed service com.android.exchange/.service.ExchangeBroadcastProcessorService in 37717ms
I/ActivityThread( 1762): Pub com.cyanogenmod.trebuchet.settings: com.cyanogenmod.trebuchet.LauncherProvider
I/ActivityManager(  343): Process com.android.smspush (pid 1747) has died.
W/ActivityManager(  343): Scheduling restart of crashed service com.android.smspush/.WapPushManager in 84993ms
I/ActivityManager(  343): Start proc com.android.smspush for service com.android.smspush/.WapPushManager: pid=1792 uid=10045 gids={1028}
E/Trace   ( 1792): error opening trace file: No such file or directory (2)
I/ActivityThread( 1777): Pub com.android.gallery3d.provider: com.android.gallery3d.provider.GalleryProvider
I/ActivityManager(  343): Start proc com.cyanogenmod.trebuchet for activity com.cyanogenmod.trebuchet/.Launcher: pid=1365 uid=10040 gids={1028}
I/ActivityManager(  343): Process com.android.smspush (pid 1792) has died.
W/ActivityManager(  343): Scheduling restart of crashed service com.android.smspush/.WapPushManager in 84651ms
I/ActivityManager(  343): Start proc com.android.smspush for service com.android.smspush/.WapPushManager: pid=1807 uid=10045 gids={1028}
E/Trace   ( 1807): error opening trace file: No such file or directory (2)
I/DisableCameraReceiver( 1777): number of camera: 0
I/DisableCameraReceiver( 1777): No sensors detected and so, disable all camera activities/CameraLauncher
I/ActivityManager(  343): Process com.android.smspush (pid 1807) has died.
W/ActivityManager(  343): Scheduling restart of crashed service com.android.smspush/.WapPushManager in 84382ms
I/ActivityManager(  343): Start proc com.android.smspush for service com.android.smspush/.WapPushManager: pid=1823 uid=10045 gids={1028}
E/Trace   ( 1823): error opening trace file: No such file or directory (2)
E/rmt_storage(  140): [MyTag]open: fd=-1
E/rmt_storage(  140): block rmt_storage client thread
I/ActivityManager(  343): Start proc android.process.media for broadcast com.android.providers.media/.MediaScannerReceiver: pid=1836 uid=10015 gids={1015, 1023, 1024, 1028, 2001, 3003, 3007}
I/ActivityManager(  343): Process com.android.smspush (pid 1823) has died.
W/ActivityManager(  343): Scheduling restart of crashed service com.android.smspush/.WapPushManager in 83440ms
I/ActivityManager(  343): Start proc com.android.smspush for service com.android.smspush/.WapPushManager: pid=1848 uid=10045 gids={1028}
I/ActivityManager(  343): Process com.android.gallery3d (pid 1777) has died.
E/Trace   ( 1848): error opening trace file: No such file or directory (2)
E/Trace   ( 1836): error opening trace file: No such file or directory (2)
I/ActivityManager(  343): Process com.android.smspush (pid 1848) has died.
W/ActivityManager(  343): Scheduling restart of crashed service com.android.smspush/.WapPushManager in 83034ms
I/ActivityThread( 1836): Pub media: com.android.providers.media.MediaProvider
I/ActivityManager(  343): Start proc com.android.smspush for service com.android.smspush/.WapPushManager: pid=1865 uid=10045 gids={1028}
I/ActivityManager(  343): Start proc com.android.exchange for service com.android.exchange/.ExchangeService: pid=1875 uid=10017 gids={3003, 1015, 1028}
E/Trace   ( 1865): error opening trace file: No such file or directory (2)
D/dalvikvm(  134): GC_EXPLICIT freed 36K, 74% free 2157K/8195K, paused 22ms+6ms, total 123ms
D/dalvikvm(  134): GC_EXPLICIT freed <1K, 74% free 2157K/8195K, paused 2ms+2ms, total 34ms
E/Trace   ( 1875): error opening trace file: No such file or directory (2)
D/dalvikvm(  134): GC_EXPLICIT freed <1K, 74% free 2157K/8195K, paused 2ms+15ms, total 45ms
I/ActivityManager(  343): Process com.cyanogenmod.trebuchet (pid 1762) has died.
I/ActivityManager(  343): Start proc com.cyanogenmod.trebuchet for activity com.cyanogenmod.trebuchet/.Launcher: pid=1892 uid=10040 gids={1028}
I/ActivityThread( 1875): Pub com.android.exchange.directory.provider: com.android.exchange.provider.ExchangeDirectoryProvider
I/ActivityManager(  343): Process com.android.smspush (pid 1865) has died.
W/ActivityManager(  343): Scheduling restart of crashed service com.android.smspush/.WapPushManager in 82318ms
E/Trace   ( 1892): error opening trace file: No such file or directory (2)
I/ActivityManager(  343): Start proc com.android.smspush for service com.android.smspush/.WapPushManager: pid=1906 uid=10045 gids={1028}
