W/ActivityManager(  351): Scheduling restart of crashed service com.android.smspush/.WapPushManager in 5000ms
I/ActivityManager(  351): Start proc com.android.smspush for service com.android.smspush/.WapPushManager: pid=695 uid=10040 gids={1028}
D/PowerManagerService(  351): bootCompleted
V/DevicePolicyManagerService(  351): Sending password expiration notifications for action android.intent.action.BOOT_COMPLETED
D/VoldCmdListener(  131): volume mount /mnt/sdcard
I/Vold    (  131): /dev/block/vold/179:33 being considered for volume sdcard
D/Vold    (  131): Volume sdcard state changing 1 (Idle-Unmounted) -> 3 (Checking)
V/OtaStartupReceiver(  533): onOtaspChanged: mOtaspMode=1
D/MountService(  351): volume state changed for /mnt/sdcard (unmounted -> checking)
E/Trace   (  695): error opening trace file: No such file or directory (2)
E/Trace   (  681): error opening trace file: No such file or directory (2)
I/ActivityManager(  351): Start proc com.android.contacts for broadcast com.android.contacts/.calllog.CallLogReceiver: pid=710 uid=10005 gids={3003, 1015, 1028}
I/ActivityThread(  665): Pub downloads: com.android.providers.downloads.DownloadProvider
I/StorageNotification(  429): Media {/mnt/sdcard} state changed from {unmounted} -> {checking} (primary = true)
D/MountService(  351): sendStorageIntent Intent { act=android.intent.action.MEDIA_CHECKING dat=file:///mnt/sdcard (has extras) }
E/Trace   (  710): error opening trace file: No such file or directory (2)
V/WiredAccessoryObserver(  351): init()
D/PhoneStatusBar(  429): addNotification score=0
I//system/bin/fsck_msdos(  131): ** /dev/block/vold/179:33
I//system/bin/fsck_msdos(  131): ** Phase 1 - Read FAT (compare skipped)
I//system/bin/fsck_msdos(  131): Attempting to allocate 5519 KB for FAT
I/ActivityThread(  665): Pub drm: com.android.providers.drm.DrmProvider
I/DownloadManager(  665): in removeSpuriousFiles
I/ActivityThread(  681): Pub com.cyanogenmod.trebuchet.settings: com.cyanogenmod.trebuchet.LauncherProvider
W/WVMExtractor(  138): Failed to open libwvm.so
I/ActivityManager(  351): Start proc com.bel.android.dspmanager for broadcast com.bel.android.dspmanager/.receiver.BootCompletedReceiver: pid=745 uid=10020 gids={3002, 1028}
E/Trace   (  745): error opening trace file: No such file or directory (2)
D/MtpService(  665): starting MTP server in MTP mode
W/WVMExtractor(  138): Failed to open libwvm.so
W/WVMExtractor(  138): Failed to open libwvm.so
I/HeadsetService(  745): Starting service.
I/ActivityManager(  351): Start proc com.cyanogenmod.updater for broadcast com.cyanogenmod.updater/.receiver.UpdateCheckReceiver: pid=770 uid=10000 gids={3003, 1015, 2001, 1028}
D/SizeAdaptiveLayout(  429): com.android.internal.widget.SizeAdaptiveLayout@4106aa98child view android.widget.FrameLayout@4106c6b8 measured out of bounds at 95px clamped to 96px
I/RecoverySystem(  351): No recovery log file
W/WVMExtractor(  138): Failed to open libwvm.so
I/BootReceiver(  351): Copying /proc/last_kmsg to DropBox (SYSTEM_LAST_KMSG)
I/Adreno200-EGLSUB(  135): <CreateImage:896>: Android Image
I/Adreno200-EGLSUB(  135): <GetImageAttributes:1105>: RGBA_8888
D/dalvikvm(  351): GC_FOR_ALLOC freed 1020K, 29% free 5880K/8195K, paused 305ms, total 312ms
W/WVMExtractor(  138): Failed to open libwvm.so
D/dalvikvm(  351): GC_FOR_ALLOC freed 160K, 30% free 6048K/8519K, paused 118ms, total 118ms
E/Trace   (  770): error opening trace file: No such file or directory (2)
D/dalvikvm(  351): GC_FOR_ALLOC freed 270K, 33% free 5906K/8711K, paused 49ms, total 49ms
D/dalvikvm(  351): GC_FOR_ALLOC freed 449K, 33% free 5842K/8711K, paused 38ms, total 38ms
I/UpdateCheckReceiver(  770): Scheduling future, repeating update checks.
I/ActivityManager(  351): Process android.process.acore (pid 614) has died.
I/ActivityManager(  351): Start proc com.android.exchange for broadcast com.android.exchange/.service.ExchangeBroadcastReceiver: pid=807 uid=10001 gids={3003, 1015, 1028}
I/ActivityManager(  351): Start proc com.cyanogenmod.updater.updater.service.UpdateCheckService for service com.cyanogenmod.updater/.service.UpdateCheckService: pid=814 uid=10000 gids={3003, 1015, 2001, 1028}
I/ActivityManager(  351): Start proc android.process.acore for content provider com.android.providers.contacts/.CallLogProvider: pid=822 uid=10005 gids={3003, 1015, 1028}
I/ActivityManager(  351): Process com.cyanogenmod.updater (pid 770) has died.
E/Trace   (  807): error opening trace file: No such file or directory (2)
E/Trace   (  814): error opening trace file: No such file or directory (2)
E/Trace   (  822): error opening trace file: No such file or directory (2)
E/InputManager-JNI(  351): An exception was thrown by callback 'interceptKeyBeforeQueueing'.
E/InputManager-JNI(  351): java.lang.NullPointerException
E/InputManager-JNI(  351): 	at com.android.internal.policy.impl.PhoneWindowManager.interceptKeyBeforeQueueing(PhoneWindowManager.java:3856)
E/InputManager-JNI(  351): 	at com.android.server.wm.InputMonitor.interceptKeyBeforeQueueing(InputMonitor.java:290)
E/InputManager-JNI(  351): 	at com.android.server.input.InputManagerService.interceptKeyBeforeQueueing(InputManagerService.java:1271)
E/InputManager-JNI(  351): 	at dalvik.system.NativeStart.run(Native Method)
I/ActivityThread(  822): Pub com.android.voicemail: com.android.providers.contacts.VoicemailContentProvider
E/InputManager-JNI(  351): An exception was thrown by callback 'interceptKeyBeforeQueueing'.
E/InputManager-JNI(  351): java.lang.NullPointerException
E/InputManager-JNI(  351): 	at com.android.internal.policy.impl.PhoneWindowManager.interceptKeyBeforeQueueing(PhoneWindowManager.java:3856)
E/InputManager-JNI(  351): 	at com.android.server.wm.InputMonitor.interceptKeyBeforeQueueing(InputMonitor.java:290)
E/InputManager-JNI(  351): 	at com.android.server.input.InputManagerService.interceptKeyBeforeQueueing(InputManagerService.java:1271)
E/InputManager-JNI(  351): 	at dalvik.system.NativeStart.run(Native Method)
I/ActivityThread(  822): Pub applications: com.android.providers.applications.ApplicationsProvider
I/UpdateCheckService(  814): Checking for updates...
I/UpdateCheckService(  814): Could not check for updates. Not connected to the network.
I/ActivityThread(  822): Pub contacts;com.android.contacts: com.android.providers.contacts.ContactsProvider2
I/ActivityThread(  807): Pub com.android.exchange.directory.provider: com.android.exchange.provider.ExchangeDirectoryProvider
W/ResourceType(  681): Attempt to retrieve bag 0x7f0d0017 which is invalid or in a cycle.
W/ResourceType(  681): Attempt to retrieve bag 0x7f0d0017 which is invalid or in a cycle.
W/ResourceType(  681): Attempt to retrieve bag 0x7f0d0017 which is invalid or in a cycle.
W/ResourceType(  681): Attempt to retrieve bag 0x7f0d0017 which is invalid or in a cycle.
W/ResourceType(  681): Attempt to retrieve bag 0x7f0d0017 which is invalid or in a cycle.
I/ActivityManager(  351): Start proc com.android.mms for broadcast com.android.mms/.transaction.MmsSystemEventReceiver: pid=854 uid=10004 gids={3003, 1015, 1028}
D/ExchangeService(  807): !!! EAS ExchangeService, onStartCommand, startingUp = false, running = false
I/ActivityThread(  822): Pub call_log: com.android.providers.contacts.CallLogProvider
I/ActivityThread(  822): Pub user_dictionary: com.android.providers.userdictionary.UserDictionaryProvider
I/Adreno200-EGLSUB(  135): <CreateImage:896>: Android Image
I/Adreno200-EGLSUB(  135): <GetImageAttributes:1105>: RGBA_8888
I/Adreno200-EGLSUB(  135): <CreateImage:896>: Android Image
I/Adreno200-EGLSUB(  135): <GetImageAttributes:1105>: RGBA_8888
E/Trace   (  854): error opening trace file: No such file or directory (2)
D/PhoneStatusBar(  429): disable: < expand icons alerts ticker system_info BACK HOME recent* CLOCK >
D/AudioHardwareMSM7X30(  138): value of device and enable is 6 1 ALSA dev id:8
D/AudioHardwareMSM7X30(  138): msm_route_stream(PCM_PLAY,5,8,1)
I/ActivityThread(  854): Pub mms_temp_file: com.android.mms.TempFileProvider
I/ActivityManager(  351): Process android.process.media (pid 665) has died.
I/ActivityThread(  854): Pub com.android.mms.SuggestionsProvider: com.android.mms.SuggestionsProvider
I/ActivityThread(  854): Pub com.android.cm.mms: com.android.mms.templates.TemplatesProvider
W/ActivityManager(  351): Scheduling restart of crashed service com.android.providers.media/.MtpService in 21173ms
D/CountryDetector(  351): The first listener is added
D/PhoneStatusBar(  429): disable: < expand icons alerts ticker system_info back* home* recent clock* >
I/ActivityManager(  351): Start proc com.android.email for service com.android.email/.service.AccountService: pid=877 uid=10023 gids={3003, 1015, 1028}
I/ActivityManager(  351): Process android.process.acore (pid 822) has died.
D/libEGL  (  681): loaded /system/lib/egl/libEGL_adreno200.so
E/Trace   (  877): error opening trace file: No such file or directory (2)
I/ActivityThread(  710): Removing dead content provider: call_log
D/libEGL  (  681): loaded /system/lib/egl/libGLESv1_CM_adreno200.so
D/libEGL  (  681): loaded /system/lib/egl/libGLESv2_adreno200.so
V/MmsConfig(  854): mnc/mcc: 
V/MmsConfig(  854): tag: bool value: enabledMMS - true
V/MmsConfig(  854): tag: int value: maxMessageSize - 307200
V/MmsConfig(  854): tag: int value: maxImageHeight - 480
V/MmsConfig(  854): tag: int value: maxImageWidth - 640
V/MmsConfig(  854): tag: int value: defaultSMSMessagesPerThread - 500
V/MmsConfig(  854): tag: int value: defaultMMSMessagesPerThread - 50
V/MmsConfig(  854): tag: int value: minMessageCountPerThread - 10
V/MmsConfig(  854): tag: int value: maxMessageCountPerThread - 5000
V/MmsConfig(  854): tag: string value: uaProfUrl - http://www.google.com/oha/rdf/ua-profile-kila.xml
V/MmsConfig(  854): tag: int value: recipientLimit - -1
V/MmsConfig(  854): tag: bool value: enableMultipartSMS - true
V/MmsConfig(  854): tag: bool value: enableSplitSMS - false
V/MmsConfig(  854): tag: int value: smsToMmsTextThreshold - -1
V/MmsConfig(  854): tag: bool value: enableSlideDuration - true
V/MmsConfig(  854): tag: int value: maxMessageTextSize - -1
V/MmsConfig(  854): tag: bool value: enableSprintVVM - false
I/ActivityManager(  351): Start proc android.process.acore for content provider com.android.providers.contacts/.CallLogProvider: pid=893 uid=10005 gids={3003, 1015, 1028}
D/dalvikvm(  136): GC_EXPLICIT freed 37K, 74% free 2157K/8195K, paused 9ms+3ms, total 52ms
D/dalvikvm(  136): GC_EXPLICIT freed <1K, 74% free 2157K/8195K, paused 2ms+10ms, total 45ms
D/dalvikvm(  136): GC_EXPLICIT freed <1K, 74% free 2157K/8195K, paused 3ms+2ms, total 42ms
I/Adreno200-EGLSUB(  681): <ConfigWindowMatch:2081>: Format RGBA_8888.
I/ActivityManager(  351): Process com.bel.android.dspmanager (pid 745) has died.
W/ActivityManager(  351): Scheduling restart of crashed service com.bel.android.dspmanager/.service.HeadsetService in 30057ms
E/Trace   (  893): error opening trace file: No such file or directory (2)
D/OpenGLRenderer(  681): Enabling debug mode 0
I/ActivityThread(  893): Pub com.android.voicemail: com.android.providers.contacts.VoicemailContentProvider
I/ActivityThread(  893): Pub applications: com.android.providers.applications.ApplicationsProvider
I/ActivityThread(  877): Pub com.android.email.provider;com.android.email.notifier: com.android.email.provider.EmailProvider
I/ActivityManager(  351): Process com.android.contacts (pid 710) has died.
W/ActivityManager(  351): Scheduling restart of crashed service com.android.contacts/.calllog.CallLogNotificationsService in 39440ms
I/ActivityManager(  351): Process com.android.exchange (pid 807) has died.
I/ActivityThread(  877): Pub com.android.email.attachmentprovider: com.android.email.provider.AttachmentProvider
W/ActivityManager(  351): Scheduling restart of crashed service com.android.exchange/.ExchangeService in 39418ms
I/ActivityThread(  893): Pub contacts;com.android.contacts: com.android.providers.contacts.ContactsProvider2
I/ActivityManager(  351): Process com.cyanogenmod.updater.updater.service.UpdateCheckService (pid 814) has died.
W/ActivityManager(  351): Scheduling restart of crashed service com.cyanogenmod.updater/.service.UpdateCheckService in 5000ms
I/ActivityManager(  351): Start proc com.android.inputmethod.latin for service com.android.inputmethod.latin/.LatinIME: pid=922 uid=10042 gids={1028}
I/Choreographer(  681): Skipped 34 frames!  The application may be doing too much work on its main thread.
I/ActivityManager(  351): Start proc com.android.exchange for service com.android.exchange/.ExchangeService: pid=930 uid=10001 gids={3003, 1015, 1028}
E/Trace   (  922): error opening trace file: No such file or directory (2)
D/dalvikvm(  351): GC_EXPLICIT freed 1005K, 37% free 5502K/8711K, paused 172ms+79ms, total 665ms
I/ActivityManager(  351): Start proc android.process.media for broadcast com.android.providers.media/.MediaScannerReceiver: pid=951 uid=10009 gids={1015, 1023, 1024, 1028, 2001, 3003, 3007}
E/Trace   (  930): error opening trace file: No such file or directory (2)
I/Adreno200-EGLSUB(  135): <CreateImage:896>: Android Image
I/Adreno200-EGLSUB(  135): <GetImageAttributes:1105>: RGBA_8888
E/Trace   (  951): error opening trace file: No such file or directory (2)
I/ActivityManager(  351): Process android.process.acore (pid 893) has died.
I/ActivityManager(  351): Start proc android.process.acore for restart android.process.acore: pid=965 uid=10005 gids={3003, 1015, 1028}
I/ActivityManager(  351): Displayed com.cyanogenmod.trebuchet/.Launcher: +19s171ms
I/ActivityThread(  951): Pub media: com.android.providers.media.MediaProvider
E/Trace   (  965): error opening trace file: No such file or directory (2)
I/ActivityThread(  930): Pub com.android.exchange.directory.provider: com.android.exchange.provider.ExchangeDirectoryProvider
D/AudioHardwareMSM7X30(  138): AudioStreamOutMSM7x30::standby()
D/AudioHardwareMSM7X30(  138): Deroute pcm out stream
E/AudioHardwareMSM7X30(  138): updateDeviceInfo: E rx_device 6 and tx_device 11
D/AudioHardwareMSM7X30(  138): No active voicecall/playback, disabling cur_rx 6
D/AudioHardwareMSM7X30(  138): value of device and enable is 6 0 ALSA dev id:8
D/AudioHardwareMSM7X30(  138): No active voicecall/recording, disabling cur_tx 11
D/AudioHardwareMSM7X30(  138): value of device and enable is 11 0 ALSA dev id:13
E/AudioHardwareMSM7X30(  138): updateDeviceInfo: X cur_rx 6 cur_tx 11
D/MmsSmsDatabaseHelper(  533): [MmsSmsDb] tableName: threads hasAutoIncrement: CREATE TABLE threads (_id INTEGER PRIMARY KEY AUTOINCREMENT,date INTEGER DEFAULT 0,message_count INTEGER DEFAULT 0,recipient_ids TEXT,snippet TEXT,snippet_cs INTEGER DEFAULT 0,read INTEGER DEFAULT 1,type INTEGER DEFAULT 0,error INTEGER DEFAULT 0,has_attachment INTEGER DEFAULT 0) result: true
I/ActivityManager(  351): Process com.android.email (pid 877) has died.
D/MmsSmsDatabaseHelper(  533): [MmsSmsDb] tableName: canonical_addresses hasAutoIncrement: CREATE TABLE canonical_addresses (_id INTEGER PRIMARY KEY AUTOINCREMENT,address TEXT) result: true
D/MmsSmsDatabaseHelper(  533): [getWritableDatabase] hasAutoIncrementThreads: true hasAutoIncrementAddresses: true
I/ActivityManager(  351): Process android.process.acore (pid 965) has died.
I//system/bin/fsck_msdos(  131): ** Phase 2 - Check Cluster Chains
I//system/bin/fsck_msdos(  131): ** Phase 3 - Checking Directories
I//system/bin/fsck_msdos(  131): ** Phase 4 - Checking for Lost Files
I//system/bin/fsck_msdos(  131): 68 files, 1816920 free (1275691 clusters)
I/Vold    (  131): Filesystem check completed OK
I/Vold    (  131): Device /dev/block/vold/179:33, target /mnt/sdcard mounted @ /mnt/secure/staging
D/Vold    (  131): Volume sdcard state changing 3 (Checking) -> 4 (Mounted)
D/CountryDetector(  351): No listener is left
I/ActivityManager(  351): Start proc android.process.acore for restart android.process.acore: pid=979 uid=10005 gids={3003, 1015, 1028}
E/VoldConnector(  351): NDC Command {3 volume mount /mnt/sdcard} took too long (8938ms)
I/ActivityManager(  351): Process com.android.mms (pid 854) has died.
D/MountService(  351): volume state changed for /mnt/sdcard (checking -> mounted)
W/ActivityManager(  351): Scheduling restart of crashed service com.android.mms/.transaction.SmsReceiverService in 37057ms
I/PackageManager(  351): Updating external media status from unmounted to mounted
I/ActivityManager(  351): Process com.android.smspush (pid 695) has died.
W/ActivityManager(  351): Scheduling restart of crashed service com.android.smspush/.WapPushManager in 37051ms
I/ActivityManager(  351): Start proc com.android.smspush for service com.android.smspush/.WapPushManager: pid=992 uid=10040 gids={1028}
D/MountService(  351): sendStorageIntent Intent { act=android.intent.action.MEDIA_MOUNTED dat=file:///mnt/sdcard (has extras) }
I/StorageNotification(  429): Media {/mnt/sdcard} state changed from {checking} -> {mounted} (primary = true)
D/VoldCmdListener(  131): asec list
E/Trace   (  979): error opening trace file: No such file or directory (2)
E/Trace   (  992): error opening trace file: No such file or directory (2)
D/ExchangeService(  930): !!! EAS ExchangeService, onStartCommand, startingUp = false, running = false
D/ExchangeService(  930): !!! EAS ExchangeService, onCreate
D/ExchangeService(  930): !!! EAS ExchangeService, onStartCommand, startingUp = true, running = false
I/ActivityManager(  351): Start proc com.android.email for service com.android.email/.service.AccountService: pid=1009 uid=10023 gids={3003, 1015, 1028}
W/SubtypeLocale(  922): KeyboardLayoutSet not found, use QWERTY: locale=hu_ZZ extraValue=AsciiCapable,SupportTouchPositionCorrection
W/ActivityManager(  351): Activity idle timeout for ActivityRecord{4115cb50 com.cyanogenmod.trebuchet/.Launcher}
I/ActivityThread(  979): Pub com.android.voicemail: com.android.providers.contacts.VoicemailContentProvider
E/Trace   ( 1009): error opening trace file: No such file or directory (2)
I/ActivityManager(  351): Process android.process.acore (pid 979) has died.
I/Choreographer(  681): Skipped 195 frames!  The application may be doing too much work on its main thread.
I/ActivityManager(  351): Start proc android.process.acore for restart android.process.acore: pid=1023 uid=10005 gids={3003, 1015, 1028}
E/Trace   ( 1023): error opening trace file: No such file or directory (2)
I/ActivityManager(  351): Process android.process.acore (pid 1023) has died.
I/ActivityManager(  351): Start proc android.process.acore for restart android.process.acore: pid=1037 uid=10005 gids={3003, 1015, 1028}
E/VoldConnector(  351): NDC Command {4 asec list} took too long (2176ms)
I/Adreno200-EGLSUB(  135): <CreateImage:896>: Android Image
I/Adreno200-EGLSUB(  135): <GetImageAttributes:1105>: RGBA_8888
I/PackageManager(  351): No secure containers on sdcard
E/Trace   ( 1037): error opening trace file: No such file or directory (2)
I/ActivityManager(  351): Process android.process.acore (pid 1037) has died.
W/PackageManager(  351): Unknown permission com.google.android.googleapps.permission.GOOGLE_AUTH.mail in package com.android.contacts
W/PackageManager(  351): Unknown permission android.permission.ADD_SYSTEM_SERVICE in package com.android.phone
W/PackageManager(  351): Unknown permission com.google.android.googleapps.permission.GOOGLE_AUTH in package com.android.providers.calendar
W/PackageManager(  351): Unknown permission com.google.android.googleapps.permission.GOOGLE_AUTH.cl in package com.android.providers.calendar
W/PackageManager(  351): Unknown permission com.google.android.googleapps.permission.GOOGLE_AUTH.mail in package com.android.calendar
W/PackageManager(  351): Not granting permission android.permission.SEND_DOWNLOAD_COMPLETED_INTENTS to package com.android.browser (protectionLevel=2 flags=0x9be45)
W/PackageManager(  351): Unknown permission com.google.android.googleapps.permission.GOOGLE_AUTH in package com.android.providers.contacts
W/PackageManager(  351): Unknown permission com.google.android.googleapps.permission.GOOGLE_AUTH.cp in package com.android.providers.contacts
W/PackageManager(  351): Unknown permission com.google.android.googleapps.permission.GOOGLE_AUTH in package com.android.settings
W/PackageManager(  351): Unknown permission android.permission.ACCESS_4G_RADIO_DISABLE in package com.android.systemui
W/PackageManager(  351): Unknown permission android.permission.ACCESS_4G_STATE in package com.android.systemui
W/PackageManager(  351): Unknown permission android.permission.CHANGE_4G_STATE in package com.android.systemui
W/PackageManager(  351): Unknown permission com.google.android.googleapps.permission.ACCESS_GOOGLE_PASSWORD in package com.android.development
W/PackageManager(  351): Unknown permission com.google.android.googleapps.permission.GOOGLE_AUTH in package com.android.development
W/PackageManager(  351): Unknown permission com.google.android.googleapps.permission.GOOGLE_AUTH.ALL_SERVICES in package com.android.development
W/PackageManager(  351): Unknown permission com.google.android.googleapps.permission.GOOGLE_AUTH.YouTubeUser in package com.android.development
W/PackageManager(  351): Not granting permission android.permission.DEVICE_POWER to package com.android.deskclock (protectionLevel=2 flags=0x8be45)
I/ActivityThread( 1009): Pub com.android.email.provider;com.android.email.notifier: com.android.email.provider.EmailProvider
I/ActivityThread(  951): Pub downloads: com.android.providers.downloads.DownloadProvider
I/ActivityThread( 1009): Pub com.android.email.attachmentprovider: com.android.email.provider.AttachmentProvider
I/Adreno200-EGLSUB(  135): <CreateImage:896>: Android Image
I/Adreno200-EGLSUB(  135): <GetImageAttributes:1105>: RGBA_8888
D/EmailProvider( 1009): fromDatabase accounts: 0
D/EmailProvider( 1009): ending toDatabase transaction; copyCount = 0
I/ActivityManager(  351): Start proc android.process.acore for restart android.process.acore: pid=1053 uid=10005 gids={3003, 1015, 1028}
I/ActivityManager(  351): Start proc com.cyanogenmod.updater.updater.service.UpdateCheckService for service com.cyanogenmod.updater/.service.UpdateCheckService: pid=1064 uid=10000 gids={3003, 1015, 2001, 1028}
E/Trace   ( 1053): error opening trace file: No such file or directory (2)
I/ActivityManager(  351): Process com.android.exchange (pid 930) has died.
D/dalvikvm(  136): GC_EXPLICIT freed 37K, 74% free 2157K/8195K, paused 5ms+10ms, total 152ms
W/ActivityManager(  351): Scheduling restart of crashed service com.android.exchange/.ExchangeService in 33765ms
D/dalvikvm(  136): GC_EXPLICIT freed <1K, 74% free 2157K/8195K, paused 2ms+10ms, total 67ms
E/Trace   ( 1064): error opening trace file: No such file or directory (2)
I/ActivityThread(  951): Pub drm: com.android.providers.drm.DrmProvider
D/dalvikvm(  136): GC_EXPLICIT freed <1K, 74% free 2157K/8195K, paused 8ms+7ms, total 66ms
I/DownloadManager(  951): in removeSpuriousFiles
I/ActivityManager(  351): Start proc com.android.exchange for service com.android.exchange/.ExchangeService: pid=1083 uid=10001 gids={3003, 1015, 1028}
I/ActivityManager(  351): Process android.process.acore (pid 1053) has died.
I/ActivityManager(  351): Start proc android.process.acore for restart android.process.acore: pid=1091 uid=10005 gids={3003, 1015, 1028}
W/InputAttributes(  922): No editor info for this field. Bug?
I/ActivityManager(  351): Start proc com.android.settings for broadcast com.android.settings/.cmstats.ReportingServiceManager: pid=1108 uid=1000 gids={1015, 3002, 3001, 3003, 1028}
E/Trace   ( 1091): error opening trace file: No such file or directory (2)
E/Trace   ( 1083): error opening trace file: No such file or directory (2)
E/ActivityThread(  922): Failed to find provider info for com.android.inputmethod.latin.dictionarypack
E/BinaryDictionaryGetter(  922): Could not find a dictionary pack
E/Trace   ( 1108): error opening trace file: No such file or directory (2)
I/ActivityManager(  351): Process com.android.email (pid 1009) has died.
I/ActivityThread( 1091): Pub com.android.voicemail: com.android.providers.contacts.VoicemailContentProvider
I/ActivityManager(  351): Process android.process.acore (pid 1091) has died.
I/ActivityManager(  351): Start proc android.process.acore for restart android.process.acore: pid=1129 uid=10005 gids={3003, 1015, 1028}
E/Trace   ( 1129): error opening trace file: No such file or directory (2)
I/ActivityThread( 1083): Pub com.android.exchange.directory.provider: com.android.exchange.provider.ExchangeDirectoryProvider
I/ActivityThread( 1129): Pub com.android.voicemail: com.android.providers.contacts.VoicemailContentProvider
W/ProcessStats(  351): Skipping unknown process pid 1125
I/ActivityManager(  351): Process android.process.media (pid 951) has died.
W/ActivityManager(  351): Scheduling restart of crashed service com.android.providers.media/.MediaScannerService in 32469ms
I/ActivityThread( 1129): Pub applications: com.android.providers.applications.ApplicationsProvider
D/ExchangeService( 1083): !!! EAS ExchangeService, onStartCommand, startingUp = false, running = false
I/ActivityManager(  351): Process com.android.exchange (pid 1083) has died.
W/ActivityManager(  351): Scheduling restart of crashed service com.android.exchange/.ExchangeService in 42347ms
I/ActivityManager(  351): Process com.cyanogenmod.updater.updater.service.UpdateCheckService (pid 1064) has died.
W/ActivityManager(  351): Scheduling restart of crashed service com.cyanogenmod.updater/.service.UpdateCheckService in 52135ms
I/ActivityThread( 1129): Pub contacts;com.android.contacts: com.android.providers.contacts.ContactsProvider2
I/ActivityThread( 1129): Pub call_log: com.android.providers.contacts.CallLogProvider
I/ActivityThread( 1129): Pub user_dictionary: com.android.providers.userdictionary.UserDictionaryProvider
I/BootReceiver( 1108): Restore disabled by user preference.
I/BootReceiver( 1108): Restore disabled by user preference.
D/BootReceiver( 1108): KSM settings restored.
I/ActivityManager(  351): Start proc com.android.voicedialer for broadcast com.android.voicedialer/.VoiceDialerReceiver: pid=1153 uid=10014 gids={3002, 1028}
I/ActivityManager(  351): Process com.android.settings (pid 1108) has died.
E/Trace   ( 1153): error opening trace file: No such file or directory (2)
I/ActivityManager(  351): Process android.process.acore (pid 1129) has died.
I/ActivityManager(  351): Start proc com.android.email for broadcast com.android.email/.service.EmailBroadcastReceiver: pid=1170 uid=10023 gids={3003, 1015, 1028}
I/ActivityManager(  351): Process com.android.voicedialer (pid 1153) has died.
E/Trace   ( 1170): error opening trace file: No such file or directory (2)
I/ActivityThread( 1170): Pub com.android.email.provider;com.android.email.notifier: com.android.email.provider.EmailProvider
I/ActivityThread( 1170): Pub com.android.email.attachmentprovider: com.android.email.provider.AttachmentProvider
I/ActivityManager(  351): Start proc com.android.exchange for service com.android.exchange/.ExchangeService: pid=1187 uid=10001 gids={3003, 1015, 1028}
I/ActivityManager(  351): Start proc com.android.providers.calendar for broadcast com.android.providers.calendar/.CalendarReceiver: pid=1200 uid=10024 gids={3003, 1015, 1028}
E/Trace   ( 1187): error opening trace file: No such file or directory (2)
I/ActivityManager(  351): Process com.android.inputmethod.latin (pid 922) has died.
W/ActivityManager(  351): Scheduling restart of crashed service com.android.inputmethod.latin/.LatinIME in 60903ms
E/Trace   ( 1200): error opening trace file: No such file or directory (2)
W/InputMethodManagerService(  351): Session failed to close due to remote exception
W/InputMethodManagerService(  351): android.os.DeadObjectException
W/InputMethodManagerService(  351): 	at android.os.BinderProxy.transact(Native Method)
W/InputMethodManagerService(  351): 	at com.android.internal.view.IInputMethodSession$Stub$Proxy.finishSession(IInputMethodSession.java:366)
W/InputMethodManagerService(  351): 	at com.android.server.InputMethodManagerService.finishSession(InputMethodManagerService.java:1192)
W/InputMethodManagerService(  351): 	at com.android.server.InputMethodManagerService.clearCurMethodLocked(InputMethodManagerService.java:1204)
W/InputMethodManagerService(  351): 	at com.android.server.InputMethodManagerService.onServiceDisconnected(InputMethodManagerService.java:1224)
W/InputMethodManagerService(  351): 	at android.app.LoadedApk$ServiceDispatcher.doDeath(LoadedApk.java:1102)
W/InputMethodManagerService(  351): 	at android.app.LoadedApk$ServiceDispatcher$RunConnection.run(LoadedApk.java:1116)
W/InputMethodManagerService(  351): 	at android.os.Handler.handleCallback(Handler.java:615)
W/InputMethodManagerService(  351): 	at android.os.Handler.dispatchMessage(Handler.java:92)
W/InputMethodManagerService(  351): 	at android.os.Looper.loop(Looper.java:137)
W/InputMethodManagerService(  351): 	at com.android.server.ServerThread.run(SystemServer.java:962)
W/InputMethodManagerService(  351): Session failed to close due to remote exception
W/InputMethodManagerService(  351): android.os.DeadObjectException
W/InputMethodManagerService(  351): 	at android.os.BinderProxy.transact(Native Method)
W/InputMethodManagerService(  351): 	at com.android.internal.view.IInputMethodSession$Stub$Proxy.finishSession(IInputMethodSession.java:366)
W/InputMethodManagerService(  351): 	at com.android.server.InputMethodManagerService.finishSession(InputMethodManagerService.java:1192)
W/InputMethodManagerService(  351): 	at com.android.server.InputMethodManagerService.clearCurMethodLocked(InputMethodManagerService.java:1208)
W/InputMethodManagerService(  351): 	at com.android.server.InputMethodManagerService.onServiceDisconnected(InputMethodManagerService.java:1224)
W/InputMethodManagerService(  351): 	at android.app.LoadedApk$ServiceDispatcher.doDeath(LoadedApk.java:1102)
W/InputMethodManagerService(  351): 	at android.app.LoadedApk$ServiceDispatcher$RunConnection.run(LoadedApk.java:1116)
W/InputMethodManagerService(  351): 	at android.os.Handler.handleCallback(Handler.java:615)
W/InputMethodManagerService(  351): 	at android.os.Handler.dispatchMessage(Handler.java:92)
W/InputMethodManagerService(  351): 	at android.os.Looper.loop(Looper.java:137)
W/InputMethodManagerService(  351): 	at com.android.server.ServerThread.run(SystemServer.java:962)
I/ActivityThread( 1187): Pub com.android.exchange.directory.provider: com.android.exchange.provider.ExchangeDirectoryProvider
D/EmailProvider( 1170): fromDatabase accounts: 0
I/ActivityThread( 1200): Pub com.android.calendar: com.android.providers.calendar.CalendarProvider2
I/ActivityManager(  351): Process com.android.email (pid 1170) has died.
W/ActivityManager(  351): Scheduling restart of crashed service com.android.email/.service.EmailBroadcastProcessorService in 70602ms
D/ExchangeService( 1187): !!! EAS ExchangeService, onStartCommand, startingUp = false, running = false
I/ActivityManager(  351): Start proc com.android.email for service com.android.email/.service.AccountService: pid=1217 uid=10023 gids={3003, 1015, 1028}
E/Trace   ( 1217): error opening trace file: No such file or directory (2)
I/ActivityThread( 1217): Pub com.android.email.provider;com.android.email.notifier: com.android.email.provider.EmailProvider
I/ActivityThread( 1217): Pub com.android.email.attachmentprovider: com.android.email.provider.AttachmentProvider
I/ActivityManager(  351): Process com.android.exchange (pid 1187) has died.
W/ActivityManager(  351): Scheduling restart of crashed service com.android.exchange/.ExchangeService in 80328ms
I/ActivityManager(  351): Start proc android.process.media for broadcast com.android.providers.downloads/.DownloadReceiver: pid=1239 uid=10009 gids={1015, 1023, 1024, 1028, 2001, 3003, 3007}
E/Trace   ( 1239): error opening trace file: No such file or directory (2)
I/ActivityThread( 1239): Pub media: com.android.providers.media.MediaProvider
I/ActivityManager(  351): Process com.android.email (pid 1217) has died.
I/ActivityManager(  351): Process com.android.providers.calendar (pid 1200) has died.
W/ActivityManager(  351): Scheduling restart of crashed service com.android.providers.calendar/.EmptyService in 89951ms
I/ActivityThread( 1239): Pub downloads: com.android.providers.downloads.DownloadProvider
I/ActivityThread( 1239): Pub drm: com.android.providers.drm.DrmProvider
I/DownloadManager( 1239): in removeSpuriousFiles
I/ActivityManager(  351): Start proc com.android.deskclock for broadcast com.android.deskclock/.AlarmInitReceiver: pid=1255 uid=10044 gids={1028}
D/dalvikvm(  136): GC_EXPLICIT freed 37K, 74% free 2157K/8195K, paused 12ms+3ms, total 96ms
E/Trace   ( 1255): error opening trace file: No such file or directory (2)
D/dalvikvm(  136): GC_EXPLICIT freed <1K, 74% free 2157K/8195K, paused 6ms+7ms, total 49ms
D/dalvikvm(  136): GC_EXPLICIT freed <1K, 74% free 2157K/8195K, paused 2ms+2ms, total 35ms
I/ActivityThread( 1255): Pub com.android.deskclock: com.android.deskclock.AlarmProvider
I/ActivityThread( 1255): Pub com.android.deskclock.timers: com.android.deskclock.TimersProvider
I/ActivityManager(  351): Process android.process.media (pid 1239) has died.
W/ActivityManager(  351): Scheduling restart of crashed service com.android.providers.downloads/.DownloadService in 99424ms
V/AlarmClock( 1255): AlarmInitReceiver finished
I/ActivityManager(  351): Start proc com.android.settings for broadcast com.android.settings/.widget.SettingsAppWidgetProvider: pid=1272 uid=1000 gids={1015, 3002, 3001, 3003, 1028}
E/Trace   ( 1272): error opening trace file: No such file or directory (2)
I/ActivityManager(  351): Process com.android.deskclock (pid 1255) has died.
D/LocalBluetoothProfileManager( 1272): LocalBluetoothProfileManager construction complete
I/ActivityManager(  351): Start proc com.android.deskclock for broadcast com.android.deskclock/com.android.alarmclock.AnalogAppWidgetProvider: pid=1286 uid=10044 gids={1028}
I/ActivityManager(  351): Process com.android.settings (pid 1272) has died.
E/Trace   ( 1286): error opening trace file: No such file or directory (2)
I/ActivityThread( 1286): Pub com.android.deskclock: com.android.deskclock.AlarmProvider
I/ActivityThread( 1286): Pub com.android.deskclock.timers: com.android.deskclock.TimersProvider
I/ActivityManager(  351): Start proc android.process.media for broadcast com.android.providers.media/.MediaScannerReceiver: pid=1299 uid=10009 gids={1015, 1023, 1024, 1028, 2001, 3003, 3007}
I/ActivityManager(  351): Process com.android.deskclock (pid 1286) has died.
E/Trace   ( 1299): error opening trace file: No such file or directory (2)
I/ActivityThread( 1299): Pub media: com.android.providers.media.MediaProvider
I/ActivityThread( 1299): Pub downloads: com.android.providers.downloads.DownloadProvider
I/ActivityThread( 1299): Pub drm: com.android.providers.drm.DrmProvider
I/DownloadManager( 1299): in removeSpuriousFiles
D/MediaScannerReceiver( 1299): action: android.intent.action.MEDIA_MOUNTED path: /mnt/sdcard
D/dalvikvm(  351): GC_EXPLICIT freed 815K, 37% free 5565K/8711K, paused 16ms+8ms, total 132ms
I/ActivityManager(  351): Start proc com.android.deskclock for broadcast com.android.deskclock/com.android.alarmclock.AnalogAppWidgetProvider: pid=1317 uid=10044 gids={1028}
E/Trace   ( 1317): error opening trace file: No such file or directory (2)
I/ActivityThread( 1317): Pub com.android.deskclock: com.android.deskclock.AlarmProvider
I/ActivityThread( 1317): Pub com.android.deskclock.timers: com.android.deskclock.TimersProvider
I/ActivityManager(  351): Process android.process.media (pid 1299) has died.
W/ActivityManager(  351): Scheduling restart of crashed service com.android.providers.media/.MediaScannerService in 27264ms
W/ActivityManager(  351): Scheduling restart of crashed service com.android.providers.downloads/.DownloadService in 97263ms
W/ActivityManager(  351): Permission denied: checkComponentPermission() owningUid=1000
W/BroadcastQueue(  351): Permission Denial: broadcasting Intent { act=android.appwidget.action.APPWIDGET_UPDATE_OPTIONS flg=0x10 cmp=com.android.settings/.widget.SettingsAppWidgetProvider (has extras) } from android (pid=681, uid=10010) is not exported from uid 1000 due to receiver com.android.settings/com.android.settings.widget.SettingsAppWidgetProvider
I/ActivityManager(  351): Start proc com.android.providers.calendar for broadcast com.android.providers.calendar/.CalendarProviderBroadcastReceiver: pid=1331 uid=10024 gids={3003, 1015, 1028}
E/Trace   ( 1331): error opening trace file: No such file or directory (2)
I/ActivityThread( 1331): Pub com.android.calendar: com.android.providers.calendar.CalendarProvider2
I/ActivityManager(  351): Process com.android.deskclock (pid 1317) has died.
I/CalendarProvider2( 1331): Sending notification intent: Intent { act=android.intent.action.PROVIDER_CHANGED dat=content://com.android.calendar }
W/ContentResolver( 1331): Failed to get type for: content://com.android.calendar (Unknown URL content://com.android.calendar)
I/ActivityManager(  351): Start proc com.android.calendar for broadcast com.android.calendar/.alerts.AlertReceiver: pid=1346 uid=10039 gids={3003, 1028}
E/Trace   ( 1346): error opening trace file: No such file or directory (2)
I/ActivityThread( 1346): Pub com.android.calendar.CalendarRecentSuggestionsProvider: com.android.calendar.CalendarRecentSuggestionsProvider
I/ActivityManager(  351): Process com.android.providers.calendar (pid 1331) has died.
D/AlertReceiver( 1346): onReceive: a=android.intent.action.PROVIDER_CHANGED Intent { act=android.intent.action.PROVIDER_CHANGED dat=content://com.android.calendar flg=0x10 cmp=com.android.calendar/.alerts.AlertReceiver }
D/AlertService( 1346): 0 Action = android.intent.action.PROVIDER_CHANGED
D/AlertService( 1346): Beginning updateAlertNotification
I/ActivityManager(  351): Start proc com.android.providers.calendar for content provider com.android.providers.calendar/.CalendarProvider2: pid=1365 uid=10024 gids={3003, 1015, 1028}
E/Trace   ( 1365): error opening trace file: No such file or directory (2)
I/ActivityThread( 1365): Pub com.android.calendar: com.android.providers.calendar.CalendarProvider2
I/ActivityManager(  351): Process com.android.providers.calendar (pid 1365) has died.
I/ActivityManager(  351): Start proc com.android.providers.calendar for restart com.android.providers.calendar: pid=1380 uid=10024 gids={3003, 1015, 1028}
E/Trace   ( 1380): error opening trace file: No such file or directory (2)
I/ActivityThread( 1380): Pub com.android.calendar: com.android.providers.calendar.CalendarProvider2
D/AlertService( 1346): No fired or scheduled alerts
I/CalendarProvider2( 1380): Sending notification intent: Intent { act=android.intent.action.PROVIDER_CHANGED dat=content://com.android.calendar }
W/ContentResolver( 1380): Failed to get type for: content://com.android.calendar (Unknown URL content://com.android.calendar)
D/AlertReceiver( 1346): onReceive: a=android.intent.action.PROVIDER_CHANGED Intent { act=android.intent.action.PROVIDER_CHANGED dat=content://com.android.calendar flg=0x10 cmp=com.android.calendar/.alerts.AlertReceiver }
D/AlertService( 1346): 0 Action = android.intent.action.PROVIDER_CHANGED
D/AlertService( 1346): Beginning updateAlertNotification
D/AlertService( 1346): No fired or scheduled alerts
I/ActivityManager(  351): Start proc android.process.media for service com.android.providers.media/.MtpService: pid=1402 uid=10009 gids={1015, 1023, 1024, 1028, 2001, 3003, 3007}
I/ActivityManager(  351): Process com.android.calendar (pid 1346) has died.
E/Trace   ( 1402): error opening trace file: No such file or directory (2)
I/ActivityThread( 1402): Pub media: com.android.providers.media.MediaProvider
I/ActivityThread( 1402): Pub downloads: com.android.providers.downloads.DownloadProvider
I/ActivityThread( 1402): Pub drm: com.android.providers.drm.DrmProvider
I/DownloadManager( 1402): in removeSpuriousFiles
D/MtpService( 1402): addStorageLocked 65537 /mnt/sdcard
D/MtpService( 1402): starting MTP server in MTP mode
D/MtpService( 1402): addStorageLocked 65537 /mnt/sdcard
I/ActivityManager(  351): Start proc com.bel.android.dspmanager for service com.bel.android.dspmanager/.service.HeadsetService: pid=1423 uid=10020 gids={3002, 1028}
E/Trace   ( 1423): error opening trace file: No such file or directory (2)
I/ActivityManager(  351): Process com.android.providers.calendar (pid 1380) has died.
I/HeadsetService( 1423): Starting service.
D/dalvikvm(  351): GC_EXPLICIT freed 244K, 37% free 5510K/8711K, paused 4ms+5ms, total 67ms
I/ActivityManager(  351): Process android.process.media (pid 1402) has died.
W/ActivityManager(  351): Scheduling restart of crashed service com.android.providers.media/.MtpService in 84692ms
D/CAT     (  533): CatService: SIM ready. Reporting STK service running now...
D/AlarmManagerService(  351): Kernel timezone updated to 300 minutes west of GMT
V/OtaStartupReceiver(  533): onOtaspChanged: mOtaspMode=3
I/ActivityManager(  351): Process com.bel.android.dspmanager (pid 1423) has died.
W/ActivityManager(  351): Scheduling restart of crashed service com.bel.android.dspmanager/.service.HeadsetService in 120228ms
I/ActivityManager(  351): Start proc com.android.calendar for broadcast com.android.calendar/.widget.CalendarAppWidgetService$CalendarFactory: pid=1442 uid=10039 gids={3003, 1028}
D/dalvikvm(  136): GC_EXPLICIT freed 38K, 74% free 2157K/8195K, paused 3ms+5ms, total 47ms
D/dalvikvm(  136): GC_EXPLICIT freed <1K, 74% free 2157K/8195K, paused 2ms+2ms, total 43ms
D/AlarmManagerService(  351): Kernel timezone updated to 300 minutes west of GMT
D/dalvikvm(  136): GC_EXPLICIT freed <1K, 74% free 2157K/8195K, paused 7ms+2ms, total 45ms
D/SystemClock(  533): Setting time of day to sec=1352215063
E/Trace   ( 1442): error opening trace file: No such file or directory (2)
D/AlarmManagerService(  351): Kernel timezone updated to 300 minutes west of GMT
I/ActivityThread( 1442): Pub com.android.calendar.CalendarRecentSuggestionsProvider: com.android.calendar.CalendarRecentSuggestionsProvider
I/ActivityManager(  351): Start proc com.android.deskclock for broadcast com.android.deskclock/.AlarmInitReceiver: pid=1459 uid=10044 gids={1028}
I/ActivityManager(  351): Start proc com.android.providers.calendar for content provider com.android.providers.calendar/.CalendarProvider2: pid=1467 uid=10024 gids={3003, 1015, 1028}
I/ActivityManager(  351): Process com.android.calendar (pid 1442) has died.
E/Trace   ( 1459): error opening trace file: No such file or directory (2)
E/Trace   ( 1467): error opening trace file: No such file or directory (2)
I/ActivityThread( 1467): Pub com.android.calendar: com.android.providers.calendar.CalendarProvider2
I/ActivityThread( 1459): Pub com.android.deskclock: com.android.deskclock.AlarmProvider
I/ActivityThread( 1459): Pub com.android.deskclock.timers: com.android.deskclock.TimersProvider
I/ActivityManager(  351): Process com.android.providers.calendar (pid 1467) has died.
I/ActivityManager(  351): Start proc com.android.providers.calendar for restart com.android.providers.calendar: pid=1487 uid=10024 gids={3003, 1015, 1028}
V/AlarmClock( 1459): AlarmInitReceiver finished
I/ActivityManager(  351): Start proc com.android.calendar for broadcast com.android.calendar/.widget.CalendarAppWidgetService$CalendarFactory: pid=1500 uid=10039 gids={3003, 1028}
E/Trace   ( 1487): error opening trace file: No such file or directory (2)
I/ActivityThread( 1487): Pub com.android.calendar: com.android.providers.calendar.CalendarProvider2
I/ActivityManager(  351): Process com.android.deskclock (pid 1459) has died.
E/Trace   ( 1500): error opening trace file: No such file or directory (2)
I/ActivityThread( 1500): Pub com.android.calendar.CalendarRecentSuggestionsProvider: com.android.calendar.CalendarRecentSuggestionsProvider
I/ActivityManager(  351): Start proc com.android.deskclock for broadcast com.android.deskclock/.AlarmInitReceiver: pid=1518 uid=10044 gids={1028}
E/Trace   ( 1518): error opening trace file: No such file or directory (2)
I/ActivityThread( 1518): Pub com.android.deskclock: com.android.deskclock.AlarmProvider
I/ActivityThread( 1518): Pub com.android.deskclock.timers: com.android.deskclock.TimersProvider
V/AlarmClock( 1518): AlarmInitReceiver finished
I/ActivityManager(  351): Process com.android.calendar (pid 1500) has died.
I/CalendarProvider2( 1487): Sending notification intent: Intent { act=android.intent.action.PROVIDER_CHANGED dat=content://com.android.calendar }
W/ContentResolver( 1487): Failed to get type for: content://com.android.calendar (Unknown URL content://com.android.calendar)
V/AlarmClock( 1518): AlarmInitReceiver finished
I/ActivityManager(  351): Start proc com.android.calendar for broadcast com.android.calendar/.alerts.AlertReceiver: pid=1533 uid=10039 gids={3003, 1028}
E/Trace   ( 1533): error opening trace file: No such file or directory (2)
I/ActivityThread( 1533): Pub com.android.calendar.CalendarRecentSuggestionsProvider: com.android.calendar.CalendarRecentSuggestionsProvider
D/AlertReceiver( 1533): onReceive: a=android.intent.action.PROVIDER_CHANGED Intent { act=android.intent.action.PROVIDER_CHANGED dat=content://com.android.calendar flg=0x10 cmp=com.android.calendar/.alerts.AlertReceiver }
D/AlertService( 1533): 0 Action = android.intent.action.PROVIDER_CHANGED
D/AlertService( 1533): Beginning updateAlertNotification
I/ActivityManager(  351): Process com.android.providers.calendar (pid 1487) has died.
I/ActivityManager(  351): Start proc com.android.providers.calendar for content provider com.android.providers.calendar/.CalendarProvider2: pid=1553 uid=10024 gids={3003, 1015, 1028}
E/Trace   ( 1553): error opening trace file: No such file or directory (2)
I/ActivityThread( 1553): Pub com.android.calendar: com.android.providers.calendar.CalendarProvider2
V/AlarmClock( 1518): AlarmInitReceiver finished
D/AlertService( 1533): No fired or scheduled alerts
I/ActivityManager(  351): Start proc android.process.media for service com.android.providers.media/.MediaScannerService: pid=1573 uid=10009 gids={1015, 1023, 1024, 1028, 2001, 3003, 3007}
E/Trace   ( 1573): error opening trace file: No such file or directory (2)
I/ActivityThread( 1573): Pub media: com.android.providers.media.MediaProvider
I/ActivityManager(  351): Process com.android.calendar (pid 1533) has died.
I/ActivityThread( 1573): Pub downloads: com.android.providers.downloads.DownloadProvider
I/ActivityThread( 1573): Pub drm: com.android.providers.drm.DrmProvider
I/DownloadManager( 1573): in removeSpuriousFiles
I/ActivityManager(  351): Process com.android.deskclock (pid 1518) has died.
D/dalvikvm(  351): GC_EXPLICIT freed 409K, 37% free 5570K/8711K, paused 11ms+5ms, total 75ms
I/CalendarProvider2( 1553): Sending notification intent: Intent { act=android.intent.action.PROVIDER_CHANGED dat=content://com.android.calendar }
W/ContentResolver( 1553): Failed to get type for: content://com.android.calendar (Unknown URL content://com.android.calendar)
I/ActivityManager(  351): Start proc com.android.calendar for broadcast com.android.calendar/.alerts.AlertReceiver: pid=1593 uid=10039 gids={3003, 1028}
E/Trace   ( 1593): error opening trace file: No such file or directory (2)
I/ActivityThread( 1593): Pub com.android.calendar.CalendarRecentSuggestionsProvider: com.android.calendar.CalendarRecentSuggestionsProvider
D/AlertReceiver( 1593): onReceive: a=android.intent.action.PROVIDER_CHANGED Intent { act=android.intent.action.PROVIDER_CHANGED dat=content://com.android.calendar flg=0x10 cmp=com.android.calendar/.alerts.AlertReceiver }
D/AlertService( 1593): 0 Action = android.intent.action.PROVIDER_CHANGED
I/ActivityManager(  351): Process com.android.providers.calendar (pid 1553) has died.
D/AlertService( 1593): Beginning updateAlertNotification
I/ActivityManager(  351): Start proc com.android.providers.calendar for content provider com.android.providers.calendar/.CalendarProvider2: pid=1613 uid=10024 gids={3003, 1015, 1028}
I/ActivityManager(  351): Process android.process.media (pid 1573) has died.
W/ActivityManager(  351): Scheduling restart of crashed service com.android.providers.media/.MediaScannerService in 125847ms
E/Trace   ( 1613): error opening trace file: No such file or directory (2)
I/ActivityThread( 1613): Pub com.android.calendar: com.android.providers.calendar.CalendarProvider2
D/AlertService( 1593): No fired or scheduled alerts
I/CalendarProvider2( 1613): Sending notification intent: Intent { act=android.intent.action.PROVIDER_CHANGED dat=content://com.android.calendar }
W/ContentResolver( 1613): Failed to get type for: content://com.android.calendar (Unknown URL content://com.android.calendar)
D/AlertReceiver( 1593): onReceive: a=android.intent.action.PROVIDER_CHANGED Intent { act=android.intent.action.PROVIDER_CHANGED dat=content://com.android.calendar flg=0x10 cmp=com.android.calendar/.alerts.AlertReceiver }
D/AlertService( 1593): 0 Action = android.intent.action.PROVIDER_CHANGED
D/AlertService( 1593): Beginning updateAlertNotification
D/AlertService( 1593): No fired or scheduled alerts
D/ConnectivityService(  351): ConnectivityChange for mobile: DISCONNECTED/DISCONNECTED
D/ConnectivityService(  351): Attempting to switch to wifi
D/SystemClock(  533): Setting time of day to sec=1352215069
I/ActivityManager(  351): Start proc com.android.deskclock for broadcast com.android.deskclock/.AlarmInitReceiver: pid=1636 uid=10044 gids={1028}
D/dalvikvm(  136): GC_EXPLICIT freed 37K, 74% free 2157K/8195K, paused 2ms+13ms, total 42ms
E/Trace   ( 1636): error opening trace file: No such file or directory (2)
D/dalvikvm(  136): GC_EXPLICIT freed <1K, 74% free 2157K/8195K, paused 3ms+10ms, total 44ms
D/dalvikvm(  136): GC_EXPLICIT freed <1K, 74% free 2157K/8195K, paused 3ms+2ms, total 45ms
I/ActivityThread( 1636): Pub com.android.deskclock: com.android.deskclock.AlarmProvider
