W/ActivityManager(  343): Scheduling restart of crashed service com.android.smspush/.WapPushManager in 69563ms
W/ProcessStats(  343): Skipping unknown process pid 3300
I/ActivityManager(  343): Process com.android.providers.calendar (pid 3258) has died.
W/ActivityManager(  343): Scheduling restart of crashed service com.android.providers.calendar/.CalendarProviderIntentService in 79286ms
E/Trace   ( 3335): error opening trace file: No such file or directory (2)
I/ActivityManager(  343): Start proc com.android.smspush for service com.android.smspush/.WapPushManager: pid=3351 uid=10045 gids={1028}
D/ConnectivityService(  343): ConnectivityChange for mobile: DISCONNECTED/DISCONNECTED
D/ConnectivityService(  343): Attempting to switch to wifi
I/ActivityManager(  343): Process com.cyanogenmod.trebuchet (pid 3316) has died.
E/Trace   ( 3351): error opening trace file: No such file or directory (2)
I/ActivityManager(  343): Start proc com.cyanogenmod.trebuchet for activity com.cyanogenmod.trebuchet/.Launcher: pid=3365 uid=10040 gids={1028}
I/ActivityManager(  343): Process com.android.settings (pid 3335) has died.
E/Trace   ( 3365): error opening trace file: No such file or directory (2)
I/ActivityManager(  343): Start proc com.android.deskclock for broadcast com.android.deskclock/com.android.alarmclock.AnalogAppWidgetProvider: pid=3378 uid=10013 gids={1028}
E/Trace   ( 3378): error opening trace file: No such file or directory (2)
I/ActivityManager(  343): Process com.android.smspush (pid 3351) has died.
W/ActivityManager(  343): Scheduling restart of crashed service com.android.smspush/.WapPushManager in 67825ms
I/ActivityThread( 3378): Pub com.android.deskclock: com.android.deskclock.AlarmProvider
I/ActivityManager(  343): Start proc com.android.smspush for service com.android.smspush/.WapPushManager: pid=3392 uid=10045 gids={1028}
I/ActivityThread( 3365): Pub com.cyanogenmod.trebuchet.settings: com.cyanogenmod.trebuchet.LauncherProvider
I/ActivityThread( 3378): Pub com.android.deskclock.timers: com.android.deskclock.TimersProvider
E/Trace   ( 3392): error opening trace file: No such file or directory (2)
I/ActivityManager(  343): Start proc android.process.acore for broadcast com.android.providers.contacts/.PackageIntentReceiver: pid=3405 uid=10001 gids={3003, 1015, 1028}
I/ActivityManager(  343): Process com.android.deskclock (pid 3378) has died.
E/Trace   ( 3405): error opening trace file: No such file or directory (2)
I/ActivityThread( 3405): Pub com.android.voicemail: com.android.providers.contacts.VoicemailContentProvider
I/ActivityManager(  343): Process com.android.smspush (pid 3392) has died.
W/ActivityManager(  343): Scheduling restart of crashed service com.android.smspush/.WapPushManager in 67017ms
I/ActivityManager(  343): Start proc com.android.smspush for service com.android.smspush/.WapPushManager: pid=3420 uid=10045 gids={1028}
I/ActivityThread( 3405): Pub applications: com.android.providers.applications.ApplicationsProvider
E/Trace   ( 3420): error opening trace file: No such file or directory (2)
I/ActivityManager(  343): Process com.android.smspush (pid 3420) has died.
W/ActivityManager(  343): Scheduling restart of crashed service com.android.smspush/.WapPushManager in 66606ms
I/ActivityManager(  343): Start proc com.android.smspush for service com.android.smspush/.WapPushManager: pid=3438 uid=10045 gids={1028}
I/ActivityThread( 3405): Pub contacts;com.android.contacts: com.android.providers.contacts.ContactsProvider2
E/Trace   ( 3438): error opening trace file: No such file or directory (2)
I/ActivityManager(  343): Process com.android.smspush (pid 3438) has died.
W/ActivityManager(  343): Scheduling restart of crashed service com.android.smspush/.WapPushManager in 66266ms
I/ActivityManager(  343): Start proc com.android.smspush for service com.android.smspush/.WapPushManager: pid=3455 uid=10045 gids={1028}
E/Trace   ( 3455): error opening trace file: No such file or directory (2)
I/ActivityManager(  343): Process com.cyanogenmod.trebuchet (pid 3365) has died.
D/dalvikvm(  530): GC_EXPLICIT freed 1662K, 68% free 2635K/8195K, paused 30ms+2ms, total 383ms
I/ActivityThread( 3405): Pub call_log: com.android.providers.contacts.CallLogProvider
I/ActivityThread( 3405): Pub user_dictionary: com.android.providers.userdictionary.UserDictionaryProvider
I/ActivityManager(  343): Start proc com.cyanogenmod.trebuchet for activity com.cyanogenmod.trebuchet/.Launcher: pid=3468 uid=10040 gids={1028}
D/Tethering(  343): MasterInitialState.processMessage what=3
I/ActivityManager(  343): Start proc com.android.gallery3d for broadcast com.android.gallery3d/.app.PackagesMonitor: pid=3481 uid=10019 gids={1006, 3003, 1015, 1028}
I/ActivityManager(  343): Process com.android.smspush (pid 3455) has died.
W/ActivityManager(  343): Scheduling restart of crashed service com.android.smspush/.WapPushManager in 65189ms
I/ActivityManager(  343): Start proc com.android.smspush for service com.android.smspush/.WapPushManager: pid=3493 uid=10045 gids={1028}
D/dalvikvm(  134): GC_EXPLICIT freed 36K, 74% free 2157K/8195K, paused 3ms+19ms, total 50ms
D/dalvikvm(  134): GC_EXPLICIT freed <1K, 74% free 2157K/8195K, paused 2ms+2ms, total 48ms
D/dalvikvm(  134): GC_EXPLICIT freed <1K, 74% free 2157K/8195K, paused 2ms+2ms, total 42ms
I/ActivityManager(  343): Process android.process.acore (pid 3405) has died.
E/Trace   ( 3493): error opening trace file: No such file or directory (2)
E/Trace   ( 3481): error opening trace file: No such file or directory (2)
E/Trace   ( 3468): error opening trace file: No such file or directory (2)
D/TelephonyProvider(  530): Preferred APN: -1
I/ActivityThread( 3468): Pub com.cyanogenmod.trebuchet.settings: com.cyanogenmod.trebuchet.LauncherProvider
I/ActivityManager(  343): Process com.android.smspush (pid 3493) has died.
W/ActivityManager(  343): Scheduling restart of crashed service com.android.smspush/.WapPushManager in 64525ms
I/ActivityManager(  343): Start proc com.android.smspush for service com.android.smspush/.WapPushManager: pid=3510 uid=10045 gids={1028}
I/ActivityThread( 3481): Pub com.android.gallery3d.provider: com.android.gallery3d.provider.GalleryProvider
E/Trace   ( 3510): error opening trace file: No such file or directory (2)
I/ActivityManager(  343): Process com.cyanogenmod.trebuchet (pid 3468) has died.
I/ActivityManager(  343): Start proc com.cyanogenmod.trebuchet for activity com.cyanogenmod.trebuchet/.Launcher: pid=3523 uid=10040 gids={1028}
E/Trace   ( 3523): error opening trace file: No such file or directory (2)
I/ActivityManager(  343): Process com.android.smspush (pid 3510) has died.
W/ActivityManager(  343): Scheduling restart of crashed service com.android.smspush/.WapPushManager in 63857ms
I/ActivityManager(  343): Start proc com.android.smspush for service com.android.smspush/.WapPushManager: pid=3539 uid=10045 gids={1028}
I/ActivityManager(  343): Start proc com.android.voicedialer for broadcast com.android.voicedialer/.VoiceDialerReceiver: pid=3550 uid=10043 gids={3002, 1028}
E/Trace   ( 3539): error opening trace file: No such file or directory (2)
I/ActivityManager(  343): Process com.android.gallery3d (pid 3481) has died.
E/Trace   ( 3550): error opening trace file: No such file or directory (2)
I/ActivityThread( 3523): Pub com.cyanogenmod.trebuchet.settings: com.cyanogenmod.trebuchet.LauncherProvider
W/WindowManager(  343): App freeze timeout expired.
W/WindowManager(  343): Force clearing freeze: AppWindowToken{413355a0 token=Token{41036080 ActivityRecord{41035c48 com.cyanogenmod.trebuchet/.Launcher}}}
I/ActivityManager(  343): Start proc com.android.quicksearchbox for broadcast com.android.quicksearchbox/.CorporaUpdateReceiver: pid=3565 uid=10033 gids={3003, 1028}
I/ActivityManager(  343): Process com.android.smspush (pid 3539) has died.
W/ActivityManager(  343): Scheduling restart of crashed service com.android.smspush/.WapPushManager in 62482ms
I/ActivityManager(  343): Start proc com.android.smspush for service com.android.smspush/.WapPushManager: pid=3577 uid=10045 gids={1028}
E/Trace   ( 3565): error opening trace file: No such file or directory (2)
I/ActivityManager(  343): Process com.android.voicedialer (pid 3550) has died.
E/Trace   ( 3577): error opening trace file: No such file or directory (2)
I/ActivityThread( 3565): Pub com.android.quicksearchbox.google: com.android.quicksearchbox.google.GoogleSuggestionProvider
I/ActivityManager(  343): Process com.android.smspush (pid 3577) has died.
W/ActivityManager(  343): Scheduling restart of crashed service com.android.smspush/.WapPushManager in 62041ms
I/ActivityManager(  343): Start proc com.android.smspush for service com.android.smspush/.WapPushManager: pid=3594 uid=10045 gids={1028}
E/Trace   ( 3594): error opening trace file: No such file or directory (2)
I/ActivityThread( 3565): Pub com.android.quicksearchbox.shortcuts: com.android.quicksearchbox.ShortcutsProvider
I/ActivityManager(  343): Start proc com.cyanogenmod.updater for broadcast com.cyanogenmod.updater/.receiver.UpdateCheckReceiver: pid=3609 uid=10005 gids={3003, 1015, 2001, 1028}
I/ActivityManager(  343): Process com.android.smspush (pid 3594) has died.
W/ActivityManager(  343): Scheduling restart of crashed service com.android.smspush/.WapPushManager in 61622ms
I/ActivityManager(  343): Start proc com.android.smspush for service com.android.smspush/.WapPushManager: pid=3623 uid=10045 gids={1028}
E/Trace   ( 3609): error opening trace file: No such file or directory (2)
I/ActivityManager(  343): Process com.cyanogenmod.trebuchet (pid 3523) has died.
I/ActivityManager(  343): Start proc com.cyanogenmod.trebuchet for activity com.cyanogenmod.trebuchet/.Launcher: pid=3636 uid=10040 gids={1028}
E/Trace   ( 3623): error opening trace file: No such file or directory (2)
I/UpdateCheckReceiver( 3609): Got connectivity change, has connection: false
I/ActivityManager(  343): Process com.android.quicksearchbox (pid 3565) has died.
E/Trace   ( 3636): error opening trace file: No such file or directory (2)
I/ActivityManager(  343): Start proc android.process.media for broadcast com.android.providers.downloads/.DownloadReceiver: pid=3650 uid=10015 gids={1015, 1023, 1024, 1028, 2001, 3003, 3007}
I/ActivityManager(  343): Process com.android.smspush (pid 3623) has died.
W/ActivityManager(  343): Scheduling restart of crashed service com.android.smspush/.WapPushManager in 60905ms
D/dalvikvm(  134): GC_EXPLICIT freed 37K, 74% free 2157K/8195K, paused 11ms+3ms, total 109ms
D/dalvikvm(  134): GC_EXPLICIT freed <1K, 74% free 2157K/8195K, paused 2ms+2ms, total 29ms
I/ActivityThread( 3636): Pub com.cyanogenmod.trebuchet.settings: com.cyanogenmod.trebuchet.LauncherProvider
D/dalvikvm(  134): GC_EXPLICIT freed <1K, 74% free 2157K/8195K, paused 6ms+3ms, total 35ms
I/ActivityManager(  343): Start proc com.android.smspush for service com.android.smspush/.WapPushManager: pid=3665 uid=10045 gids={1028}
E/Trace   ( 3650): error opening trace file: No such file or directory (2)
I/ActivityManager(  343): Process com.cyanogenmod.updater (pid 3609) has died.
E/Trace   ( 3665): error opening trace file: No such file or directory (2)
I/ActivityThread( 3650): Pub media: com.android.providers.media.MediaProvider
I/ActivityManager(  343): Process com.android.smspush (pid 3665) has died.
W/ActivityManager(  343): Scheduling restart of crashed service com.android.smspush/.WapPushManager in 60421ms
I/ActivityManager(  343): Start proc com.android.smspush for service com.android.smspush/.WapPushManager: pid=3681 uid=10045 gids={1028}
E/Trace   ( 3681): error opening trace file: No such file or directory (2)
D/dalvikvm(  530): GC_EXPLICIT freed 704K, 68% free 2689K/8195K, paused 75ms+43ms, total 403ms
I/ActivityManager(  343): Process com.android.smspush (pid 3681) has died.
W/ActivityManager(  343): Scheduling restart of crashed service com.android.smspush/.WapPushManager in 59918ms
I/ActivityManager(  343): Start proc com.android.smspush for service com.android.smspush/.WapPushManager: pid=3696 uid=10045 gids={1028}
E/Trace   ( 3696): error opening trace file: No such file or directory (2)
I/ActivityManager(  343): Process com.cyanogenmod.trebuchet (pid 3636) has died.
I/ActivityThread( 3650): Pub downloads: com.android.providers.downloads.DownloadProvider
I/ActivityManager(  343): Start proc com.cyanogenmod.trebuchet for activity com.cyanogenmod.trebuchet/.Launcher: pid=3713 uid=10040 gids={1028}
I/ActivityThread( 3650): Pub drm: com.android.providers.drm.DrmProvider
I/DownloadManager( 3650): in removeSpuriousFiles
E/Trace   ( 3713): error opening trace file: No such file or directory (2)
I/ActivityManager(  343): Process com.android.smspush (pid 3696) has died.
W/ActivityManager(  343): Scheduling restart of crashed service com.android.smspush/.WapPushManager in 59357ms
I/ActivityManager(  343): Start proc com.android.settings for broadcast com.android.settings/.cmstats.ReportingServiceManager: pid=3729 uid=1000 gids={1015, 3002, 3001, 3003, 1028}
I/ActivityManager(  343): Start proc com.android.smspush for service com.android.smspush/.WapPushManager: pid=3738 uid=10045 gids={1028}
E/Trace   ( 3729): error opening trace file: No such file or directory (2)
I/ActivityThread( 3713): Pub com.cyanogenmod.trebuchet.settings: com.cyanogenmod.trebuchet.LauncherProvider
E/Trace   ( 3738): error opening trace file: No such file or directory (2)
I/ActivityManager(  343): Process android.process.media (pid 3650) has died.
W/ActivityManager(  343): Scheduling restart of crashed service com.android.providers.downloads/.DownloadService in 58661ms
I/ActivityManager(  343): Process com.android.smspush (pid 3738) has died.
W/ActivityManager(  343): Scheduling restart of crashed service com.android.smspush/.WapPushManager in 68530ms
I/ActivityManager(  343): Process com.android.settings (pid 3729) has died.
I/ActivityManager(  343): Start proc com.android.smspush for service com.android.smspush/.WapPushManager: pid=3756 uid=10045 gids={1028}
E/Trace   ( 3756): error opening trace file: No such file or directory (2)
I/ActivityManager(  343): Start proc android.process.media for service com.android.providers.media/.MtpService: pid=3770 uid=10015 gids={1015, 1023, 1024, 1028, 2001, 3003, 3007}
E/Trace   ( 3770): error opening trace file: No such file or directory (2)
I/ActivityThread( 3770): Pub media: com.android.providers.media.MediaProvider
I/ActivityManager(  343): Process com.android.smspush (pid 3756) has died.
W/ActivityManager(  343): Scheduling restart of crashed service com.android.smspush/.WapPushManager in 5000ms
I/ActivityManager(  343): Start proc com.android.smspush for service com.android.smspush/.WapPushManager: pid=3787 uid=10045 gids={1028}
E/Trace   ( 3787): error opening trace file: No such file or directory (2)
I/ActivityManager(  343): Process com.android.smspush (pid 3787) has died.
W/ActivityManager(  343): Scheduling restart of crashed service com.android.smspush/.WapPushManager in 5000ms
I/ActivityManager(  343): Start proc com.android.smspush for service com.android.smspush/.WapPushManager: pid=3801 uid=10045 gids={1028}
E/Trace   ( 3801): error opening trace file: No such file or directory (2)
D/dalvikvm(  530): GC_EXPLICIT freed 476K, 67% free 2732K/8195K, paused 33ms+13ms, total 383ms
I/ActivityManager(  343): Process com.cyanogenmod.trebuchet (pid 3713) has died.
I/ActivityThread( 3770): Pub downloads: com.android.providers.downloads.DownloadProvider
I/ActivityManager(  343): Start proc com.cyanogenmod.trebuchet for activity com.cyanogenmod.trebuchet/.Launcher: pid=3816 uid=10040 gids={1028}
D/dalvikvm(  134): GC_EXPLICIT freed 36K, 74% free 2157K/8195K, paused 2ms+3ms, total 46ms
D/dalvikvm(  134): GC_EXPLICIT freed <1K, 74% free 2157K/8195K, paused 2ms+1ms, total 43ms
I/ActivityThread( 3770): Pub drm: com.android.providers.drm.DrmProvider
I/DownloadManager( 3770): in removeSpuriousFiles
D/dalvikvm(  134): GC_EXPLICIT freed <1K, 74% free 2157K/8195K, paused 2ms+11ms, total 43ms
I/ActivityManager(  343): Process com.android.smspush (pid 3801) has died.
W/ActivityManager(  343): Scheduling restart of crashed service com.android.smspush/.WapPushManager in 5000ms
E/Trace   ( 3816): error opening trace file: No such file or directory (2)
I/ActivityManager(  343): Start proc com.android.smspush for service com.android.smspush/.WapPushManager: pid=3831 uid=10045 gids={1028}
W/WindowManager(  343): App freeze timeout expired.
W/WindowManager(  343): Force clearing freeze: AppWindowToken{413355a0 token=Token{41036080 ActivityRecord{41035c48 com.cyanogenmod.trebuchet/.Launcher}}}
I/ActivityThread( 3816): Pub com.cyanogenmod.trebuchet.settings: com.cyanogenmod.trebuchet.LauncherProvider
D/dalvikvm(  343): GC_EXPLICIT freed 642K, 36% free 5622K/8711K, paused 66ms+28ms, total 212ms
E/Trace   ( 3831): error opening trace file: No such file or directory (2)
E/InputManager-JNI(  343): An exception was thrown by callback 'interceptKeyBeforeQueueing'.
I/ActivityManager(  343): Process com.android.smspush (pid 3831) has died.
W/ActivityManager(  343): Scheduling restart of crashed service com.android.smspush/.WapPushManager in 5000ms
E/InputManager-JNI(  343): java.lang.NullPointerException
E/InputManager-JNI(  343): 	at com.android.internal.policy.impl.PhoneWindowManager.interceptKeyBeforeQueueing(PhoneWindowManager.java:3856)
E/InputManager-JNI(  343): 	at com.android.server.wm.InputMonitor.interceptKeyBeforeQueueing(InputMonitor.java:290)
E/InputManager-JNI(  343): 	at com.android.server.input.InputManagerService.interceptKeyBeforeQueueing(InputManagerService.java:1271)
E/InputManager-JNI(  343): 	at dalvik.system.NativeStart.run(Native Method)
E/InputManager-JNI(  343): An exception was thrown by callback 'interceptKeyBeforeQueueing'.
E/InputManager-JNI(  343): java.lang.NullPointerException
E/InputManager-JNI(  343): 	at com.android.internal.policy.impl.PhoneWindowManager.interceptKeyBeforeQueueing(PhoneWindowManager.java:3856)
E/InputManager-JNI(  343): 	at com.android.server.wm.InputMonitor.interceptKeyBeforeQueueing(InputMonitor.java:290)
E/InputManager-JNI(  343): 	at com.android.server.input.InputManagerService.interceptKeyBeforeQueueing(InputManagerService.java:1271)
E/InputManager-JNI(  343): 	at dalvik.system.NativeStart.run(Native Method)
D/SurfaceFlinger(  133): Screen about to return, flinger = 0x1da9b88
I/ActivityManager(  343): Start proc com.android.smspush for service com.android.smspush/.WapPushManager: pid=3846 uid=10045 gids={1028}
I/ActivityManager(  343): Process com.cyanogenmod.trebuchet (pid 3816) has died.
E/Trace   ( 3846): error opening trace file: No such file or directory (2)
I/ActivityManager(  343): Start proc com.cyanogenmod.trebuchet for activity com.cyanogenmod.trebuchet/.Launcher: pid=3860 uid=10040 gids={1028}
D/MtpService( 3770): addStorageLocked 65537 /mnt/sdcard
E/Trace   ( 3860): error opening trace file: No such file or directory (2)
I/ActivityManager(  343): Process android.process.media (pid 3770) has died.
W/ActivityManager(  343): Scheduling restart of crashed service com.android.providers.downloads/.DownloadService in 53614ms
W/ActivityManager(  343): Scheduling restart of crashed service com.android.providers.media/.MtpService in 325888ms
I/WindowManager(  343): Lock screen displayed!
W/ActivityManager(  343): Can't find mystery application for StrictMode from pid=3770 uid=10015: android.os.BinderProxy@41083118
I/ActivityThread( 3860): Pub com.cyanogenmod.trebuchet.settings: com.cyanogenmod.trebuchet.LauncherProvider
I/dalvikvm(  343): Jit: resizing JitTable from 4096 to 8192
I/ActivityManager(  343): Start proc com.android.settings for broadcast com.android.settings/.widget.SettingsAppWidgetProvider: pid=3876 uid=1000 gids={1015, 3002, 3001, 3003, 1028}
I/ActivityManager(  343): Process com.android.smspush (pid 3846) has died.
W/ActivityManager(  343): Scheduling restart of crashed service com.android.smspush/.WapPushManager in 63111ms
I/ActivityManager(  343): Start proc com.android.smspush for service com.android.smspush/.WapPushManager: pid=3888 uid=10045 gids={1028}
E/Trace   ( 3876): error opening trace file: No such file or directory (2)
E/Trace   ( 3888): error opening trace file: No such file or directory (2)
I/ActivityManager(  343): Process com.android.smspush (pid 3888) has died.
W/ActivityManager(  343): Scheduling restart of crashed service com.android.smspush/.WapPushManager in 62054ms
I/ActivityManager(  343): Start proc com.android.smspush for service com.android.smspush/.WapPushManager: pid=3905 uid=10045 gids={1028}
I/ActivityManager(  343): Process com.android.settings (pid 3876) has died.
D/dalvikvm(  530): GC_EXPLICIT freed 441K, 68% free 2669K/8195K, paused 266ms+4ms, total 457ms
E/Trace   ( 3905): error opening trace file: No such file or directory (2)
I/ActivityManager(  343): Process com.android.smspush (pid 3905) has died.
W/ActivityManager(  343): Scheduling restart of crashed service com.android.smspush/.WapPushManager in 60797ms
I/ActivityManager(  343): Start proc com.android.smspush for service com.android.smspush/.WapPushManager: pid=3922 uid=10045 gids={1028}
E/Trace   ( 3922): error opening trace file: No such file or directory (2)
I/ActivityManager(  343): Process com.android.smspush (pid 3922) has died.
W/ActivityManager(  343): Scheduling restart of crashed service com.android.smspush/.WapPushManager in 60349ms
I/ActivityManager(  343): Start proc com.android.smspush for service com.android.smspush/.WapPushManager: pid=3937 uid=10045 gids={1028}
E/Trace   ( 3937): error opening trace file: No such file or directory (2)
D/dalvikvm(  530): GC_EXPLICIT freed 264K, 68% free 2697K/8195K, paused 40ms+16ms, total 272ms
I/ActivityManager(  343): Process com.android.smspush (pid 3937) has died.
W/ActivityManager(  343): Scheduling restart of crashed service com.android.smspush/.WapPushManager in 59873ms
I/ActivityManager(  343): Start proc com.android.smspush for service com.android.smspush/.WapPushManager: pid=3952 uid=10045 gids={1028}
W/ResourceType( 3860): Attempt to retrieve bag 0x7f0d0017 which is invalid or in a cycle.
W/ResourceType( 3860): Attempt to retrieve bag 0x7f0d0017 which is invalid or in a cycle.
W/ResourceType( 3860): Attempt to retrieve bag 0x7f0d0017 which is invalid or in a cycle.
W/ResourceType( 3860): Attempt to retrieve bag 0x7f0d0017 which is invalid or in a cycle.
W/ResourceType( 3860): Attempt to retrieve bag 0x7f0d0017 which is invalid or in a cycle.
E/Trace   ( 3952): error opening trace file: No such file or directory (2)
W/WindowManager(  343): App freeze timeout expired.
W/WindowManager(  343): Force clearing freeze: AppWindowToken{413355a0 token=Token{41036080 ActivityRecord{41035c48 com.cyanogenmod.trebuchet/.Launcher}}}
I/ActivityManager(  343): Process com.android.smspush (pid 3952) has died.
W/ActivityManager(  343): Scheduling restart of crashed service com.android.smspush/.WapPushManager in 59416ms
I/ActivityManager(  343): Start proc com.android.smspush for service com.android.smspush/.WapPushManager: pid=3966 uid=10045 gids={1028}
E/Trace   ( 3966): error opening trace file: No such file or directory (2)
I/ActivityManager(  343): Process com.android.smspush (pid 3966) has died.
W/ActivityManager(  343): Scheduling restart of crashed service com.android.smspush/.WapPushManager in 58992ms
W/Resources( 3860): Converting to int: TypedValue{t=0x3/d=0x12 "4" a=-1}
W/Resources( 3860): Converting to int: TypedValue{t=0x3/d=0xf "1" a=-1}
I/ActivityManager(  343): Start proc com.android.smspush for service com.android.smspush/.WapPushManager: pid=3981 uid=10045 gids={1028}
D/dalvikvm(  134): GC_EXPLICIT freed 36K, 74% free 2157K/8195K, paused 8ms+3ms, total 55ms
D/dalvikvm(  134): GC_EXPLICIT freed <1K, 74% free 2157K/8195K, paused 6ms+2ms, total 46ms
D/dalvikvm(  134): GC_EXPLICIT freed <1K, 74% free 2157K/8195K, paused 3ms+10ms, total 50ms
E/Trace   ( 3981): error opening trace file: No such file or directory (2)
I/ActivityManager(  343): Start proc com.android.deskclock for broadcast com.android.deskclock/com.android.alarmclock.AnalogAppWidgetProvider: pid=3994 uid=10013 gids={1028}
I/ActivityManager(  343): Process com.cyanogenmod.trebuchet (pid 3860) has died.
I/ActivityManager(  343): Start proc com.cyanogenmod.trebuchet for activity com.cyanogenmod.trebuchet/.Launcher: pid=4007 uid=10040 gids={1028}
E/Trace   ( 3994): error opening trace file: No such file or directory (2)
E/Trace   ( 4007): error opening trace file: No such file or directory (2)
I/ActivityThread( 3994): Pub com.android.deskclock: com.android.deskclock.AlarmProvider
I/ActivityThread( 3994): Pub com.android.deskclock.timers: com.android.deskclock.TimersProvider
I/ActivityThread( 4007): Pub com.cyanogenmod.trebuchet.settings: com.cyanogenmod.trebuchet.LauncherProvider
I/ActivityManager(  343): Process com.android.smspush (pid 3981) has died.
W/ActivityManager(  343): Scheduling restart of crashed service com.android.smspush/.WapPushManager in 58078ms
I/ActivityManager(  343): Start proc com.android.smspush for service com.android.smspush/.WapPushManager: pid=4021 uid=10045 gids={1028}
I/ActivityManager(  343): Start proc com.android.settings for broadcast com.android.settings/.widget.SettingsAppWidgetProvider: pid=4034 uid=1000 gids={1015, 3002, 3001, 3003, 1028}
E/Trace   ( 4021): error opening trace file: No such file or directory (2)
I/ActivityManager(  343): Process com.android.deskclock (pid 3994) has died.
E/Trace   ( 4034): error opening trace file: No such file or directory (2)
I/ActivityManager(  343): Process com.android.smspush (pid 4021) has died.
W/ActivityManager(  343): Scheduling restart of crashed service com.android.smspush/.WapPushManager in 57570ms
I/ActivityManager(  343): Start proc com.android.smspush for service com.android.smspush/.WapPushManager: pid=4048 uid=10045 gids={1028}
E/Trace   ( 4048): error opening trace file: No such file or directory (2)
D/dalvikvm(  530): GC_EXPLICIT freed 587K, 67% free 2712K/8195K, paused 48ms+4ms, total 348ms
I/ActivityManager(  343): Process com.cyanogenmod.trebuchet (pid 4007) has died.
I/ActivityManager(  343): Start proc com.cyanogenmod.trebuchet for activity com.cyanogenmod.trebuchet/.Launcher: pid=4061 uid=10040 gids={1028}
I/ActivityManager(  343): Process com.android.smspush (pid 4048) has died.
W/ActivityManager(  343): Scheduling restart of crashed service com.android.smspush/.WapPushManager in 56984ms
I/ActivityManager(  343): Start proc com.android.smspush for service com.android.smspush/.WapPushManager: pid=4075 uid=10045 gids={1028}
I/ActivityManager(  343): Process com.android.settings (pid 4034) has died.
E/Trace   ( 4061): error opening trace file: No such file or directory (2)
E/Trace   ( 4075): error opening trace file: No such file or directory (2)
I/ActivityManager(  343): Start proc com.android.deskclock for broadcast com.android.deskclock/com.android.alarmclock.AnalogAppWidgetProvider: pid=4089 uid=10013 gids={1028}
E/Trace   ( 4089): error opening trace file: No such file or directory (2)
I/ActivityThread( 4089): Pub com.android.deskclock: com.android.deskclock.AlarmProvider
I/ActivityThread( 4061): Pub com.cyanogenmod.trebuchet.settings: com.cyanogenmod.trebuchet.LauncherProvider
I/ActivityThread( 4089): Pub com.android.deskclock.timers: com.android.deskclock.TimersProvider
I/ActivityManager(  343): Process com.android.smspush (pid 4075) has died.
W/ActivityManager(  343): Scheduling restart of crashed service com.android.smspush/.WapPushManager in 55988ms
I/ActivityManager(  343): Start proc com.android.smspush for service com.android.smspush/.WapPushManager: pid=4103 uid=10045 gids={1028}
E/Trace   ( 4103): error opening trace file: No such file or directory (2)
D/ConnectivityService(  343): ConnectivityChange for mobile: DISCONNECTED/DISCONNECTED
I/ActivityManager(  343): Process com.android.deskclock (pid 4089) has died.
D/ConnectivityService(  343): Attempting to switch to wifi
I/ActivityManager(  343): Process com.android.smspush (pid 4103) has died.
W/ActivityManager(  343): Scheduling restart of crashed service com.android.smspush/.WapPushManager in 55340ms
D/SurfaceFlinger(  133): About to give-up screen, flinger = 0x1da9b88
I/ActivityManager(  343): Start proc com.android.settings for broadcast com.android.settings/.widget.SettingsAppWidgetProvider: pid=4118 uid=1000 gids={1015, 3002, 3001, 3003, 1028}
D/dalvikvm(  530): GC_EXPLICIT freed 410K, 67% free 2721K/8195K, paused 22ms+3ms, total 532ms
E/Trace   ( 4118): error opening trace file: No such file or directory (2)
D/dalvikvm(  530): GC_EXPLICIT freed 121K, 68% free 2648K/8195K, paused 5ms+2ms, total 97ms
