--------- beginning of /dev/log/main
I/cm      (  121): Welcome to Android 4.1.2 / CyanogenMod-10-20121021-UNOFFICIAL-arthur 
I/cm      (  122):                                                 _  
I/cm      (  123):  __ __ _ ___  _ _  __  ___  __ _ _  _  _  __  __)) 
I/cm      (  124): ((_ \(/'((_( ((\( ((_)((_( (('((\( ((`1( ((_)((_(  
I/cm      (  125):      ))                 _)) 
I/cm      (  126):   
I/DEBUG   (  131): debuggerd: Oct 20 2012 23:10:52
E/rmt_storage(  140): rmt_storage force sync
E/rmt_storage(  140): [MyTag]open: fd=11
--------- beginning of /dev/log/system
I/Vold    (  129): Vold 2.1 (the revenge) firing up
D/Vold    (  129): Volume sdcard state changing -1 (Initializing) -> 0 (No-Media)
I/Netd    (  130): Netd 1.0 starting
D/Vold    (  129): Volume sdcard state changing 0 (No-Media) -> 2 (Pending)
D/DirectVolume(  129): DirectVolume::handlePartitionAdded -> MAJOR 179, MINOR 33, PARTN 1
D/DirectVolume(  129): DirectVolume::handlePartitionAdded -> MAJOR 179, MINOR 34, PARTN 2
D/DirectVolume(  129): DirectVolume::handlePartitionAdded -> MAJOR 179, MINOR 35, PARTN 3
D/Vold    (  129): Volume sdcard state changing 2 (Pending) -> 1 (Idle-Unmounted)
E/rmt_storage(  140): block rmt_storage client thread
D/AndroidRuntime(  134): 
D/AndroidRuntime(  134): >>>>>> AndroidRuntime START com.android.internal.os.ZygoteInit <<<<<<
D/AndroidRuntime(  134): CheckJNI is OFF
I/SurfaceFlinger(  133): SurfaceFlinger is starting
I/SurfaceFlinger(  133): SurfaceFlinger's main thread ready to run. Initializing graphics H/W...
I/mediaserver(  136): ServiceManager: 0x1a1ad78
I/AudioFlinger(  136): Using default 3000 mSec as standby time.
I/CameraService(  136): CameraService started (pid=136)
E/CameraService(  136): Could not load camera HAL module
I/AudioPolicyManagerBase(  136): loadAudioPolicyConfig() loaded /system/etc/audio_policy.conf
D/AudioHardwareMSM7X30(  136): Could not open libhtc_acoustic.so
D/AudioHardwareMSM7X30(  136): msm_mixer_open: Opening the device
D/AudioHardwareMSM7X30(  136): msm_mixer_count:mixer_cnt =38
I/AudioHardwareMSM7X30(  136): ******* name[0] = [handset_rx] *********
I/AudioHardwareMSM7X30(  136): ******* name[1] = [handset_tx] *********
I/AudioHardwareMSM7X30(  136): ******* name[2] = [headset_stereo_rx] *********
I/AudioHardwareMSM7X30(  136): ******* name[3] = [headset_mono_rx] *********
I/AudioHardwareMSM7X30(  136): ******* name[4] = [headset_mono_tx] *********
I/AudioHardwareMSM7X30(  136): ******* name[5] = [bt_sco_rx] *********
I/AudioHardwareMSM7X30(  136): ******* name[6] = [bt_sco_tx] *********
I/AudioHardwareMSM7X30(  136): ******* name[7] = [fmradio_handset_rx] *********
I/AudioHardwareMSM7X30(  136): ******* name[8] = [speaker_stereo_rx] *********
I/AudioHardwareMSM7X30(  136): ******* name[9] = [fmradio_speaker_rx] *********
I/AudioHardwareMSM7X30(  136): ******* name[10] = [fmradio_headset_rx] *********
I/AudioHardwareMSM7X30(  136): ******* name[11] = [tty_headset_mono_tx] *********
I/AudioHardwareMSM7X30(  136): ******* name[12] = [tty_headset_mono_rx] *********
I/AudioHardwareMSM7X30(  136): ******* name[13] = [speaker_mono_tx] *********
I/AudioHardwareMSM7X30(  136): ******* name[14] = [headset_stereo_speaker_stereo_rx] *********
I/AudioHardwareMSM7X30(  136): ******* name[15] = [a2dp_rx] *********
I/AudioHardwareMSM7X30(  136): ******* name[16] = [a2dp_tx] *********
I/AudioHardwareMSM7X30(  136): ******* name[17] = [hdmi_stereo_rx] *********
I/AudioHardwareMSM7X30(  136): ******* name[18] = [fmradio_stereo_tx] *********
I/AudioHardwareMSM7X30(  136): ******* name[19] = [uplink_rx] *********
I/AudioHardwareMSM7X30(  136): ******* name[20] = [hac_rx] *********
I/AudioHardwareMSM7X30(  136): ******* name[21] = [auxmic_tx] *********
I/AudioHardwareMSM7X30(  136): ******* name[22] = [fm_headset_stereo_tx] *********
I/AudioHardwareMSM7X30(  136): ******* name[23] = [fm_headset_stereo_rx] *********
I/AudioFlinger(  136): loadHwModule() Loaded primary audio interface from QCOM Audio HW HAL (audio) handle 1
I/AudioFlinger(  136): HAL output buffer size 1200 frames, normal mix buffer size 1200 frames
I/AudioMixer(  136): found effect "Multichannel Downmix To Stereo" from The Android Open Source Project
I/AudioFlinger(  136): Using module 1 has the primary audio interface
D/AudioHardwareInterface(  136): setMode(NORMAL)
I/AudioHardwareMSM7X30(  136): Set master volume to 7.
W/gralloc (  133): MSMFB_METADATA_SET failed to configure alpha mode
I/AudioFlinger(  136): AudioFlinger's thread 0x1a20c20 ready to run
W/AudioFlinger(  136): Thread AudioOut_2 cannot connect to the power manager service
I/AudioHardwareMSM7X30(  136): Routing audio to Speakerphone
D/AudioHardwareMSM7X30(  136): new_rx = 8
D/AudioHardwareMSM7X30(  136): new_tx = 13
E/AudioHardwareMSM7X30(  136): updateDeviceInfo: E rx_device 6 and tx_device 11
D/AudioHardwareMSM7X30(  136): No active voicecall/playback, disabling cur_rx 65535
D/AudioHardwareMSM7X30(  136): No active voicecall/recording, disabling cur_tx 65535
E/AudioHardwareMSM7X30(  136): updateDeviceInfo: X cur_rx 6 cur_tx 11
D/AudioHardwareMSM7X30(  136): setVoiceVolume(0.000000)
I/AudioHardwareMSM7X30(  136): Setting in-call volume to 0 (available range is 0 to 100)
E/AudioHardwareMSM7X30(  136): msm_set_voice_rx_vol(0) failed errno = 1
I/AudioPolicyService(  136): Loaded audio policy from QCOM Audio Policy HAL (audio_policy)
D/AudioHardwareMSM7X30(  136): AudioStreamOutMSM7x30::standby()
I/gralloc (  133): using (fd=14)
I/gralloc (  133): id           = msmfb40_30001
I/gralloc (  133): xres         = 480 px
I/gralloc (  133): yres         = 800 px
I/gralloc (  133): xres_virtual = 480 px
I/gralloc (  133): yres_virtual = 2400 px
I/gralloc (  133): bpp          = 32
I/gralloc (  133): r            = 24:8
I/gralloc (  133): g            = 16:8
I/gralloc (  133): b            =  8:8
I/gralloc (  133): width        = 76 mm (160.421051 dpi)
I/gralloc (  133): height       = 127 mm (160.000000 dpi)
I/gralloc (  133): refresh rate = 60.00 Hz
D/CALCFPS (  133): DEBUG_CALC_FPS: 0
D/CALCFPS (  133): period: 10
D/CALCFPS (  133): ignorethresh_us: 500000
D/CALCFPS (  133): DEBUG_CALC_FPS: 0
D/CALCFPS (  133): period: 10
D/CALCFPS (  133): ignorethresh_us: 500000
D/libEGL  (  133): loaded /system/lib/egl/libEGL_adreno200.so
D/libEGL  (  133): loaded /system/lib/egl/libGLESv1_CM_adreno200.so
D/libEGL  (  133): loaded /system/lib/egl/libGLESv2_adreno200.so
D/dalvikvm(  134): Trying to load lib libjavacore.so 0x0
D/dalvikvm(  134): Added shared lib libjavacore.so 0x0
I/Adreno200-EGL(  133): <qeglDrvAPI_eglInitialize:294>: EGL 1.4 QUALCOMM build: GFXGITP4_AU_LINUX_ANDROID_JB.04.01.01.00.036+PATCH[ES]_msm8960_JB_CL2648890_release_ENGG (CL2648890)
I/Adreno200-EGL(  133): Build Date: 07/31/12 Tue
I/Adreno200-EGL(  133): Local Branch: p4-merge-candidate
I/Adreno200-EGL(  133): Remote Branch: quic/master
I/Adreno200-EGL(  133): Local Patches: 55e064af55e39ed47722bcb6fd79bdab10040164 CL2648890: Oxili HWL : Don't bypass filtering on depth formats if comparison function for look ups is enabled for shadow mapping.
I/Adreno200-EGL(  133):                  bfccf4bb1419e8606fbdcb31bf3472fac4ec72b4 CL2647889: Fixes glComrpessedTexImage so that it checks i
D/dalvikvm(  134): Trying to load lib libnativehelper.so 0x0
D/dalvikvm(  134): Added shared lib libnativehelper.so 0x0
E/BandwidthController(  130): runIptablesCmd(): failed /system/bin/iptables -t raw -N bw_raw_PREROUTING res=768
E/BandwidthController(  130): runIptablesCmd(): failed /system/bin/ip6tables -t raw -N bw_raw_PREROUTING res=768
I/SurfaceFlinger(  133): EGL informations:
I/SurfaceFlinger(  133): # of configs : 36
I/SurfaceFlinger(  133): vendor    : Android
I/SurfaceFlinger(  133): version   : 1.4 Android META-EGL
I/SurfaceFlinger(  133): extensions: EGL_KHR_image EGL_KHR_image_base EGL_KHR_gl_texture_2D_image EGL_KHR_gl_texture_cubemap_image EGL_KHR_gl_renderbuffer_image EGL_KHR_fence_sync EGL_ANDROID_image_native_buffer 
I/SurfaceFlinger(  133): Client API: OpenGL_ES
I/SurfaceFlinger(  133): EGLSurface: 8-8-8-8, config=0x4
I/SurfaceFlinger(  133): OpenGL informations:
I/SurfaceFlinger(  133): vendor    : Qualcomm
I/SurfaceFlinger(  133): renderer  : Adreno (TM) 205
I/SurfaceFlinger(  133): version   : OpenGL ES-CM 1.1
I/SurfaceFlinger(  133): extensions: GL_EXT_debug_marker GL_AMD_compressed_ATC_texture GL_AMD_performance_monitor GL_APPLE_texture_2D_limited_npot GL_ARB_vertex_buffer_object GL_EXT_texture_filter_anisotropic GL_EXT_texture_format_BGRA8888 GL_EXT_texture_type_2_10_10_10_REV GL_OES_blend_equation_separate GL_OES_blend_func_separate GL_OES_blend_subtract GL_OES_compressed_ETC1_RGB8_texture GL_OES_compressed_paletted_texture GL_OES_depth_texture GL_OES_depth24 GL_OES_draw_texture GL_OES_EGL_image GL_OES_EGL_image_external GL_OES_framebuffer_object GL_OES_matrix_palette GL_OES_packed_depth_stencil GL_OES_point_size_array GL_OES_point_sprite GL_OES_read_format GL_OES_rgb8_rgba8 GL_OES_stencil_wrap GL_OES_texture_cube_map GL_OES_texture_env_crossbar GL_OES_texture_float GL_OES_texture_half_float GL_OES_texture_half_float_linear GL_OES_texture_npot GL_OES_texture_mirrored_repeat GL_QCOM_binning_control GL_QCOM_extended_get GL_QCOM_tiled_rendering GL_AMD_compressed_3DC_texture 
I/SurfaceFlinger(  133): GL_MAX_TEXTURE_SIZE = 4096
I/SurfaceFlinger(  133): GL_MAX_VIEWPORT_DIMS = 4096 x 4096
I/SurfaceFlinger(  133): flags = 00000000
E/rmt_storage(  140): [MyTag]open: fd=-1
E/rmt_storage(  140): block rmt_storage client thread
E/BandwidthController(  130): runIptablesCmd(): failed /system/bin/iptables -t raw -A bw_raw_PREROUTING ! -i lo+ -m owner --socket-exists res=768
E/BandwidthController(  130): runIptablesCmd(): failed /system/bin/ip6tables -t raw -A bw_raw_PREROUTING ! -i lo+ -m owner --socket-exists res=768
D/MDnsDS  (  130): MDnsSdListener::Hander starting up
D/MDnsDS  (  130): MDnsSdListener starting to monitor
D/MDnsDS  (  130): Going to poll with pollCount 1
I/Adreno200-C2D(  133): <c2d_wrapper_init:126>: C2D2 initializing z180 version: libc2d2_z180.so
E/Adreno200-C2D(  133): <c2d_wrapper_init:187>: error loading library for chip revision while initializing libC2D2.so! aborting
E/copybit_c2d(  133): open_copybit: create ctx->dst[RGB_SURFACE] failed
I/hwcomposer(  133): Initializing Qualcomm Hardware Composer
I/hwcomposer(  133): MDP version: 400
I/hwcomposer(  133): DYN composition threshold : 2.000000
I/hwcomposer(  133): hwc_device_open: Hardware VSYNC not supported
I/hwcomposer(  133): Initializing UEvent Listener Thread
I/hwcomposer(  133): Initializing VSYNC Thread
I/SurfaceFlinger(  133): EventThread ready to run.
E/Trace   (  133): error opening trace file: No such file or directory (2)
D/libEGL  (  337): loaded /system/lib/egl/libEGL_adreno200.so
D/libEGL  (  337): loaded /system/lib/egl/libGLESv1_CM_adreno200.so
D/libEGL  (  337): loaded /system/lib/egl/libGLESv2_adreno200.so
I/Adreno200-EGL(  337): <qeglDrvAPI_eglInitialize:294>: EGL 1.4 QUALCOMM build: GFXGITP4_AU_LINUX_ANDROID_JB.04.01.01.00.036+PATCH[ES]_msm8960_JB_CL2648890_release_ENGG (CL2648890)
I/Adreno200-EGL(  337): Build Date: 07/31/12 Tue
I/Adreno200-EGL(  337): Local Branch: p4-merge-candidate
I/Adreno200-EGL(  337): Remote Branch: quic/master
I/Adreno200-EGL(  337): Local Patches: 55e064af55e39ed47722bcb6fd79bdab10040164 CL2648890: Oxili HWL : Don't bypass filtering on depth formats if comparison function for look ups is enabled for shadow mapping.
I/Adreno200-EGL(  337):                  bfccf4bb1419e8606fbdcb31bf3472fac4ec72b4 CL2647889: Fixes glComrpessedTexImage so that it checks i
E/Trace   (  337): error opening trace file: No such file or directory (2)
I/SamplingProfilerIntegration(  134): Profiling disabled.
I/Zygote  (  134): Preloading classes...
D/dalvikvm(  134): GC_EXPLICIT freed 37K, 84% free 419K/2560K, paused 0ms+1ms, total 3ms
W/Zygote  (  134): Class not found for preloading: android.animation.ValueAnimator$2
W/Zygote  (  134): Class not found for preloading: android.animation.ValueAnimator$3
W/Zygote  (  134): Class not found for preloading: android.animation.ValueAnimator$4
W/Zygote  (  134): Class not found for preloading: android.animation.ValueAnimator$5
W/Zygote  (  134): Class not found for preloading: android.content.res.Resources$1
W/Zygote  (  134): Class not found for preloading: android.database.sqlite.SQLiteCompiledSql
W/Zygote  (  134): Class not found for preloading: android.database.sqlite.SQLiteDatabase$DatabaseReentrantLock
D/TextLayoutCache(  134): Using debug level = 0 - Debug Enabled = 0
I/dalvikvm(  134): threadid=1: recursive native library load attempt (/system/lib/libmedia_jni.so)
D/MtpDeviceJNI(  134): register_android_mtp_MtpDevice
I/dalvikvm(  134): threadid=1: recursive native library load attempt (/system/lib/libmedia_jni.so)
I/dalvikvm(  134): threadid=1: recursive native library load attempt (/system/lib/libmedia_jni.so)
W/Zygote  (  134): Class not found for preloading: android.media.IRemoteControlClientDispatcher
W/Zygote  (  134): Class not found for preloading: android.media.IRemoteControlClientDispatcher$Stub
W/Zygote  (  134): Class not found for preloading: android.os.Power
W/Zygote  (  134): Class not found for preloading: android.text.TextDirectionHeuristics$CharCount
W/Zygote  (  134): Class not found for preloading: android.text.method.WordIterator$1
W/Zygote  (  134): Class not found for preloading: android.view.InputHandler
W/Zygote  (  134): Class not found for preloading: android.view.InputQueue$FinishedCallback
W/Zygote  (  134): Class not found for preloading: android.view.ViewRootImpl$3
I/dalvikvm(  134): threadid=1: recursive native library load attempt (/system/lib/libwebcore.so)
D/dalvikvm(  134): No JNI_OnLoad found in /system/lib/libchromium_net.so 0x0, skipping init
D/dalvikvm(  134): GC_FOR_ALLOC freed 622K, 36% free 1640K/2560K, paused 19ms, total 19ms
W/Zygote  (  134): Class not found for preloading: android.widget.EdgeGlow
W/Zygote  (  134): Class not found for preloading: android.widget.TextView$Blink
W/Zygote  (  134): Class not found for preloading: android.widget.TextView$EasyEditSpanController
W/Zygote  (  134): Class not found for preloading: android.widget.TextView$InputContentType
W/Zygote  (  134): Class not found for preloading: android.widget.TextView$InputMethodState
W/Zygote  (  134): Class not found for preloading: android.widget.TextView$TextAlign
E/PhonePolicy(  134): Could not preload class for phone policy: com.android.internal.policy.impl.PhoneWindow$ContextMenuCallback
W/Zygote  (  134): Class not found for preloading: java.text.DecimalFormat$1
I/System  (  134): Loaded time zone names for  in 270ms (266ms in ICU)
I/System  (  134): Loaded time zone names for en_US in 174ms (168ms in ICU)
I/Zygote  (  134): ...preloaded 2281 classes in 3669ms.
D/dalvikvm(  134): GC_EXPLICIT freed 908K, 30% free 2154K/3075K, paused 5ms+2ms, total 34ms
I/Zygote  (  134): Preload resources disabled, skipped.
D/dalvikvm(  134): GC_EXPLICIT freed 8K, 31% free 2145K/3075K, paused 2ms+2ms, total 22ms
D/dalvikvm(  134): GC_EXPLICIT freed <1K, 31% free 2145K/3075K, paused 2ms+2ms, total 21ms
D/dalvikvm(  134): GC_EXPLICIT freed <1K, 31% free 2145K/3075K, paused 2ms+2ms, total 26ms
I/dalvikvm(  134): System server process 343 has been created
I/Zygote  (  134): Accepting command socket connections
I/sysproc (  343): Entered system_init()
I/sysproc (  343): ServiceManager: 0x256430
D/SensorService(  343): nuSensorService starting...
E/Sensors (  343): Couldn't open /dev/akm8973_aot (No such file or directory)
I/sysproc (  343): System server: starting Android runtime.
I/sysproc (  343): System server: starting Android services.
I/sysproc (  343): System server: entering thread pool.
I/SystemServer(  343): Entered the Android system server!
I/SystemServer(  343): Entropy Mixer
I/SystemServer(  343): Power Manager
I/SystemServer(  343): Activity Manager
I/ActivityManager(  343): Memory class: 48
W/UsageStats(  343): Usage stats version changed; dropping
I/ActivityManager(  343): Enabled StrictMode logging for AThread's Looper
I/SystemServer(  343): Telephony Registry
I/SystemServer(  343): Scheduling Policy
I/SystemServer(  343): Package Manager
W/PackageManager(  343): Library not found: /system/framework/com.google.android.media.effects.jar
W/PackageParser(  343): No actions in intent filter at /system/app/Bluetooth.apk Binary XML file line #166
W/PackageParser(  343): No actions in intent filter at /system/app/Bluetooth.apk Binary XML file line #190
W/PackageParser(  343): No actions in intent filter at /system/app/Contacts.apk Binary XML file line #546
W/PackageParser(  343): No actions in intent filter at /system/app/DeskClock.apk Binary XML file line #150
W/PackageParser(  343): No actions in intent filter at /system/app/DeskClock.apk Binary XML file line #159
D/PackageManager(  343): No files in app dir /vendor/app
I/Installer(  343): connecting...
I/installd(  138): new connection
I/PackageManager(  343): Time to scan packages: 2.484 seconds
W/PackageManager(  343): Unknown permission com.google.android.googleapps.permission.GOOGLE_AUTH.mail in package com.android.contacts
W/PackageManager(  343): Unknown permission android.permission.ADD_SYSTEM_SERVICE in package com.android.phone
W/PackageManager(  343): Unknown permission com.google.android.googleapps.permission.GOOGLE_AUTH in package com.android.providers.calendar
W/PackageManager(  343): Unknown permission com.google.android.googleapps.permission.GOOGLE_AUTH.cl in package com.android.providers.calendar
W/PackageManager(  343): Unknown permission com.google.android.googleapps.permission.GOOGLE_AUTH.mail in package com.android.calendar
W/PackageManager(  343): Not granting permission android.permission.SEND_DOWNLOAD_COMPLETED_INTENTS to package com.android.browser (protectionLevel=2 flags=0x9be45)
W/PackageManager(  343): Unknown permission com.google.android.googleapps.permission.GOOGLE_AUTH in package com.android.settings
W/PackageManager(  343): Unknown permission com.google.android.googleapps.permission.GOOGLE_AUTH in package com.android.providers.contacts
W/PackageManager(  343): Unknown permission com.google.android.googleapps.permission.GOOGLE_AUTH.cp in package com.android.providers.contacts
W/PackageManager(  343): Unknown permission android.permission.ACCESS_4G_RADIO_DISABLE in package com.android.systemui
W/PackageManager(  343): Unknown permission android.permission.ACCESS_4G_STATE in package com.android.systemui
W/PackageManager(  343): Unknown permission android.permission.CHANGE_4G_STATE in package com.android.systemui
W/PackageManager(  343): Unknown permission com.google.android.googleapps.permission.ACCESS_GOOGLE_PASSWORD in package com.android.development
W/PackageManager(  343): Unknown permission com.google.android.googleapps.permission.GOOGLE_AUTH in package com.android.development
W/PackageManager(  343): Unknown permission com.google.android.googleapps.permission.GOOGLE_AUTH.ALL_SERVICES in package com.android.development
W/PackageManager(  343): Unknown permission com.google.android.googleapps.permission.GOOGLE_AUTH.YouTubeUser in package com.android.development
W/PackageManager(  343): Not granting permission android.permission.DEVICE_POWER to package com.android.deskclock (protectionLevel=2 flags=0x8be45)
D/dalvikvm(  343): GC_EXPLICIT freed 1832K, 56% free 3627K/8195K, paused 3ms+6ms, total 54ms
I/SystemServer(  343): Account Manager
D/PackageManager(  343): generateServicesMap(android.accounts.AccountAuthenticator): 2 services unchanged
I/ActivityThread(  343): Pub settings: com.android.providers.settings.SettingsProvider
I/SystemServer(  343): Content Manager
I/SystemServer(  343): System Content Providers
D/SettingsProvider(  343): cache for settings table 'secure' rows=42; fullycached=true
D/SettingsProvider(  343): cache for settings table 'system' rows=49; fullycached=true
I/SystemServer(  343): Lights Service
I/SystemServer(  343): Battery Service
E/lights  (  343): write_int failed to open /sys/class/leds/blue/brightness
I/SystemServer(  343): Vibrator Service
I/libsuspend(  343): Selected early suspend
I/SystemServer(  343): Alarm Manager
D/AlarmManagerService(  343): Kernel timezone updated to 240 minutes west of GMT
I/SystemServer(  343): Init Watchdog
I/SystemServer(  343): Window Manager
I/InputManager(  343): Initializing input manager
W/StatusBarManager(  343): warning: no STATUS_BAR_SERVICE
V/ExtendedExtractor(  136): Failed to open MM_PARSER_LIB, dlerror = Cannot load library: reloc_library[1331]:   136 cannot locate '_ZN7android11MediaSource13getBufferInfoERNS_2spINS_7IMemoryEEEPj'...
V/ExtendedExtractor(  136):  
V/ExtendedExtractor(  136): Failed to open MM_PARSER_LITE_LIB, dlerror = Cannot load library: load_library[1118]: Library 'libmmparser_lite.so' not found 
W/WVMExtractor(  136): Failed to open libwvm.so
E/Trace   (  136): error opening trace file: No such file or directory (2)
D/PermissionCache(  133): checking android.permission.ACCESS_SURFACE_FLINGER for uid=1000 => granted (518 us)
I/WindowManager(  343): Enabled StrictMode for PolicyThread's Looper
I/InputManager(  343): Starting input manager
I/SystemServer(  343): Bluetooth Service
I/WindowManager(  343): Enabled StrictMode logging for WMThread's Looper
D/EventHub(  343): No input device configuration file found for device '7k_handset'.
W/WVMExtractor(  136): Failed to open libwvm.so
I/EventHub(  343): New device: id=1, fd=95, path='/dev/input/event5', name='7k_handset', classes=0x81, configuration='', keyLayout='/system/usr/keylayout/7k_handset.kl', keyCharacterMap='/system/usr/keychars/Generic.kcm', builtinKeyboard=false, usingSuspendBlockIoctl=false, usingClockIoctl=false
D/EventHub(  343): No input device configuration file found for device 'compass'.
D/EventHub(  343): No input device configuration file found for device 'proximity'.
I/BluetoothProfileState(  343): Message:Entering Stable State
D/EventHub(  343): No input device configuration file found for device 'light'.
I/BluetoothProfileState(  343): Message:Entering Stable State
I/BluetoothProfileState(  343): Message:Entering Stable State
D/BluetoothAdapterStateMachine(  343): PowerOff process message: 5
D/EventHub(  343): No input device configuration file found for device 'syna-touchscreen'.
E/filemap (  343): mmap(0,4096) failed: No such device
I/bluedroid(  343): Starting hciattach daemon
I/EventHub(  343): New device: id=5, fd=112, path='/dev/input/event1', name='syna-touchscreen', classes=0x15, configuration='', keyLayout='/system/usr/keylayout/Generic.kl', keyCharacterMap='/system/usr/keychars/Generic.kcm', builtinKeyboard=false, usingSuspendBlockIoctl=false, usingClockIoctl=false
D/EventHub(  343): No input device configuration file found for device 'arthur_keypad'.
D/BluetoothA2dpService(  343): has_special_extra_keys: com.amazon.mp3.metachanged
D/BluetoothA2dpService(  343): key_name: com.amazon.mp3.metachanged_track
I/EventHub(  343): New device: id=6, fd=111, path='/dev/input/event0', name='arthur_keypad', classes=0x1, configuration='', keyLayout='/system/usr/keylayout/arthur_keypad.kl', keyCharacterMap='/system/usr/keychars/Generic.kcm', builtinKeyboard=false, usingSuspendBlockIoctl=false, usingClockIoctl=false
I/InputReader(  343): Device added: id=-1, name='Virtual', sources=0x00000301
I/InputReader(  343): Device added: id=6, name='arthur_keypad', sources=0x00000101
I/InputReader(  343):   Touch device 'syna-touchscreen' could not query the properties of its associated display 0.  The device will be inoperable until the display size becomes available.
I/InputReader(  343): Device added: id=5, name='syna-touchscreen', sources=0x00002103
I/InputReader(  343): Device added: id=1, name='7k_handset', sources=0x80000101
I/qcom-bluetooth(  390): /system/etc/init.qcom.bt.sh: Power Class: Ignored. Default(1) used (1-CLASS1/2-CLASS2/3-CUSTOM) 
E/Trace   (  343): error opening trace file: No such file or directory (2)
D/BluetoothA2dpService(  343): com.amazon.mp3.metachanged_track: com.amazon.mp3.track
D/BluetoothA2dpService(  343): key_name: com.amazon.mp3.metachanged_artist
D/BluetoothA2dpService(  343): com.amazon.mp3.metachanged_artist: com.amazon.mp3.artist
D/BluetoothA2dpService(  343): key_name: com.amazon.mp3.metachanged_album
I/qcom-bluetooth(  391): /system/etc/init.qcom.bt.sh: Power Class: To override, Before turning BT ON; setprop qcom.bt.dev_power_class <1 or 2 or 3> 
D/BluetoothA2dpService(  343): com.amazon.mp3.metachanged_album: com.amazon.mp3.album
D/BluetoothA2dpService(  343): key_name: com.amazon.mp3.metachanged_id
D/BluetoothA2dpService(  343): com.amazon.mp3.metachanged_id: com.amazon.mp3.id
D/BluetoothA2dpService(  343): has_special_extra_keys: com.amazon.mp3.playstatechanged
D/BluetoothA2dpService(  343): key_name: com.amazon.mp3.playstatechanged_track
D/BluetoothA2dpService(  343): com.amazon.mp3.playstatechanged_track: com.amazon.mp3.track
D/BluetoothA2dpService(  343): key_name: com.amazon.mp3.playstatechanged_artist
D/BluetoothA2dpService(  343): com.amazon.mp3.playstatechanged_artist: com.amazon.mp3.artist
D/BluetoothA2dpService(  343): key_name: com.amazon.mp3.playstatechanged_album
D/BluetoothA2dpService(  343): com.amazon.mp3.playstatechanged_album: com.amazon.mp3.album
D/BluetoothA2dpService(  343): key_name: com.amazon.mp3.playstatechanged_id
D/BluetoothA2dpService(  343): com.amazon.mp3.playstatechanged_id: com.amazon.mp3.id
I/SystemServer(  343): Input Method Service
W/InputMethodManagerService(  343): Couldn't create dir.: /data/system/inputmethod
I/SystemServer(  343): Accessibility Manager
I/InputReader(  343): Reconfiguring input devices.  changes=0x00000004
I/InputReader(  343): Device reconfigured: id=5, name='syna-touchscreen', surface size is now 480x800, mode is 3
I/ActivityManager(  343): Config changed: {1.0 0mcc0mnc en_US sw320dp w320dp h508dp nrml long port ?uimode ?night -touch -keyb/v/h -nav/h s.2 themeResource=null}
I/SystemServer(  343): Mount Service
D/MountService(  343): got storage path: /mnt/sdcard description: USB storage primary: true removable: false emulated: false mtpReserve: 0 allowMassStorage: false maxFileSize: 0
I/SystemServer(  343): LockSettingsService
I/SystemServer(  343): Device Policy
I/SystemServer(  343): Status Bar
I/SystemServer(  343): Clipboard Service
I/SystemServer(  343): NetworkManagement Service
D/VoldCmdListener(  129): volume list
I/PackageManager(  343): Updating external media status from unmounted to unmounted
I/PackageManager(  343): No secure containers on sdcard
D/MountService(  343): volume state changed for /mnt/sdcard (null -> unmounted)
W/MountService(  343): getSecureContainerList() called when storage not mounted
D/VoldCmdListener(  129): asec list
I/SystemServer(  343): Text Service Manager Service
W/PackageManager(  343): Unknown permission com.google.android.googleapps.permission.GOOGLE_AUTH.mail in package com.android.contacts
W/PackageManager(  343): Unknown permission android.permission.ADD_SYSTEM_SERVICE in package com.android.phone
W/PackageManager(  343): Unknown permission com.google.android.googleapps.permission.GOOGLE_AUTH in package com.android.providers.calendar
W/PackageManager(  343): Unknown permission com.google.android.googleapps.permission.GOOGLE_AUTH.cl in package com.android.providers.calendar
W/PackageManager(  343): Unknown permission com.google.android.googleapps.permission.GOOGLE_AUTH.mail in package com.android.calendar
W/PackageManager(  343): Not granting permission android.permission.SEND_DOWNLOAD_COMPLETED_INTENTS to package com.android.browser (protectionLevel=2 flags=0x9be45)
W/PackageManager(  343): Unknown permission com.google.android.googleapps.permission.GOOGLE_AUTH in package com.android.settings
W/PackageManager(  343): Unknown permission com.google.android.googleapps.permission.GOOGLE_AUTH in package com.android.providers.contacts
W/PackageManager(  343): Unknown permission com.google.android.googleapps.permission.GOOGLE_AUTH.cp in package com.android.providers.contacts
W/PackageManager(  343): Unknown permission android.permission.ACCESS_4G_RADIO_DISABLE in package com.android.systemui
W/PackageManager(  343): Unknown permission android.permission.ACCESS_4G_STATE in package com.android.systemui
W/PackageManager(  343): Unknown permission android.permission.CHANGE_4G_STATE in package com.android.systemui
W/PackageManager(  343): Unknown permission com.google.android.googleapps.permission.ACCESS_GOOGLE_PASSWORD in package com.android.development
W/PackageManager(  343): Unknown permission com.google.android.googleapps.permission.GOOGLE_AUTH in package com.android.development
W/PackageManager(  343): Unknown permission com.google.android.googleapps.permission.GOOGLE_AUTH.ALL_SERVICES in package com.android.development
W/PackageManager(  343): Unknown permission com.google.android.googleapps.permission.GOOGLE_AUTH.YouTubeUser in package com.android.development
W/PackageManager(  343): Not granting permission android.permission.DEVICE_POWER to package com.android.deskclock (protectionLevel=2 flags=0x8be45)
I/SystemServer(  343): NetworkStats Service
I/SystemServer(  343): NetworkPolicy Service
I/SystemServer(  343): Wi-Fi P2pService
I/SystemServer(  343): Wi-Fi Service
E/CommandListener(  130): Failed to open /proc/sys/net/ipv6/conf/wlan0/disable_ipv6: No such file or directory
E/WifiStateMachine(  343): Failed to disable IPv6: java.lang.IllegalStateException: command '1 interface ipv6 wlan0 disable' failed with '400 1 Failed to change IPv6 state (No such file or directory)'
I/SystemServer(  343): Connectivity Service
D/ConnectivityService(  343): ConnectivityService starting up
E/MobileDataStateTracker(  343): default: Ignoring feature request because could not acquire PhoneService
E/MobileDataStateTracker(  343): default: Could not enable APN type "default"
D/WifiWatchdogStateMachine(  343): Disabling poor network avoidance for wi-fi only device
I/WifiService(  343): WifiService starting up with Wi-Fi disabled
I/SystemServer(  343): Network Service Discovery Service
D/NsdService(  343): Network service discovery enabled true
I/SystemServer(  343): Throttle Service
I/SystemServer(  343): UpdateLock Service
I/SystemServer(  343): Profile Manager
D/ProfileService(  343): Found active: f58fb6b1-2018-4d31-abf2-32a71933359f
D/ProfileService(  343): Set active profile to: f58fb6b1-2018-4d31-abf2-32a71933359f - Default
D/ProfileService(  343): Saving profile data...
D/ProfileService(  343): Save completed.
D/PackageManager(  343): generateServicesMap(android.accounts.AccountAuthenticator): 2 services unchanged
D/PackageManager(  343): generateServicesMap(android.content.SyncAdapter): 4 services unchanged
I/SystemServer(  343): Notification Manager
I/SystemServer(  343): Device Storage Monitor
I/SystemServer(  343): Location Manager
I/SystemServer(  343): Country Detector
I/SystemServer(  343): Search Service
I/SystemServer(  343): DropBox Service
I/SystemServer(  343): Wallpaper Service
I/SystemServer(  343): Audio Service
D/dalvikvm(  343): GC_CONCURRENT freed 1484K, 53% free 3882K/8195K, paused 12ms+10ms, total 87ms
I/SystemServer(  343): Dock Observer
W/DockObserver(  343): This kernel does not have dock station support
I/SystemServer(  343): Wired Accessory Observer
W/WiredAccessoryObserver(  343): This kernel does not have usb audio support
W/WiredAccessoryObserver(  343): This kernel does not have samsung usb dock audio support
W/WiredAccessoryObserver(  343): This kernel does not have HDMI audio support
I/SystemServer(  343): USB Service
I/SystemServer(  343): Serial Service
I/SystemServer(  343): UI Mode Manager Service
I/SystemServer(  343): Backup Service
V/BackupManagerService(  343): Initializing package tracking
V/BackupManagerService(  343): No ancestral data
V/BackupManagerService(  343): addPackageParticipantsLocked: all
I/BackupManagerService(  343): New app android never backed up; scheduling
D/BackupManagerService(  343): Now staging backup of android
I/BackupManagerService(  343): New app com.android.browser never backed up; scheduling
D/BackupManagerService(  343): Now staging backup of com.android.browser
I/BackupManagerService(  343): New app com.android.calendar never backed up; scheduling
D/BackupManagerService(  343): Now staging backup of com.android.calendar
I/BackupManagerService(  343): New app com.android.inputmethod.latin never backed up; scheduling
D/BackupManagerService(  343): Now staging backup of com.android.inputmethod.latin
I/BackupManagerService(  343): New app com.android.providers.settings never backed up; scheduling
D/BackupManagerService(  343): Now staging backup of com.android.providers.settings
I/BackupManagerService(  343): New app com.android.providers.userdictionary never backed up; scheduling
D/BackupManagerService(  343): Now staging backup of com.android.providers.userdictionary
I/BackupManagerService(  343): New app com.android.sharedstoragebackup never backed up; scheduling
D/BackupManagerService(  343): Now staging backup of com.android.sharedstoragebackup
V/BackupManagerService(  343): Registering transport android/com.android.internal.backup.LocalTransport = com.android.internal.backup.LocalTransport@40fd17e8
V/BackupManagerService(  343): Starting with transport com.google.android.backup/.BackupTransportService
V/BackupManagerService(  343): Google transport not present
I/BackupManagerService(  343): Found stale backup journal, scheduling
I/BackupManagerService(  343):   android
I/BackupManagerService(  343):   com.android.browser
I/BackupManagerService(  343):   com.android.calendar
I/BackupManagerService(  343):   com.android.inputmethod.latin
I/BackupManagerService(  343):   com.android.providers.settings
I/BackupManagerService(  343):   com.android.providers.userdictionary
I/BackupManagerService(  343):   com.android.sharedstoragebackup
I/BackupManagerService(  343): Backup enabled => false
I/BackupManagerService(  343): Opting out of backup
I/SystemServer(  343): AppWidget Service
I/SystemServer(  343): Recognition Service
I/SystemServer(  343): DiskStats Service
I/SystemServer(  343): SamplingProfiler Service
I/WindowManager(  343): SAFE MODE not enabled
D/dalvikvm(  343): JIT started for system_server
I/SystemServer(  343): NetworkTimeUpdateService
I/SystemServer(  343): CommonTimeManagementService
I/SystemServer(  343): CertBlacklister
I/SystemServer(  343): AssetRedirectionManager Service
D/PowerManagerService(  343): system ready!
I/ActivityManager(  343): System now ready
I/SystemServer(  343): Making services ready
D/SystemServer(  343): Starting service: Intent { cmp=com.android.systemui/.SystemUIService }
V/LockPatternKeyguardView(  343): Set visibility on com.android.internal.policy.impl.LockPatternKeyguardView$5@40f22728 to 0
I/Zygote  (  343): Process: zygote socket opened
I/ActivityManager(  343): Start proc com.android.systemui for service com.android.systemui/.SystemUIService: pid=421 uid=10038 gids={1028, 1015, 3002, 3001}
D/NetworkManagementService(  343): enabling bandwidth control
E/Trace   (  421): error opening trace file: No such file or directory (2)
E/BandwidthController(  130): runIptablesCmd(): failed /system/bin/iptables -t raw -A bw_raw_PREROUTING ! -i lo+ -m owner --socket-exists res=768
E/BandwidthController(  130): runIptablesCmd(): failed /system/bin/ip6tables -t raw -A bw_raw_PREROUTING ! -i lo+ -m owner --socket-exists res=768
F/NetworkManagementService(  343): problem enabling bandwidth controls
F/NetworkManagementService(  343): com.android.server.NativeDaemonConnector$NativeDaemonFailureException: command '2 bandwidth enable' failed with '400 2 Bandwidth command failed'
F/NetworkManagementService(  343): 	at com.android.server.NativeDaemonConnector.execute(NativeDaemonConnector.java:345)
F/NetworkManagementService(  343): 	at com.android.server.NativeDaemonConnector.executeForList(NativeDaemonConnector.java:282)
F/NetworkManagementService(  343): 	at com.android.server.NativeDaemonConnector.execute(NativeDaemonConnector.java:248)
F/NetworkManagementService(  343): 	at com.android.server.NetworkManagementService.prepareNativeDaemon(NetworkManagementService.java:293)
F/NetworkManagementService(  343): 	at com.android.server.NetworkManagementService.systemReady(NetworkManagementService.java:189)
F/NetworkManagementService(  343): 	at com.android.server.ServerThread$1.run(SystemServer.java:850)
F/NetworkManagementService(  343): 	at com.android.server.am.ActivityManagerService.systemReady(ActivityManagerService.java:7640)
F/NetworkManagementService(  343): 	at com.android.server.ServerThread.run(SystemServer.java:839)
W/NetworkStats(  343): bandwidth controls disabled, unable to track stats
W/NetworkPolicy(  343): bandwidth controls disabled, unable to enforce policy
I/ActivityManager(  343): Config changed: {1.0 0mcc0mnc en_US sw320dp w320dp h508dp nrml long port -touch -keyb/v/h -nav/h s.3 themeResource=null}
V/TransportControlView(  343): Create TCV com.android.internal.widget.TransportControlView@4111a920
W/RecognitionManagerService(  343): no available voice recognition services found
D/dalvikvm(  343): GC_CONCURRENT freed 643K, 39% free 5011K/8195K, paused 8ms+11ms, total 107ms
D/SystemUIService(  421): loading: class com.android.systemui.statusbar.phone.PhoneStatusBar
D/SystemUIService(  421): running: com.android.systemui.statusbar.phone.PhoneStatusBar@40f4a570
I/StatusBarManagerService(  343): registerStatusBar bar=com.android.internal.statusbar.IStatusBar$Stub$Proxy@40f50490
V/KeyguardViewManager(  343): KGVM: Set visibility on com.android.internal.policy.impl.KeyguardViewManager$KeyguardViewHost@40f3dd10 to 6291456
I/ActivityManager(  343): Start proc android.process.media for broadcast com.android.providers.media/.UsbReceiver: pid=480 uid=10015 gids={1015, 1023, 1024, 1028, 2001, 3003, 3007}
I/PowerWidget(  421): Clearing any old widget stuffs
I/PowerWidget(  421): Setting up widget
I/PowerWidget(  421): Default buttons being loaded
I/PowerWidget(  421): Button list: toggleWifi|toggleBluetooth|toggleGPS|toggleSound
E/Trace   (  480): error opening trace file: No such file or directory (2)
I/ActivityThread(  480): Pub media: com.android.providers.media.MediaProvider
I/ActivityThread(  480): Pub downloads: com.android.providers.downloads.DownloadProvider
I/ActivityThread(  480): Pub drm: com.android.providers.drm.DrmProvider
I/DownloadManager(  480): in removeSpuriousFiles
W/InputMethodManagerService(  343): Ignoring setImeWindowStatus of uid 1000 token: null
I/ActivityManager(  343): Start proc com.android.inputmethod.latin for service com.android.inputmethod.latin/.LatinIME: pid=505 uid=10022 gids={1028}
I/Choreographer(  343): Skipped 159 frames!  The application may be doing too much work on its main thread.
E/Trace   (  505): error opening trace file: No such file or directory (2)
I/LocationManagerService(  343): Setting GPS Source to: 0
W/SubtypeLocale(  505): KeyboardLayoutSet not found, use QWERTY: locale=hu_ZZ extraValue=AsciiCapable,SupportTouchPositionCorrection
I/PowerWidget(  421): Clearing any old widget stuffs
I/PowerWidget(  421): Setting up widget
I/PowerWidget(  421): Default buttons being loaded
I/PowerWidget(  421): Button list: toggleWifi|toggleBluetooth|toggleGPS|toggleSound
D/MtpService(  480): starting MTP server in MTP mode
D/PhoneStatusBar(  421): disable: < expand icons alerts ticker system_info back home recent clock >
I/CommonTimeManagementService(  343): No common time service detected on this platform.  Common time services will be unavailable.
D/StorageNotification(  421): Startup with UMS connection false (media state unmounted)
I/StorageNotification(  421): UMS connection changed to false (media state unmounted)
I/InputReader(  343): Reconfiguring input devices.  changes=0x00000020
I/ActivityManager(  343): Start proc com.android.phone for added application com.android.phone: pid=530 uid=1001 gids={3002, 3001, 3003, 1015, 1028}
W/ThrottleService(  343): unable to find stats for iface rmnet0
I/InputReader(  343): Reconfiguring input devices.  changes=0x00000010
W/ProcessStats(  343): Skipping unknown process pid 480
I/ActivityManager(  343): START {act=android.intent.action.MAIN cat=[android.intent.category.HOME] flg=0x10000000 cmp=com.cyanogenmod.trebuchet/.Launcher u=0} from pid 0
V/LockPatternKeyguardView(  343): Set visibility on com.android.internal.policy.impl.LockPatternKeyguardView$5@40f22728 to 8388608
D/SystemUIService(  421): loading: class com.android.systemui.power.PowerUI
D/SystemUIService(  421): running: com.android.systemui.power.PowerUI@410c9190
I/Choreographer(  343): Skipped 43 frames!  The application may be doing too much work on its main thread.
I/ActivityManager(  343): Start proc com.cyanogenmod.trebuchet for activity com.cyanogenmod.trebuchet/.Launcher: pid=560 uid=10040 gids={1028}
I/SystemServer(  343): Enabled StrictMode for system server main thread.
I/ActivityManager(  343): Process android.process.media (pid 480) has died.
W/ActivityManager(  343): Scheduling restart of crashed service com.android.providers.media/.MtpService in 5000ms
W/InputAttributes(  505): No editor info for this field. Bug?
D/SystemUIService(  421): loading: class com.android.systemui.media.RingtonePlayer
D/SystemUIService(  421): running: com.android.systemui.media.RingtonePlayer@410c9df0
E/Trace   (  530): error opening trace file: No such file or directory (2)
E/Trace   (  560): error opening trace file: No such file or directory (2)
E/ActivityThread(  505): Failed to find provider info for com.android.inputmethod.latin.dictionarypack
E/BinaryDictionaryGetter(  505): Could not find a dictionary pack
I/ActivityManager(  343): Start proc android.process.acore for content provider com.android.providers.userdictionary/.UserDictionaryProvider: pid=578 uid=10001 gids={3003, 1015, 1028}
W/WindowManager(  343): Window freeze timeout expired.
W/WindowManager(  343): Force clearing orientation change: Window{40f18ff0 Keyguard paused=false}
I/ActivityThread(  560): Pub com.cyanogenmod.trebuchet.settings: com.cyanogenmod.trebuchet.LauncherProvider
I/ActivityThread(  530): Pub mms: com.android.providers.telephony.MmsProvider
D/PhoneStatusBar(  421): addNotification score=-20
E/Trace   (  578): error opening trace file: No such file or directory (2)
I/ActivityThread(  530): Pub sms: com.android.providers.telephony.SmsProvider
I/ActivityThread(  530): Pub telephony: com.android.providers.telephony.TelephonyProvider
W/TelephonyProvider(  530): onCreate: confFile=/system/etc/apns-conf.xml oldCheckSum=-1
I/ActivityThread(  530): Pub icc: com.android.phone.IccProvider
I/ActivityThread(  530): Pub mms-sms: com.android.providers.telephony.MmsSmsProvider
I/ActivityThread(  578): Pub com.android.voicemail: com.android.providers.contacts.VoicemailContentProvider
D/dalvikvm(  343): GC_CONCURRENT freed 1507K, 35% free 5347K/8195K, paused 371ms+151ms, total 1671ms
D/dalvikvm(  343): WAIT_FOR_CONCURRENT_GC blocked 788ms
D/dalvikvm(  343): WAIT_FOR_CONCURRENT_GC blocked 587ms
D/dalvikvm(  343): WAIT_FOR_CONCURRENT_GC blocked 588ms
D/dalvikvm(  343): WAIT_FOR_CONCURRENT_GC blocked 566ms
E/qcom-bluetooth(  594): /system/etc/init.qcom.bt.sh: Bluetooth QSoC firmware download failed: exit code 1 
V/LockPatternKeyguardView(  343): Set visibility on com.android.internal.policy.impl.LockPatternKeyguardView$5@40f22728 to 8388608
D/PhoneStatusBar(  421): disable: < expand icons alerts ticker system_info back home RECENT* clock >
D/PhoneStatusBar(  421): addNotification score=-10
I/ActivityThread(  578): Pub applications: com.android.providers.applications.ApplicationsProvider
I/Choreographer(  343): Skipped 338 frames!  The application may be doing too much work on its main thread.
I/ActivityManager(  343): Start proc android.process.media for service com.android.providers.media/.MtpService: pid=602 uid=10015 gids={1015, 1023, 1024, 1028, 2001, 3003, 3007}
E/Trace   (  602): error opening trace file: No such file or directory (2)
I/Choreographer(  421): Skipped 545 frames!  The application may be doing too much work on its main thread.
I/ActivityThread(  578): Pub contacts;com.android.contacts: com.android.providers.contacts.ContactsProvider2
I/Choreographer(  343): Skipped 140 frames!  The application may be doing too much work on its main thread.
I/ActivityThread(  602): Pub media: com.android.providers.media.MediaProvider
W/ResourceType(  560): Attempt to retrieve bag 0x7f0d0017 which is invalid or in a cycle.
W/ResourceType(  560): Attempt to retrieve bag 0x7f0d0017 which is invalid or in a cycle.
W/ResourceType(  560): Attempt to retrieve bag 0x7f0d0017 which is invalid or in a cycle.
W/ResourceType(  560): Attempt to retrieve bag 0x7f0d0017 which is invalid or in a cycle.
W/ResourceType(  560): Attempt to retrieve bag 0x7f0d0017 which is invalid or in a cycle.
I/ActivityManager(  343): Start proc com.android.smspush for service com.android.smspush/.WapPushManager: pid=626 uid=10045 gids={1028}
I/ActivityThread(  578): Pub call_log: com.android.providers.contacts.CallLogProvider
I/ActivityThread(  578): Pub user_dictionary: com.android.providers.userdictionary.UserDictionaryProvider
D/dalvikvm(  343): GC_EXPLICIT freed 295K, 37% free 5212K/8195K, paused 133ms+101ms, total 1195ms
I/ActivityThread(  602): Pub downloads: com.android.providers.downloads.DownloadProvider
W/Resources(  560): Converting to int: TypedValue{t=0x3/d=0x12 "4" a=-1}
W/Resources(  560): Converting to int: TypedValue{t=0x3/d=0xf "1" a=-1}
D/MockSmsReceiver(  530): Registered MockSmsReceiver
I/ActivityManager(  343): Process com.cyanogenmod.trebuchet (pid 560) has died.
E/Trace   (  626): error opening trace file: No such file or directory (2)
D/loc_api_rpc_glue(  343): Loc API RPC client initialized.
D/GpsLocationProvider(  343): set_capabilities_callback: 7
D/libloc  (  343): loc_read_gps_conf: using /etc/gps.conf
D/SizeAdaptiveLayout(  421): com.android.internal.widget.SizeAdaptiveLayout@410fea58child view android.widget.FrameLayout@41100340 measured out of bounds at 95px clamped to 96px
D/SizeAdaptiveLayout(  421): com.android.internal.widget.SizeAdaptiveLayout@410e5030child view android.widget.FrameLayout@410eb4e0 measured out of bounds at 95px clamped to 96px
D/libloc  (  343): loc_eng_init created client, id = 0
D/libloc  (  343): loc_eng_ni_init: entered.
D/libloc  (  343): loc_eng_set_server, type = 1, hostname = supl.google.com, port = 7276
D/libloc  (  343): loc_eng_set_server, addr = supl.google.com:7276
D/libloc  (  343): loc_eng_ioctl called: client = 0, ioctl_type = RPC_LOC_IOCTL_SET_UMTS_SLP_SERVER_ADDR
D/RPC     (  343): 3000008c:00050000 sending call (XID 1).
D/RPC     (  343): 3000008c:00050000 received REPLY (XID 1), grabbing mutex to wake up client.
D/RPC     (  343): 3000008c:00050000 call success.
D/RPC     (  343): 3000008c:00050000 sending call (XID 2).
D/RPC     (  343): 3000008c:00050000 received REPLY (XID 2), grabbing mutex to wake up client.
D/RPC     (  343): 3000008c:00050000 call success.
D/libloc  (  343): loc_eng_deferred_action_thread started
D/libloc  (  343): loc_eng_set_gps_lock mode, client = 0, lock_type = 1
D/libloc  (  343): loc_eng_ioctl called: client = 0, ioctl_type = RPC_LOC_IOCTL_SET_ENGINE_LOCK
D/RPC     (  343): 3000008c:00050000 received CALL.
D/RPC     (  343): 3000008c:00050000 sending call (XID 3).
I/ActivityManager(  343): Start proc com.cyanogenmod.trebuchet for activity com.cyanogenmod.trebuchet/.Launcher: pid=649 uid=10040 gids={1028}
D/libloc  (  343): loc_eng_ioctl result: client = 0, ioctl_type = RPC_LOC_IOCTL_SET_UMTS_SLP_SERVER_ADDR, RPC_LOC_API_SUCCESS
D/RPC     (  343): 3000008c:00050000 waiting for XDR input buffer to be consumed.
D/RPC     (  343): 3000008c:00050000 dispatching RPC call (XID 16, xdr 0x3986a8) for callback client 3100008c:00050001.
D/RPC     (  343): 3000008c:00050000 received REPLY (XID 3), grabbing mutex to wake up client.
D/RPC     (  343): 3000008c:00050000 call success.
D/RPC     (  343): 3100008c:327681 sending RPC reply (XID 16)
D/libloc  (  343): loc_eng_ioctl result: client = 0, ioctl_type = RPC_LOC_IOCTL_SET_ENGINE_LOCK, RPC_LOC_API_SUCCESS
D/RPC     (  343): 3000008c:00050000 received CALL.
D/RPC     (  343): 3000008c:00050000 dispatching RPC call (XID 17, xdr 0x3986a8) for callback client 3100008c:00050001.
D/RPC     (  343): 3100008c:327681 sending RPC reply (XID 17)
D/libloc  (  343): loc_eng_deferred_action_thread. waiting for events
D/libEGL  (  421): loaded /system/lib/egl/libEGL_adreno200.so
D/libEGL  (  421): loaded /system/lib/egl/libGLESv1_CM_adreno200.so
D/libEGL  (  421): loaded /system/lib/egl/libGLESv2_adreno200.so
I/Adreno200-EGL(  421): <qeglDrvAPI_eglInitialize:294>: EGL 1.4 QUALCOMM build: GFXGITP4_AU_LINUX_ANDROID_JB.04.01.01.00.036+PATCH[ES]_msm8960_JB_CL2648890_release_ENGG (CL2648890)
I/Adreno200-EGL(  421): Build Date: 07/31/12 Tue
I/Adreno200-EGL(  421): Local Branch: p4-merge-candidate
I/Adreno200-EGL(  421): Remote Branch: quic/master
I/Adreno200-EGL(  421): Local Patches: 55e064af55e39ed47722bcb6fd79bdab10040164 CL2648890: Oxili HWL : Don't bypass filtering on depth formats if comparison function for look ups is enabled for shadow mapping.
I/Adreno200-EGL(  421):                  bfccf4bb1419e8606fbdcb31bf3472fac4ec72b4 CL2647889: Fixes glComrpessedTexImage so that it checks i
D/dalvikvm(  134): GC_EXPLICIT freed 34K, 74% free 2157K/8195K, paused 147ms+6ms, total 772ms
D/dalvikvm(  134): GC_EXPLICIT freed <1K, 74% free 2157K/8195K, paused 2ms+2ms, total 35ms
D/dalvikvm(  134): GC_EXPLICIT freed <1K, 74% free 2157K/8195K, paused 2ms+4ms, total 31ms
I/ActivityThread(  602): Pub drm: com.android.providers.drm.DrmProvider
I/DownloadManager(  602): in removeSpuriousFiles
W/WindowManager(  343): Window freeze timeout expired.
W/WindowManager(  343): Force clearing orientation change: Window{411e9ac8 StatusBar paused=false}
