--------- beginning of /dev/log/main
I/cm      (  123): Welcome to Android 4.1.2 / CyanogenMod-10-20121102-UNOFFICIAL-arthur 
I/cm      (  124):                                                 _  
I/cm      (  125):  __ __ _ ___  _ _  __  ___  __ _ _  _  _  __  __)) 
I/cm      (  126): ((_ \(/'((_( ((\( ((_)((_( (('((\( ((`1( ((_)((_(  
I/cm      (  127):      ))                 _)) 
I/cm      (  128):   
I/DEBUG   (  133): debuggerd: Nov  1 2012 23:38:04
E/rmt_storage(  142): rmt_storage force sync
E/rmt_storage(  142): [MyTag]open: fd=11
--------- beginning of /dev/log/system
I/Vold    (  131): Vold 2.1 (the revenge) firing up
D/Vold    (  131): Volume sdcard state changing -1 (Initializing) -> 0 (No-Media)
I/Netd    (  132): Netd 1.0 starting
D/Vold    (  131): Volume sdcard state changing 0 (No-Media) -> 2 (Pending)
D/DirectVolume(  131): DirectVolume::handlePartitionAdded -> MAJOR 179, MINOR 33, PARTN 1
D/DirectVolume(  131): DirectVolume::handlePartitionAdded -> MAJOR 179, MINOR 34, PARTN 2
D/DirectVolume(  131): DirectVolume::handlePartitionAdded -> MAJOR 179, MINOR 35, PARTN 3
D/Vold    (  131): Volume sdcard state changing 2 (Pending) -> 1 (Idle-Unmounted)
E/rmt_storage(  142): block rmt_storage client thread
D/AndroidRuntime(  136): 
D/AndroidRuntime(  136): >>>>>> AndroidRuntime START com.android.internal.os.ZygoteInit <<<<<<
D/AndroidRuntime(  136): CheckJNI is OFF
I/SurfaceFlinger(  135): SurfaceFlinger is starting
I/SurfaceFlinger(  135): SurfaceFlinger's main thread ready to run. Initializing graphics H/W...
I/gralloc (  135): using (fd=14)
I/gralloc (  135): id           = msmfb40_30001
I/gralloc (  135): xres         = 480 px
I/gralloc (  135): yres         = 800 px
I/gralloc (  135): xres_virtual = 480 px
I/gralloc (  135): yres_virtual = 2400 px
I/gralloc (  135): bpp          = 32
I/gralloc (  135): r            = 24:8
I/gralloc (  135): g            = 16:8
I/gralloc (  135): b            =  8:8
I/gralloc (  135): width        = 76 mm (160.421051 dpi)
I/gralloc (  135): height       = 127 mm (160.000000 dpi)
I/gralloc (  135): refresh rate = 60.00 Hz
D/CALCFPS (  135): DEBUG_CALC_FPS: 0
D/CALCFPS (  135): period: 10
D/CALCFPS (  135): ignorethresh_us: 500000
D/CALCFPS (  135): DEBUG_CALC_FPS: 0
D/CALCFPS (  135): period: 10
D/CALCFPS (  135): ignorethresh_us: 500000
D/libEGL  (  135): loaded /system/lib/egl/libEGL_adreno200.so
D/libEGL  (  135): loaded /system/lib/egl/libGLESv1_CM_adreno200.so
D/libEGL  (  135): loaded /system/lib/egl/libGLESv2_adreno200.so
I/mediaserver(  138): ServiceManager: 0x16c7d78
I/AudioFlinger(  138): Using default 3000 mSec as standby time.
I/CameraService(  138): CameraService started (pid=138)
E/CameraService(  138): Could not load camera HAL module
D/dalvikvm(  136): Trying to load lib libjavacore.so 0x0
D/dalvikvm(  136): Added shared lib libjavacore.so 0x0
I/AudioPolicyManagerBase(  138): loadAudioPolicyConfig() loaded /system/etc/audio_policy.conf
E/BandwidthController(  132): runIptablesCmd(): failed /system/bin/iptables -t raw -N bw_raw_PREROUTING res=768
E/BandwidthController(  132): runIptablesCmd(): failed /system/bin/ip6tables -t raw -N bw_raw_PREROUTING res=768
E/rmt_storage(  142): [MyTag]open: fd=-1
E/rmt_storage(  142): block rmt_storage client thread
D/AudioHardwareMSM7X30(  138): Could not open libhtc_acoustic.so
D/AudioHardwareMSM7X30(  138): msm_mixer_open: Opening the device
D/AudioHardwareMSM7X30(  138): msm_mixer_count:mixer_cnt =38
I/AudioHardwareMSM7X30(  138): ******* name[0] = [handset_rx] *********
I/AudioHardwareMSM7X30(  138): ******* name[1] = [handset_tx] *********
I/AudioHardwareMSM7X30(  138): ******* name[2] = [headset_stereo_rx] *********
I/AudioHardwareMSM7X30(  138): ******* name[3] = [headset_mono_rx] *********
I/AudioHardwareMSM7X30(  138): ******* name[4] = [headset_mono_tx] *********
I/AudioHardwareMSM7X30(  138): ******* name[5] = [bt_sco_rx] *********
I/AudioHardwareMSM7X30(  138): ******* name[6] = [bt_sco_tx] *********
I/AudioHardwareMSM7X30(  138): ******* name[7] = [fmradio_handset_rx] *********
I/AudioHardwareMSM7X30(  138): ******* name[8] = [speaker_stereo_rx] *********
I/AudioHardwareMSM7X30(  138): ******* name[9] = [fmradio_speaker_rx] *********
I/AudioHardwareMSM7X30(  138): ******* name[10] = [fmradio_headset_rx] *********
I/AudioHardwareMSM7X30(  138): ******* name[11] = [tty_headset_mono_tx] *********
I/AudioHardwareMSM7X30(  138): ******* name[12] = [tty_headset_mono_rx] *********
I/AudioHardwareMSM7X30(  138): ******* name[13] = [speaker_mono_tx] *********
I/AudioHardwareMSM7X30(  138): ******* name[14] = [headset_stereo_speaker_stereo_rx] *********
I/AudioHardwareMSM7X30(  138): ******* name[15] = [a2dp_rx] *********
I/AudioHardwareMSM7X30(  138): ******* name[16] = [a2dp_tx] *********
I/AudioHardwareMSM7X30(  138): ******* name[17] = [hdmi_stereo_rx] *********
I/AudioHardwareMSM7X30(  138): ******* name[18] = [fmradio_stereo_tx] *********
I/AudioHardwareMSM7X30(  138): ******* name[19] = [uplink_rx] *********
I/AudioHardwareMSM7X30(  138): ******* name[20] = [hac_rx] *********
I/AudioHardwareMSM7X30(  138): ******* name[21] = [auxmic_tx] *********
I/AudioHardwareMSM7X30(  138): ******* name[22] = [fm_headset_stereo_tx] *********
I/AudioHardwareMSM7X30(  138): ******* name[23] = [fm_headset_stereo_rx] *********
I/AudioFlinger(  138): loadHwModule() Loaded primary audio interface from QCOM Audio HW HAL (audio) handle 1
I/AudioFlinger(  138): HAL output buffer size 1200 frames, normal mix buffer size 1200 frames
I/Adreno200-EGLSUB(  135): <ConfigWindowMatch:2081>: Format RGBA_8888.
E/BandwidthController(  132): runIptablesCmd(): failed /system/bin/iptables -t raw -A bw_raw_PREROUTING ! -i lo+ -m owner --socket-exists res=768
E/BandwidthController(  132): runIptablesCmd(): failed /system/bin/ip6tables -t raw -A bw_raw_PREROUTING ! -i lo+ -m owner --socket-exists res=768
D/MDnsDS  (  132): MDnsSdListener::Hander starting up
D/MDnsDS  (  132): MDnsSdListener starting to monitor
D/MDnsDS  (  132): Going to poll with pollCount 1
D/dalvikvm(  136): Trying to load lib libnativehelper.so 0x0
D/dalvikvm(  136): Added shared lib libnativehelper.so 0x0
I/SurfaceFlinger(  135): EGL informations:
I/SurfaceFlinger(  135): # of configs : 36
I/SurfaceFlinger(  135): vendor    : Android
I/SurfaceFlinger(  135): version   : 1.4 Android META-EGL
I/SurfaceFlinger(  135): extensions: EGL_KHR_image EGL_KHR_image_base EGL_KHR_gl_texture_2D_image EGL_KHR_gl_texture_cubemap_image EGL_KHR_gl_renderbuffer_image EGL_KHR_fence_sync EGL_ANDROID_image_native_buffer 
I/SurfaceFlinger(  135): Client API: OpenGL_ES
I/SurfaceFlinger(  135): EGLSurface: 8-8-8-8, config=0x4
I/SurfaceFlinger(  135): OpenGL informations:
I/SurfaceFlinger(  135): vendor    : Qualcomm
I/SurfaceFlinger(  135): renderer  : Adreno (TM) 205
I/SurfaceFlinger(  135): version   : OpenGL ES-CM 1.1
I/SurfaceFlinger(  135): extensions: GL_EXT_debug_marker GL_AMD_compressed_ATC_texture GL_AMD_performance_monitor GL_APPLE_texture_2D_limited_npot GL_ARB_vertex_buffer_object GL_EXT_texture_filter_anisotropic GL_EXT_texture_format_BGRA8888 GL_EXT_texture_type_2_10_10_10_REV GL_OES_blend_equation_separate GL_OES_blend_func_separate GL_OES_blend_subtract GL_OES_compressed_ETC1_RGB8_texture GL_OES_compressed_paletted_texture GL_OES_depth_texture GL_OES_depth24 GL_OES_draw_texture GL_OES_EGL_image GL_OES_EGL_image_external GL_OES_framebuffer_object GL_OES_matrix_palette GL_OES_packed_depth_stencil GL_OES_point_size_array GL_OES_point_sprite GL_OES_read_format GL_OES_rgb8_rgba8 GL_OES_stencil_wrap GL_OES_texture_cube_map GL_OES_texture_env_crossbar GL_OES_texture_float GL_OES_texture_half_float GL_OES_texture_half_float_linear GL_OES_texture_npot GL_OES_texture_mirrored_repeat GL_QCOM_binning_control GL_QCOM_extended_get GL_QCOM_tiled_rendering GL_AMD_compressed_3DC_texture 
I/SurfaceFlinger(  135): GL_MAX_TEXTURE_SIZE = 4096
I/SurfaceFlinger(  135): GL_MAX_VIEWPORT_DIMS = 4096 x 4096
I/SurfaceFlinger(  135): flags = 00000000
I/AudioMixer(  138): found effect "Multichannel Downmix To Stereo" from The Android Open Source Project
I/AudioFlinger(  138): Using module 1 has the primary audio interface
D/AudioHardwareInterface(  138): setMode(NORMAL)
I/AudioHardwareMSM7X30(  138): Set master volume to 7.
I/AudioFlinger(  138): AudioFlinger's thread 0x16cdc20 ready to run
W/AudioFlinger(  138): Thread AudioOut_2 cannot connect to the power manager service
I/AudioHardwareMSM7X30(  138): Routing audio to Speakerphone
D/AudioHardwareMSM7X30(  138): new_rx = 8
D/AudioHardwareMSM7X30(  138): new_tx = 13
E/AudioHardwareMSM7X30(  138): updateDeviceInfo: E rx_device 6 and tx_device 11
D/AudioHardwareMSM7X30(  138): No active voicecall/playback, disabling cur_rx 65535
D/AudioHardwareMSM7X30(  138): No active voicecall/recording, disabling cur_tx 65535
E/AudioHardwareMSM7X30(  138): updateDeviceInfo: X cur_rx 6 cur_tx 11
D/AudioHardwareMSM7X30(  138): setVoiceVolume(0.000000)
I/AudioHardwareMSM7X30(  138): Setting in-call volume to 0 (available range is 0 to 100)
E/AudioHardwareMSM7X30(  138): msm_set_voice_rx_vol(0) failed errno = 1
I/AudioPolicyService(  138): Loaded audio policy from QCOM Audio Policy HAL (audio_policy)
D/AudioHardwareMSM7X30(  138): AudioStreamOutMSM7x30::standby()
I/hwcomposer(  135): Initializing Qualcomm Hardware Composer
I/hwcomposer(  135): MDP version: 400
I/hwcomposer(  135): DYN composition threshold : 2.000000
I/hwcomposer(  135): hwc_device_open: Hardware VSYNC not supported
I/hwcomposer(  135): Initializing UEvent Listener Thread
I/hwcomposer(  135): Initializing VSYNC Thread
I/SurfaceFlinger(  135): EventThread ready to run.
E/Trace   (  135): error opening trace file: No such file or directory (2)
D/libEGL  (  340): loaded /system/lib/egl/libEGL_adreno200.so
D/libEGL  (  340): loaded /system/lib/egl/libGLESv1_CM_adreno200.so
D/libEGL  (  340): loaded /system/lib/egl/libGLESv2_adreno200.so
E/Trace   (  340): error opening trace file: No such file or directory (2)
I/Adreno200-EGLSUB(  340): <ConfigWindowMatch:2092>: Format RGBX_8888.
I/Adreno200-EGLSUB(  135): <CreateImage:896>: Android Image
I/Adreno200-EGLSUB(  135): <GetImageAttributes:1161>: RGBX_8888
I/Adreno200-EGLSUB(  135): <CreateImage:896>: Android Image
I/Adreno200-EGLSUB(  135): <GetImageAttributes:1161>: RGBX_8888
I/Adreno200-EGLSUB(  135): <CreateImage:896>: Android Image
I/Adreno200-EGLSUB(  135): <GetImageAttributes:1161>: RGBX_8888
I/SamplingProfilerIntegration(  136): Profiling disabled.
I/Zygote  (  136): Preloading classes...
D/dalvikvm(  136): GC_EXPLICIT freed 37K, 84% free 419K/2560K, paused 1ms+1ms, total 5ms
W/Zygote  (  136): Class not found for preloading: android.animation.ValueAnimator$2
W/Zygote  (  136): Class not found for preloading: android.animation.ValueAnimator$3
W/Zygote  (  136): Class not found for preloading: android.animation.ValueAnimator$4
W/Zygote  (  136): Class not found for preloading: android.animation.ValueAnimator$5
W/Zygote  (  136): Class not found for preloading: android.content.res.Resources$1
W/Zygote  (  136): Class not found for preloading: android.database.sqlite.SQLiteCompiledSql
W/Zygote  (  136): Class not found for preloading: android.database.sqlite.SQLiteDatabase$DatabaseReentrantLock
D/TextLayoutCache(  136): Using debug level = 0 - Debug Enabled = 0
I/dalvikvm(  136): threadid=1: recursive native library load attempt (/system/lib/libmedia_jni.so)
D/MtpDeviceJNI(  136): register_android_mtp_MtpDevice
I/dalvikvm(  136): threadid=1: recursive native library load attempt (/system/lib/libmedia_jni.so)
I/dalvikvm(  136): threadid=1: recursive native library load attempt (/system/lib/libmedia_jni.so)
W/Zygote  (  136): Class not found for preloading: android.media.IRemoteControlClientDispatcher
W/Zygote  (  136): Class not found for preloading: android.media.IRemoteControlClientDispatcher$Stub
W/Zygote  (  136): Class not found for preloading: android.os.Power
W/Zygote  (  136): Class not found for preloading: android.text.TextDirectionHeuristics$CharCount
W/Zygote  (  136): Class not found for preloading: android.text.method.WordIterator$1
W/Zygote  (  136): Class not found for preloading: android.view.InputHandler
W/Zygote  (  136): Class not found for preloading: android.view.InputQueue$FinishedCallback
W/Zygote  (  136): Class not found for preloading: android.view.ViewRootImpl$3
I/dalvikvm(  136): threadid=1: recursive native library load attempt (/system/lib/libwebcore.so)
D/dalvikvm(  136): No JNI_OnLoad found in /system/lib/libchromium_net.so 0x0, skipping init
D/dalvikvm(  136): GC_FOR_ALLOC freed 622K, 36% free 1640K/2560K, paused 23ms, total 23ms
W/Zygote  (  136): Class not found for preloading: android.widget.EdgeGlow
W/Zygote  (  136): Class not found for preloading: android.widget.TextView$Blink
W/Zygote  (  136): Class not found for preloading: android.widget.TextView$EasyEditSpanController
W/Zygote  (  136): Class not found for preloading: android.widget.TextView$InputContentType
W/Zygote  (  136): Class not found for preloading: android.widget.TextView$InputMethodState
W/Zygote  (  136): Class not found for preloading: android.widget.TextView$TextAlign
E/PhonePolicy(  136): Could not preload class for phone policy: com.android.internal.policy.impl.PhoneWindow$ContextMenuCallback
W/Zygote  (  136): Class not found for preloading: java.text.DecimalFormat$1
I/System  (  136): Loaded time zone names for  in 279ms (274ms in ICU)
I/System  (  136): Loaded time zone names for en_US in 178ms (172ms in ICU)
I/Zygote  (  136): ...preloaded 2281 classes in 4329ms.
D/dalvikvm(  136): GC_EXPLICIT freed 908K, 30% free 2154K/3075K, paused 2ms+2ms, total 32ms
I/Zygote  (  136): Preload resources disabled, skipped.
D/dalvikvm(  136): GC_EXPLICIT freed 8K, 31% free 2145K/3075K, paused 2ms+2ms, total 23ms
D/dalvikvm(  136): GC_EXPLICIT freed <1K, 31% free 2145K/3075K, paused 3ms+2ms, total 26ms
D/dalvikvm(  136): GC_EXPLICIT freed <1K, 31% free 2145K/3075K, paused 2ms+4ms, total 26ms
I/dalvikvm(  136): System server process 351 has been created
I/Zygote  (  136): Accepting command socket connections
I/sysproc (  351): Entered system_init()
I/sysproc (  351): ServiceManager: 0x2117430
D/SensorService(  351): nuSensorService starting...
E/Sensors (  351): Couldn't open /dev/akm8973_aot (No such file or directory)
I/sysproc (  351): System server: starting Android runtime.
I/sysproc (  351): System server: starting Android services.
I/sysproc (  351): System server: entering thread pool.
I/SystemServer(  351): Entered the Android system server!
I/SystemServer(  351): Entropy Mixer
I/SystemServer(  351): Power Manager
I/SystemServer(  351): Activity Manager
I/ActivityManager(  351): Memory class: 48
W/UsageStats(  351): Usage stats version changed; dropping
I/ActivityManager(  351): Enabled StrictMode logging for AThread's Looper
I/SystemServer(  351): Telephony Registry
I/SystemServer(  351): Scheduling Policy
I/SystemServer(  351): Package Manager
W/PackageManager(  351): Library not found: /system/framework/com.google.android.media.effects.jar
W/PackageParser(  351): No actions in intent filter at /system/app/Bluetooth.apk Binary XML file line #166
W/PackageParser(  351): No actions in intent filter at /system/app/Bluetooth.apk Binary XML file line #190
W/PackageParser(  351): No actions in intent filter at /system/app/DeskClock.apk Binary XML file line #150
W/PackageParser(  351): No actions in intent filter at /system/app/DeskClock.apk Binary XML file line #159
W/PackageParser(  351): No actions in intent filter at /system/app/Contacts.apk Binary XML file line #546
D/PackageManager(  351): No files in app dir /vendor/app
I/installd(  140): new connection
I/Installer(  351): connecting...
I/PackageManager(  351): Time to scan packages: 2.128 seconds
W/PackageManager(  351): Unknown permission com.google.android.googleapps.permission.GOOGLE_AUTH.mail in package com.android.contacts
W/PackageManager(  351): Unknown permission android.permission.ADD_SYSTEM_SERVICE in package com.android.phone
W/PackageManager(  351): Unknown permission com.google.android.googleapps.permission.GOOGLE_AUTH in package com.android.providers.calendar
W/PackageManager(  351): Unknown permission com.google.android.googleapps.permission.GOOGLE_AUTH.cl in package com.android.providers.calendar
W/PackageManager(  351): Unknown permission com.google.android.googleapps.permission.GOOGLE_AUTH.mail in package com.android.calendar
W/PackageManager(  351): Not granting permission android.permission.SEND_DOWNLOAD_COMPLETED_INTENTS to package com.android.browser (protectionLevel=2 flags=0x9be45)
W/PackageManager(  351): Unknown permission com.google.android.googleapps.permission.GOOGLE_AUTH in package com.android.providers.contacts
W/PackageManager(  351): Unknown permission com.google.android.googleapps.permission.GOOGLE_AUTH.cp in package com.android.providers.contacts
W/PackageManager(  351): Unknown permission com.google.android.googleapps.permission.GOOGLE_AUTH in package com.android.settings
W/PackageManager(  351): Unknown permission android.permission.ACCESS_4G_RADIO_DISABLE in package com.android.systemui
W/PackageManager(  351): Unknown permission android.permission.ACCESS_4G_STATE in package com.android.systemui
W/PackageManager(  351): Unknown permission android.permission.CHANGE_4G_STATE in package com.android.systemui
W/PackageManager(  351): Unknown permission com.google.android.googleapps.permission.ACCESS_GOOGLE_PASSWORD in package com.android.development
W/PackageManager(  351): Unknown permission com.google.android.googleapps.permission.GOOGLE_AUTH in package com.android.development
W/PackageManager(  351): Unknown permission com.google.android.googleapps.permission.GOOGLE_AUTH.ALL_SERVICES in package com.android.development
W/PackageManager(  351): Unknown permission com.google.android.googleapps.permission.GOOGLE_AUTH.YouTubeUser in package com.android.development
W/PackageManager(  351): Not granting permission android.permission.DEVICE_POWER to package com.android.deskclock (protectionLevel=2 flags=0x8be45)
D/dalvikvm(  351): GC_EXPLICIT freed 1841K, 56% free 3637K/8195K, paused 3ms+6ms, total 56ms
I/SystemServer(  351): Account Manager
D/PackageManager(  351): generateServicesMap(android.accounts.AccountAuthenticator): 2 services unchanged
I/ActivityThread(  351): Pub settings: com.android.providers.settings.SettingsProvider
I/SystemServer(  351): Content Manager
I/SystemServer(  351): System Content Providers
D/SettingsProvider(  351): cache for settings table 'secure' rows=44; fullycached=true
D/SettingsProvider(  351): cache for settings table 'system' rows=57; fullycached=true
I/SystemServer(  351): Lights Service
E/lights  (  351):   g_haveAmberLed=0
I/SystemServer(  351): Battery Service
E/lights  (  351): write_int failed to open /sys/class/leds/blue/brightness
E/lights  (  351):   red=64
E/lights  (  351):   green=0
E/lights  (  351):   blink=1
E/lights  (  351):   g_haveAmberLed=0
E/lights  (  351):   red=0
E/lights  (  351):   green=64
E/lights  (  351):   blink=0
I/SystemServer(  351): Vibrator Service
I/libsuspend(  351): Selected early suspend
I/SystemServer(  351): Alarm Manager
D/AlarmManagerService(  351): Kernel timezone updated to 300 minutes west of GMT
I/SystemServer(  351): Init Watchdog
I/SystemServer(  351): Window Manager
I/InputManager(  351): Initializing input manager
W/StatusBarManager(  351): warning: no STATUS_BAR_SERVICE
I/InputManager(  351): Starting input manager
I/WindowManager(  351): Enabled StrictMode for PolicyThread's Looper
D/PermissionCache(  135): checking android.permission.ACCESS_SURFACE_FLINGER for uid=1000 => granted (457 us)
I/SystemServer(  351): Bluetooth Service
I/WindowManager(  351): Enabled StrictMode logging for WMThread's Looper
D/EventHub(  351): No input device configuration file found for device '7k_handset'.
I/EventHub(  351): New device: id=1, fd=95, path='/dev/input/event5', name='7k_handset', classes=0x81, configuration='', keyLayout='/system/usr/keylayout/7k_handset.kl', keyCharacterMap='/system/usr/keychars/Generic.kcm', builtinKeyboard=false, usingSuspendBlockIoctl=false, usingClockIoctl=false
D/EventHub(  351): No input device configuration file found for device 'compass'.
D/EventHub(  351): No input device configuration file found for device 'proximity'.
D/EventHub(  351): No input device configuration file found for device 'light'.
E/filemap (  351): mmap(0,4096) failed: No such device
I/EventHub(  351): New device: id=5, fd=97, path='/dev/input/event1', name='syna-touchscreen', classes=0x15, configuration='/system/usr/idc/syna-touchscreen.idc', keyLayout='/system/usr/keylayout/qwerty.kl', keyCharacterMap='/system/usr/keychars/qwerty.kcm', builtinKeyboard=true, usingSuspendBlockIoctl=false, usingClockIoctl=false
D/EventHub(  351): No input device configuration file found for device 'arthur_keypad'.
I/EventHub(  351): New device: id=6, fd=98, path='/dev/input/event0', name='arthur_keypad', classes=0x1, configuration='', keyLayout='/system/usr/keylayout/arthur_keypad.kl', keyCharacterMap='/system/usr/keychars/Generic.kcm', builtinKeyboard=false, usingSuspendBlockIoctl=false, usingClockIoctl=false
I/InputReader(  351): Device added: id=-1, name='Virtual', sources=0x00000301
I/BluetoothProfileState(  351): Message:Entering Stable State
I/InputReader(  351): Device added: id=6, name='arthur_keypad', sources=0x00000101
I/InputReader(  351):   Touch device 'syna-touchscreen' could not query the properties of its associated display 0.  The device will be inoperable until the display size becomes available.
I/InputReader(  351): Device added: id=0, name='syna-touchscreen', sources=0x00001103
I/InputReader(  351): Device added: id=1, name='7k_handset', sources=0x80000101
E/Trace   (  351): error opening trace file: No such file or directory (2)
I/BluetoothProfileState(  351): Message:Entering Stable State
I/BluetoothProfileState(  351): Message:Entering Stable State
D/BluetoothAdapterStateMachine(  351): PowerOff process message: 5
V/ExtendedExtractor(  138): Failed to open MM_PARSER_LIB, dlerror = Cannot load library: reloc_library[1331]:   138 cannot locate '_ZN7android11MediaSource13getBufferInfoERNS_2spINS_7IMemoryEEEPj'...
V/ExtendedExtractor(  138):  
V/ExtendedExtractor(  138): Failed to open MM_PARSER_LITE_LIB, dlerror = Cannot load library: load_library[1118]: Library 'libmmparser_lite.so' not found 
D/BluetoothA2dpService(  351): has_special_extra_keys: com.amazon.mp3.metachanged
D/BluetoothA2dpService(  351): key_name: com.amazon.mp3.metachanged_track
I/bluedroid(  351): Starting hciattach daemon
W/WVMExtractor(  138): Failed to open libwvm.so
E/Trace   (  138): error opening trace file: No such file or directory (2)
D/BluetoothA2dpService(  351): com.amazon.mp3.metachanged_track: com.amazon.mp3.track
D/BluetoothA2dpService(  351): key_name: com.amazon.mp3.metachanged_artist
I/qcom-bluetooth(  390): /system/etc/init.qcom.bt.sh: Power Class: Ignored. Default(1) used (1-CLASS1/2-CLASS2/3-CUSTOM) 
D/BluetoothA2dpService(  351): com.amazon.mp3.metachanged_artist: com.amazon.mp3.artist
D/BluetoothA2dpService(  351): key_name: com.amazon.mp3.metachanged_album
D/BluetoothA2dpService(  351): com.amazon.mp3.metachanged_album: com.amazon.mp3.album
D/BluetoothA2dpService(  351): key_name: com.amazon.mp3.metachanged_id
D/BluetoothA2dpService(  351): com.amazon.mp3.metachanged_id: com.amazon.mp3.id
I/qcom-bluetooth(  392): /system/etc/init.qcom.bt.sh: Power Class: To override, Before turning BT ON; setprop qcom.bt.dev_power_class <1 or 2 or 3> 
D/BluetoothA2dpService(  351): has_special_extra_keys: com.amazon.mp3.playstatechanged
D/BluetoothA2dpService(  351): key_name: com.amazon.mp3.playstatechanged_track
D/BluetoothA2dpService(  351): com.amazon.mp3.playstatechanged_track: com.amazon.mp3.track
D/BluetoothA2dpService(  351): key_name: com.amazon.mp3.playstatechanged_artist
D/BluetoothA2dpService(  351): com.amazon.mp3.playstatechanged_artist: com.amazon.mp3.artist
D/BluetoothA2dpService(  351): key_name: com.amazon.mp3.playstatechanged_album
D/BluetoothA2dpService(  351): com.amazon.mp3.playstatechanged_album: com.amazon.mp3.album
D/BluetoothA2dpService(  351): key_name: com.amazon.mp3.playstatechanged_id
D/BluetoothA2dpService(  351): com.amazon.mp3.playstatechanged_id: com.amazon.mp3.id
I/SystemServer(  351): Input Method Service
W/WVMExtractor(  138): Failed to open libwvm.so
W/InputMethodManagerService(  351): Couldn't create dir.: /data/system/inputmethod
I/SystemServer(  351): Accessibility Manager
I/InputReader(  351): Reconfiguring input devices.  changes=0x00000004
I/InputReader(  351): Device reconfigured: id=0, name='syna-touchscreen', surface size is now 480x800, mode is 1
I/ActivityManager(  351): Config changed: {1.0 0mcc0mnc en_US sw320dp w320dp h508dp nrml long port ?uimode ?night finger -keyb/v/h -nav/h s.2 themeResource=null}
I/SystemServer(  351): Mount Service
D/MountService(  351): got storage path: /mnt/sdcard description: USB storage primary: true removable: false emulated: false mtpReserve: 0 allowMassStorage: false maxFileSize: 0
I/SystemServer(  351): LockSettingsService
I/SystemServer(  351): Device Policy
I/SystemServer(  351): Status Bar
I/SystemServer(  351): Clipboard Service
I/SystemServer(  351): NetworkManagement Service
D/VoldCmdListener(  131): volume list
I/PackageManager(  351): Updating external media status from unmounted to unmounted
D/MountService(  351): volume state changed for /mnt/sdcard (null -> unmounted)
W/MountService(  351): getSecureContainerList() called when storage not mounted
D/VoldCmdListener(  131): asec list
I/PackageManager(  351): No secure containers on sdcard
W/PackageManager(  351): Unknown permission com.google.android.googleapps.permission.GOOGLE_AUTH.mail in package com.android.contacts
W/PackageManager(  351): Unknown permission android.permission.ADD_SYSTEM_SERVICE in package com.android.phone
W/PackageManager(  351): Unknown permission com.google.android.googleapps.permission.GOOGLE_AUTH in package com.android.providers.calendar
I/SystemServer(  351): Text Service Manager Service
W/PackageManager(  351): Unknown permission com.google.android.googleapps.permission.GOOGLE_AUTH.cl in package com.android.providers.calendar
W/PackageManager(  351): Unknown permission com.google.android.googleapps.permission.GOOGLE_AUTH.mail in package com.android.calendar
W/PackageManager(  351): Not granting permission android.permission.SEND_DOWNLOAD_COMPLETED_INTENTS to package com.android.browser (protectionLevel=2 flags=0x9be45)
W/PackageManager(  351): Unknown permission com.google.android.googleapps.permission.GOOGLE_AUTH in package com.android.providers.contacts
W/PackageManager(  351): Unknown permission com.google.android.googleapps.permission.GOOGLE_AUTH.cp in package com.android.providers.contacts
W/PackageManager(  351): Unknown permission com.google.android.googleapps.permission.GOOGLE_AUTH in package com.android.settings
W/PackageManager(  351): Unknown permission android.permission.ACCESS_4G_RADIO_DISABLE in package com.android.systemui
W/PackageManager(  351): Unknown permission android.permission.ACCESS_4G_STATE in package com.android.systemui
W/PackageManager(  351): Unknown permission android.permission.CHANGE_4G_STATE in package com.android.systemui
W/PackageManager(  351): Unknown permission com.google.android.googleapps.permission.ACCESS_GOOGLE_PASSWORD in package com.android.development
W/PackageManager(  351): Unknown permission com.google.android.googleapps.permission.GOOGLE_AUTH in package com.android.development
W/PackageManager(  351): Unknown permission com.google.android.googleapps.permission.GOOGLE_AUTH.ALL_SERVICES in package com.android.development
W/PackageManager(  351): Unknown permission com.google.android.googleapps.permission.GOOGLE_AUTH.YouTubeUser in package com.android.development
W/PackageManager(  351): Not granting permission android.permission.DEVICE_POWER to package com.android.deskclock (protectionLevel=2 flags=0x8be45)
I/SystemServer(  351): NetworkStats Service
I/SystemServer(  351): NetworkPolicy Service
I/SystemServer(  351): Wi-Fi P2pService
I/SystemServer(  351): Wi-Fi Service
E/CommandListener(  132): Failed to open /proc/sys/net/ipv6/conf/wlan0/disable_ipv6: No such file or directory
E/WifiStateMachine(  351): Failed to disable IPv6: java.lang.IllegalStateException: command '1 interface ipv6 wlan0 disable' failed with '400 1 Failed to change IPv6 state (No such file or directory)'
I/SystemServer(  351): Connectivity Service
D/ConnectivityService(  351): ConnectivityService starting up
E/MobileDataStateTracker(  351): default: Ignoring feature request because could not acquire PhoneService
E/MobileDataStateTracker(  351): default: Could not enable APN type "default"
I/WifiService(  351): WifiService starting up with Wi-Fi disabled
D/WifiWatchdogStateMachine(  351): Disabling poor network avoidance for wi-fi only device
I/SystemServer(  351): Network Service Discovery Service
D/NsdService(  351): Network service discovery enabled true
I/SystemServer(  351): Throttle Service
I/SystemServer(  351): UpdateLock Service
I/SystemServer(  351): Profile Manager
D/ProfileService(  351): Found active: 0c488df1-a0cc-4e5a-a809-10132d6a2eb5
D/ProfileService(  351): Set active profile to: 0c488df1-a0cc-4e5a-a809-10132d6a2eb5 - Default
D/ProfileService(  351): Saving profile data...
D/ProfileService(  351): Save completed.
D/PackageManager(  351): generateServicesMap(android.accounts.AccountAuthenticator): 2 services unchanged
D/PackageManager(  351): generateServicesMap(android.content.SyncAdapter): 4 services unchanged
I/SystemServer(  351): Notification Manager
I/SystemServer(  351): Device Storage Monitor
I/SystemServer(  351): Location Manager
I/SystemServer(  351): Country Detector
I/SystemServer(  351): Search Service
I/SystemServer(  351): DropBox Service
I/SystemServer(  351): Wallpaper Service
I/SystemServer(  351): Audio Service
D/AudioHardwareMSM7X30(  138): setVoiceVolume(0.800000)
I/AudioHardwareMSM7X30(  138): Setting in-call volume to 80 (available range is 0 to 100)
E/AudioHardwareMSM7X30(  138): msm_set_voice_rx_vol(80) failed errno = 1
I/SystemServer(  351): Dock Observer
W/DockObserver(  351): This kernel does not have dock station support
I/SystemServer(  351): Wired Accessory Observer
W/WiredAccessoryObserver(  351): This kernel does not have usb audio support
W/WiredAccessoryObserver(  351): This kernel does not have samsung usb dock audio support
W/WiredAccessoryObserver(  351): This kernel does not have HDMI audio support
I/SystemServer(  351): USB Service
I/SystemServer(  351): Serial Service
I/SystemServer(  351): UI Mode Manager Service
I/SystemServer(  351): Backup Service
V/BackupManagerService(  351): Initializing package tracking
V/BackupManagerService(  351): No ancestral data
D/dalvikvm(  351): GC_CONCURRENT freed 1540K, 52% free 3940K/8195K, paused 21ms+7ms, total 128ms
D/dalvikvm(  351): WAIT_FOR_CONCURRENT_GC blocked 9ms
V/BackupManagerService(  351): addPackageParticipantsLocked: all
I/BackupManagerService(  351): New app android never backed up; scheduling
D/BackupManagerService(  351): Now staging backup of android
I/BackupManagerService(  351): New app com.android.browser never backed up; scheduling
D/BackupManagerService(  351): Now staging backup of com.android.browser
I/BackupManagerService(  351): New app com.android.calendar never backed up; scheduling
D/BackupManagerService(  351): Now staging backup of com.android.calendar
I/BackupManagerService(  351): New app com.android.inputmethod.latin never backed up; scheduling
D/BackupManagerService(  351): Now staging backup of com.android.inputmethod.latin
I/BackupManagerService(  351): New app com.android.providers.settings never backed up; scheduling
D/BackupManagerService(  351): Now staging backup of com.android.providers.settings
I/BackupManagerService(  351): New app com.android.providers.userdictionary never backed up; scheduling
D/BackupManagerService(  351): Now staging backup of com.android.providers.userdictionary
I/BackupManagerService(  351): New app com.android.sharedstoragebackup never backed up; scheduling
D/BackupManagerService(  351): Now staging backup of com.android.sharedstoragebackup
V/BackupManagerService(  351): Registering transport android/com.android.internal.backup.LocalTransport = com.android.internal.backup.LocalTransport@40ee65c8
V/BackupManagerService(  351): Starting with transport com.google.android.backup/.BackupTransportService
V/BackupManagerService(  351): Google transport not present
I/BackupManagerService(  351): Found stale backup journal, scheduling
I/BackupManagerService(  351):   android
I/BackupManagerService(  351):   com.android.browser
I/BackupManagerService(  351):   com.android.calendar
I/BackupManagerService(  351):   com.android.inputmethod.latin
I/BackupManagerService(  351):   com.android.providers.settings
I/BackupManagerService(  351):   com.android.providers.userdictionary
I/BackupManagerService(  351):   com.android.sharedstoragebackup
I/BackupManagerService(  351): Backup enabled => false
I/BackupManagerService(  351): Opting out of backup
I/SystemServer(  351): AppWidget Service
I/SystemServer(  351): Recognition Service
I/SystemServer(  351): DiskStats Service
I/SystemServer(  351): SamplingProfiler Service
I/SystemServer(  351): NetworkTimeUpdateService
I/SystemServer(  351): CommonTimeManagementService
I/SystemServer(  351): CertBlacklister
I/WindowManager(  351): SAFE MODE not enabled
D/dalvikvm(  351): JIT started for system_server
I/SystemServer(  351): AssetRedirectionManager Service
D/PowerManagerService(  351): system ready!
I/ActivityManager(  351): System now ready
I/SystemServer(  351): Making services ready
D/SystemServer(  351): Starting service: Intent { cmp=com.android.systemui/.SystemUIService }
I/Zygote  (  351): Process: zygote socket opened
I/ActivityManager(  351): Start proc com.android.systemui for service com.android.systemui/.SystemUIService: pid=429 uid=10016 gids={1028, 1015, 3002, 3001}
D/NetworkManagementService(  351): enabling bandwidth control
V/LockPatternKeyguardView(  351): Set visibility on com.android.internal.policy.impl.LockPatternKeyguardView$5@40eb3960 to 0
E/Trace   (  429): error opening trace file: No such file or directory (2)
E/BandwidthController(  132): runIptablesCmd(): failed /system/bin/iptables -t raw -A bw_raw_PREROUTING ! -i lo+ -m owner --socket-exists res=768
E/BandwidthController(  132): runIptablesCmd(): failed /system/bin/ip6tables -t raw -A bw_raw_PREROUTING ! -i lo+ -m owner --socket-exists res=768
F/NetworkManagementService(  351): problem enabling bandwidth controls
F/NetworkManagementService(  351): com.android.server.NativeDaemonConnector$NativeDaemonFailureException: command '2 bandwidth enable' failed with '400 2 Bandwidth command failed'
F/NetworkManagementService(  351): 	at com.android.server.NativeDaemonConnector.execute(NativeDaemonConnector.java:345)
F/NetworkManagementService(  351): 	at com.android.server.NativeDaemonConnector.executeForList(NativeDaemonConnector.java:282)
F/NetworkManagementService(  351): 	at com.android.server.NativeDaemonConnector.execute(NativeDaemonConnector.java:248)
F/NetworkManagementService(  351): 	at com.android.server.NetworkManagementService.prepareNativeDaemon(NetworkManagementService.java:293)
F/NetworkManagementService(  351): 	at com.android.server.NetworkManagementService.systemReady(NetworkManagementService.java:189)
F/NetworkManagementService(  351): 	at com.android.server.ServerThread$1.run(SystemServer.java:850)
F/NetworkManagementService(  351): 	at com.android.server.am.ActivityManagerService.systemReady(ActivityManagerService.java:7640)
F/NetworkManagementService(  351): 	at com.android.server.ServerThread.run(SystemServer.java:839)
D/SystemUIService(  429): loading: class com.android.systemui.statusbar.phone.PhoneStatusBar
D/SystemUIService(  429): running: com.android.systemui.statusbar.phone.PhoneStatusBar@40ea3440
I/StatusBarManagerService(  351): registerStatusBar bar=com.android.internal.statusbar.IStatusBar$Stub$Proxy@410353e0
V/TransportControlView(  351): Create TCV com.android.internal.widget.TransportControlView@411523d8
D/dalvikvm(  351): GC_CONCURRENT freed 673K, 38% free 5109K/8195K, paused 18ms+6ms, total 121ms
D/dalvikvm(  351): WAIT_FOR_CONCURRENT_GC blocked 41ms
D/dalvikvm(  351): WAIT_FOR_CONCURRENT_GC blocked 39ms
D/dalvikvm(  351): WAIT_FOR_CONCURRENT_GC blocked 36ms
V/KeyguardViewManager(  351): KGVM: Set visibility on com.android.internal.policy.impl.KeyguardViewManager$KeyguardViewHost@410f5c30 to 6291456
W/NetworkStats(  351): bandwidth controls disabled, unable to track stats
W/NetworkPolicy(  351): bandwidth controls disabled, unable to enforce policy
I/ActivityManager(  351): Config changed: {1.0 0mcc0mnc en_US sw320dp w320dp h508dp nrml long port finger -keyb/v/h -nav/h s.3 themeResource=null}
W/RecognitionManagerService(  351): no available voice recognition services found
I/PowerWidget(  429): Clearing any old widget stuffs
I/PowerWidget(  429): Setting up widget
I/PowerWidget(  429): Default buttons being loaded
I/PowerWidget(  429): Button list: toggleWifi|toggleBluetooth|toggleGPS|toggleSound
I/ActivityManager(  351): Start proc android.process.media for broadcast com.android.providers.media/.UsbReceiver: pid=489 uid=10009 gids={1015, 1023, 1024, 1028, 2001, 3003, 3007}
E/Trace   (  489): error opening trace file: No such file or directory (2)
I/ActivityThread(  489): Pub media: com.android.providers.media.MediaProvider
I/ActivityThread(  489): Pub downloads: com.android.providers.downloads.DownloadProvider
I/PowerWidget(  429): Clearing any old widget stuffs
I/PowerWidget(  429): Setting up widget
I/PowerWidget(  429): Default buttons being loaded
I/PowerWidget(  429): Button list: toggleWifi|toggleBluetooth|toggleGPS|toggleSound
I/ActivityThread(  489): Pub drm: com.android.providers.drm.DrmProvider
I/DownloadManager(  489): in removeSpuriousFiles
D/PhoneStatusBar(  429): disable: < expand icons alerts ticker system_info back home recent clock >
D/StorageNotification(  429): Startup with UMS connection false (media state unmounted)
I/StorageNotification(  429): UMS connection changed to false (media state unmounted)
W/InputMethodManagerService(  351): Ignoring setImeWindowStatus of uid 1000 token: null
I/Choreographer(  351): Skipped 134 frames!  The application may be doing too much work on its main thread.
I/ActivityManager(  351): Start proc com.android.inputmethod.latin for service com.android.inputmethod.latin/.LatinIME: pid=515 uid=10042 gids={1028}
D/SystemUIService(  429): loading: class com.android.systemui.power.PowerUI
D/SystemUIService(  429): running: com.android.systemui.power.PowerUI@41022190
I/LocationManagerService(  351): Setting GPS Source to: 0
D/SystemUIService(  429): loading: class com.android.systemui.media.RingtonePlayer
D/SystemUIService(  429): running: com.android.systemui.media.RingtonePlayer@41022f50
I/CommonTimeManagementService(  351): No common time service detected on this platform.  Common time services will be unavailable.
I/InputReader(  351): Reconfiguring input devices.  changes=0x00000020
D/PhoneStatusBar(  429): disable: < expand icons alerts ticker system_info back home RECENT* clock >
I/InputReader(  351): Reconfiguring input devices.  changes=0x00000010
I/ActivityManager(  351): Start proc com.android.phone for added application com.android.phone: pid=533 uid=1001 gids={3002, 3001, 3003, 1015, 1028}
I/ActivityManager(  351): START {act=android.intent.action.MAIN cat=[android.intent.category.HOME] flg=0x10000000 cmp=com.cyanogenmod.trebuchet/.Launcher u=0} from pid 0
W/ThrottleService(  351): unable to find stats for iface rmnet0
W/SocketClient(  132): write error (Broken pipe)
D/PhoneStatusBar(  429): addNotification score=-20
I/ActivityManager(  351): Start proc com.cyanogenmod.trebuchet for activity com.cyanogenmod.trebuchet/.Launcher: pid=551 uid=10010 gids={1028}
I/SystemServer(  351): Enabled StrictMode for system server main thread.
D/MtpService(  489): starting MTP server in MTP mode
E/Trace   (  515): error opening trace file: No such file or directory (2)
E/Trace   (  533): error opening trace file: No such file or directory (2)
E/Trace   (  551): error opening trace file: No such file or directory (2)
V/LockPatternKeyguardView(  351): Set visibility on com.android.internal.policy.impl.LockPatternKeyguardView$5@40eb3960 to 8388608
I/ActivityThread(  533): Pub mms: com.android.providers.telephony.MmsProvider
I/Adreno200-EGLSUB(  135): <CreateImage:896>: Android Image
I/Adreno200-EGLSUB(  135): <GetImageAttributes:1105>: RGBA_8888
I/ActivityThread(  551): Pub com.cyanogenmod.trebuchet.settings: com.cyanogenmod.trebuchet.LauncherProvider
I/ActivityThread(  533): Pub sms: com.android.providers.telephony.SmsProvider
D/PhoneStatusBar(  429): addNotification score=-10
I/ActivityThread(  533): Pub telephony: com.android.providers.telephony.TelephonyProvider
W/TelephonyProvider(  533): onCreate: confFile=/system/etc/apns-conf.xml oldCheckSum=-1
V/LockPatternKeyguardView(  351): Set visibility on com.android.internal.policy.impl.LockPatternKeyguardView$5@40eb3960 to 8388608
I/Choreographer(  429): Skipped 145 frames!  The application may be doing too much work on its main thread.
I/ActivityThread(  533): Pub icc: com.android.phone.IccProvider
I/Choreographer(  351): Skipped 32 frames!  The application may be doing too much work on its main thread.
I/ActivityThread(  533): Pub mms-sms: com.android.providers.telephony.MmsSmsProvider
I/Adreno200-EGLSUB(  135): <CreateImage:896>: Android Image
I/Adreno200-EGLSUB(  135): <GetImageAttributes:1105>: RGBA_8888
W/SubtypeLocale(  515): KeyboardLayoutSet not found, use QWERTY: locale=hu_ZZ extraValue=AsciiCapable,SupportTouchPositionCorrection
I/Adreno200-EGLSUB(  135): <CreateImage:896>: Android Image
I/Adreno200-EGLSUB(  135): <GetImageAttributes:1105>: RGBA_8888
D/dalvikvm(  351): GC_CONCURRENT freed 1440K, 34% free 5436K/8195K, paused 66ms+60ms, total 532ms
D/SizeAdaptiveLayout(  429): com.android.internal.widget.SizeAdaptiveLayout@41057a58child view android.widget.FrameLayout@41059340 measured out of bounds at 95px clamped to 96px
W/InputAttributes(  515): No editor info for this field. Bug?
I/ActivityManager(  351): Start proc com.android.smspush for service com.android.smspush/.WapPushManager: pid=592 uid=10040 gids={1028}
D/MockSmsReceiver(  533): Registered MockSmsReceiver
D/SizeAdaptiveLayout(  429): com.android.internal.widget.SizeAdaptiveLayout@4103e338child view android.widget.FrameLayout@410447e8 measured out of bounds at 95px clamped to 96px
D/libEGL  (  429): loaded /system/lib/egl/libEGL_adreno200.so
E/BinaryDictionaryGetter(  515): Could not find a dictionary pack
E/ActivityThread(  515): Failed to find provider info for com.android.inputmethod.latin.dictionarypack
I/Adreno200-EGLSUB(  135): <CreateImage:896>: Android Image
I/Adreno200-EGLSUB(  135): <GetImageAttributes:1105>: RGBA_8888
D/libEGL  (  429): loaded /system/lib/egl/libGLESv1_CM_adreno200.so
E/Trace   (  592): error opening trace file: No such file or directory (2)
D/libEGL  (  429): loaded /system/lib/egl/libGLESv2_adreno200.so
D/CAT     (  533): CatService: Running CAT service. STK app installed:false
D/CAT     (  533): CatService: NEW sInstance
D/dalvikvm(  351): GC_EXPLICIT freed 161K, 35% free 5394K/8195K, paused 23ms+28ms, total 362ms
D/CallManager(  533): registerPhone(CDMA Handler (com.android.internal.telephony.PhoneProxy) {40ea5be0})
I/ActivityManager(  351): Process android.process.media (pid 489) has died.
W/ActivityManager(  351): Scheduling restart of crashed service com.android.providers.media/.MtpService in 5000ms
I/ActivityManager(  351): Start proc android.process.acore for content provider com.android.providers.userdictionary/.UserDictionaryProvider: pid=614 uid=10005 gids={3003, 1015, 1028}
D/Bluetooth HS/HF(  533): CDMA call state: IDLE prev state:IDLE
I/Adreno200-EGLSUB(  429): <ConfigWindowMatch:2081>: Format RGBA_8888.
E/Trace   (  614): error opening trace file: No such file or directory (2)
I/ActivityThread(  614): Pub com.android.voicemail: com.android.providers.contacts.VoicemailContentProvider
D/OpenGLRenderer(  429): Enabling debug mode 0
I/ActivityThread(  614): Pub applications: com.android.providers.applications.ApplicationsProvider
W/ResourceType(  551): Attempt to retrieve bag 0x7f0d0017 which is invalid or in a cycle.
W/ResourceType(  551): Attempt to retrieve bag 0x7f0d0017 which is invalid or in a cycle.
W/ResourceType(  551): Attempt to retrieve bag 0x7f0d0017 which is invalid or in a cycle.
W/ResourceType(  551): Attempt to retrieve bag 0x7f0d0017 which is invalid or in a cycle.
W/ResourceType(  551): Attempt to retrieve bag 0x7f0d0017 which is invalid or in a cycle.
W/ActivityManager(  351): Unable to start service Intent { act=com.android.ussd.IExtendedNetworkService }: not found
D/WifiService(  351): New client listening to asynchronous messages
W/WindowManager(  351): Window freeze timeout expired.
W/WindowManager(  351): Force clearing orientation change: Window{40f7ba80 StatusBar paused=false}
I/ActivityThread(  614): Pub contacts;com.android.contacts: com.android.providers.contacts.ContactsProvider2
I/LocationManagerService(  351): request passive (pid 351) 0 0
I/LocationManagerService(  351): whitelist: []
I/LocationManagerService(  351): blacklist: []
I/Choreographer(  429): Skipped 227 frames!  The application may be doing too much work on its main thread.
E/qcom-bluetooth(  642): /system/etc/init.qcom.bt.sh: Bluetooth QSoC firmware download failed: exit code 1 
I/ActivityThread(  614): Pub call_log: com.android.providers.contacts.CallLogProvider
I/ActivityThread(  614): Pub user_dictionary: com.android.providers.userdictionary.UserDictionaryProvider
I/SearchManagerService(  351): Building list of searchable activities
D/DebugService(  533): DebugService DebugService:
D/TelephonyDebugService(  533): TelephonyDebugService()
I/ActivityManager(  351): Process com.android.smspush (pid 592) has died.
W/ActivityManager(  351): Scheduling restart of crashed service com.android.smspush/.WapPushManager in 11801ms
I/Adreno200-EGLSUB(  135): <CreateImage:896>: Android Image
I/Adreno200-EGLSUB(  135): <GetImageAttributes:1105>: RGBA_8888
D/PhoneStatusBar(  429): disable: < expand icons alerts ticker system_info BACK* HOME* RECENT CLOCK* >
I/ActivityManager(  351): Process com.android.inputmethod.latin (pid 515) has died.
W/ActivityManager(  351): Scheduling restart of crashed service com.android.inputmethod.latin/.LatinIME in 21241ms
D/Bluetooth HSHFP(  533): Starting BluetoothHeadsetService
I/ActivityManager(  351): Start proc com.android.smspush for service com.android.smspush/.WapPushManager: pid=652 uid=10040 gids={1028}
V/SipBroadcastReceiver(  533): start auto registration
I/ActivityManager(  351): Start proc android.process.media for service com.android.providers.media/.MtpService: pid=665 uid=10009 gids={1015, 1023, 1024, 1028, 2001, 3003, 3007}
D/dalvikvm(  136): GC_EXPLICIT freed 34K, 74% free 2157K/8195K, paused 11ms+3ms, total 143ms
D/dalvikvm(  136): GC_EXPLICIT freed <1K, 74% free 2157K/8195K, paused 6ms+2ms, total 40ms
D/dalvikvm(  136): GC_EXPLICIT freed <1K, 74% free 2157K/8195K, paused 3ms+2ms, total 47ms
D/dalvikvm(  429): GC_CONCURRENT freed 406K, 38% free 6970K/11207K, paused 284ms+29ms, total 548ms
I/Adreno200-EGLSUB(  135): <CreateImage:896>: Android Image
I/Adreno200-EGLSUB(  135): <GetImageAttributes:1161>: RGBX_8888
E/Trace   (  665): error opening trace file: No such file or directory (2)
E/Trace   (  652): error opening trace file: No such file or directory (2)
I/Choreographer(  429): Skipped 149 frames!  The application may be doing too much work on its main thread.
D/SizeAdaptiveLayout(  429): com.android.internal.widget.SizeAdaptiveLayout@41057a58child view android.widget.FrameLayout@41059340 measured out of bounds at 95px clamped to 96px
D/SizeAdaptiveLayout(  429): com.android.internal.widget.SizeAdaptiveLayout@4103e338child view android.widget.FrameLayout@410447e8 measured out of bounds at 95px clamped to 96px
I/Adreno200-EGLSUB(  135): <CreateImage:896>: Android Image
I/Adreno200-EGLSUB(  135): <GetImageAttributes:1105>: RGBA_8888
D/libEGL  (  551): loaded /system/lib/egl/libEGL_adreno200.so
D/libEGL  (  551): loaded /system/lib/egl/libGLESv1_CM_adreno200.so
D/libEGL  (  551): loaded /system/lib/egl/libGLESv2_adreno200.so
W/ActivityManager(  351): Activity idle timeout for ActivityRecord{4115cb50 com.cyanogenmod.trebuchet/.Launcher}
I/ActivityThread(  665): Pub media: com.android.providers.media.MediaProvider
W/InputDispatcher(  351): channel '410e7be0 com.cyanogenmod.trebuchet/com.cyanogenmod.trebuchet.Launcher (server)' ~ Consumer closed input channel or an error occurred.  events=0x9
I/WindowState(  351): WIN DEATH: Window{410e7be0 com.cyanogenmod.trebuchet/com.cyanogenmod.trebuchet.Launcher paused=false}
E/InputDispatcher(  351): channel '410e7be0 com.cyanogenmod.trebuchet/com.cyanogenmod.trebuchet.Launcher (server)' ~ Channel is unrecoverably broken and will be disposed!
I/ActivityManager(  351): Process com.cyanogenmod.trebuchet (pid 551) has died.
W/InputDispatcher(  351): Attempted to unregister already unregistered input channel '410e7be0 com.cyanogenmod.trebuchet/com.cyanogenmod.trebuchet.Launcher (server)'
I/WindowManager(  351): WINDOW DIED Window{410e7be0 com.cyanogenmod.trebuchet/com.cyanogenmod.trebuchet.Launcher paused=false}
I/ActivityManager(  351): Start proc com.cyanogenmod.trebuchet for activity com.cyanogenmod.trebuchet/.Launcher: pid=681 uid=10010 gids={1028}
I/SurfaceFlinger(  135): Boot is finished (25933 ms)
I/ActivityManager(  351): Process com.android.smspush (pid 652) has died.
