E/Trace   ( 1906): error opening trace file: No such file or directory (2)
I/ActivityThread( 1892): Pub com.cyanogenmod.trebuchet.settings: com.cyanogenmod.trebuchet.LauncherProvider
I/ActivityManager(  343): Process android.process.media (pid 1836) has died.
D/ExchangeService( 1875): !!! EAS ExchangeService, onStartCommand, startingUp = false, running = false
D/ExchangeService( 1875): !!! EAS ExchangeService, onCreate
D/ExchangeService( 1875): !!! EAS ExchangeService, onStartCommand, startingUp = true, running = false
I/ActivityManager(  343): Start proc com.android.email for service com.android.email/.service.AccountService: pid=1923 uid=10016 gids={3003, 1015, 1028}
E/Trace   ( 1923): error opening trace file: No such file or directory (2)
I/ActivityManager(  343): Start proc com.android.mms for broadcast com.android.mms/.transaction.MmsSystemEventReceiver: pid=1937 uid=10027 gids={3003, 1015, 1028}
I/ActivityManager(  343): Process com.android.exchange (pid 1875) has died.
W/ActivityManager(  343): Scheduling restart of crashed service com.android.exchange/.ExchangeService in 81468ms
I/ActivityManager(  343): Process com.android.smspush (pid 1906) has died.
W/ActivityManager(  343): Scheduling restart of crashed service com.android.smspush/.WapPushManager in 91394ms
I/ActivityManager(  343): Start proc com.android.smspush for service com.android.smspush/.WapPushManager: pid=1951 uid=10045 gids={1028}
E/Trace   ( 1937): error opening trace file: No such file or directory (2)
E/Trace   ( 1951): error opening trace file: No such file or directory (2)
I/ActivityManager(  343): Process com.android.email (pid 1923) has died.
I/ActivityThread( 1937): Pub mms_temp_file: com.android.mms.TempFileProvider
I/ActivityThread( 1937): Pub com.android.mms.SuggestionsProvider: com.android.mms.SuggestionsProvider
I/ActivityThread( 1937): Pub com.android.cm.mms: com.android.mms.templates.TemplatesProvider
I/ActivityManager(  343): Process com.android.smspush (pid 1951) has died.
W/ActivityManager(  343): Scheduling restart of crashed service com.android.smspush/.WapPushManager in 90195ms
I/ActivityManager(  343): Start proc com.android.smspush for service com.android.smspush/.WapPushManager: pid=1967 uid=10045 gids={1028}
E/Trace   ( 1967): error opening trace file: No such file or directory (2)
I/ActivityManager(  343): Process com.android.smspush (pid 1967) has died.
W/ActivityManager(  343): Scheduling restart of crashed service com.android.smspush/.WapPushManager in 89914ms
I/ActivityManager(  343): Start proc com.android.smspush for service com.android.smspush/.WapPushManager: pid=1982 uid=10045 gids={1028}
E/Trace   ( 1982): error opening trace file: No such file or directory (2)
I/ActivityManager(  343): Process com.android.smspush (pid 1982) has died.
W/ActivityManager(  343): Scheduling restart of crashed service com.android.smspush/.WapPushManager in 89656ms
I/ActivityManager(  343): Start proc com.android.smspush for service com.android.smspush/.WapPushManager: pid=1998 uid=10045 gids={1028}
E/Trace   ( 1998): error opening trace file: No such file or directory (2)
I/ActivityManager(  343): Process com.android.smspush (pid 1998) has died.
W/ActivityManager(  343): Scheduling restart of crashed service com.android.smspush/.WapPushManager in 89359ms
I/ActivityManager(  343): Start proc com.android.smspush for service com.android.smspush/.WapPushManager: pid=2015 uid=10045 gids={1028}
E/Trace   ( 2015): error opening trace file: No such file or directory (2)
D/CountryDetector(  343): The first listener is added
I/ActivityManager(  343): Process com.android.smspush (pid 2015) has died.
W/ActivityManager(  343): Scheduling restart of crashed service com.android.smspush/.WapPushManager in 88851ms
V/MmsConfig( 1937): mnc/mcc: 
I/ActivityManager(  343): Start proc com.android.smspush for service com.android.smspush/.WapPushManager: pid=2033 uid=10045 gids={1028}
V/MmsConfig( 1937): tag: bool value: enabledMMS - true
V/MmsConfig( 1937): tag: int value: maxMessageSize - 307200
V/MmsConfig( 1937): tag: int value: maxImageHeight - 480
V/MmsConfig( 1937): tag: int value: maxImageWidth - 640
V/MmsConfig( 1937): tag: int value: defaultSMSMessagesPerThread - 500
V/MmsConfig( 1937): tag: int value: defaultMMSMessagesPerThread - 50
V/MmsConfig( 1937): tag: int value: minMessageCountPerThread - 10
V/MmsConfig( 1937): tag: int value: maxMessageCountPerThread - 5000
V/MmsConfig( 1937): tag: string value: uaProfUrl - http://www.google.com/oha/rdf/ua-profile-kila.xml
V/MmsConfig( 1937): tag: int value: recipientLimit - -1
V/MmsConfig( 1937): tag: bool value: enableMultipartSMS - true
V/MmsConfig( 1937): tag: bool value: enableSplitSMS - false
V/MmsConfig( 1937): tag: int value: smsToMmsTextThreshold - -1
V/MmsConfig( 1937): tag: bool value: enableSlideDuration - true
V/MmsConfig( 1937): tag: int value: maxMessageTextSize - -1
V/MmsConfig( 1937): tag: bool value: enableSprintVVM - false
E/Trace   ( 2033): error opening trace file: No such file or directory (2)
I/ActivityManager(  343): Process com.cyanogenmod.trebuchet (pid 1892) has died.
I/ActivityManager(  343): Start proc com.cyanogenmod.trebuchet for activity com.cyanogenmod.trebuchet/.Launcher: pid=2050 uid=10040 gids={1028}
D/dalvikvm(  134): GC_EXPLICIT freed 36K, 74% free 2157K/8195K, paused 15ms+6ms, total 144ms
D/dalvikvm(  134): GC_EXPLICIT freed <1K, 74% free 2157K/8195K, paused 2ms+6ms, total 35ms
D/dalvikvm(  134): GC_EXPLICIT freed <1K, 74% free 2157K/8195K, paused 3ms+2ms, total 42ms
E/Trace   ( 2050): error opening trace file: No such file or directory (2)
I/ActivityManager(  343): Process com.android.smspush (pid 2033) has died.
W/ActivityManager(  343): Scheduling restart of crashed service com.android.smspush/.WapPushManager in 85973ms
I/ActivityManager(  343): Start proc com.android.smspush for service com.android.smspush/.WapPushManager: pid=2067 uid=10045 gids={1028}
E/Trace   ( 2067): error opening trace file: No such file or directory (2)
I/ActivityManager(  343): Start proc com.android.settings for broadcast com.android.settings/.cmstats.ReportingServiceManager: pid=2080 uid=1000 gids={1015, 3002, 3001, 3003, 1028}
I/ActivityManager(  343): Process com.android.mms (pid 1937) has died.
W/ActivityManager(  343): Scheduling restart of crashed service com.android.mms/.transaction.SmsReceiverService in 85391ms
I/ActivityThread( 2050): Pub com.cyanogenmod.trebuchet.settings: com.cyanogenmod.trebuchet.LauncherProvider
E/Trace   ( 2080): error opening trace file: No such file or directory (2)
D/CountryDetector(  343): No listener is left
I/ActivityManager(  343): Process com.android.settings (pid 2080) has died.
I/ActivityManager(  343): Process com.android.smspush (pid 2067) has died.
W/ActivityManager(  343): Scheduling restart of crashed service com.android.smspush/.WapPushManager in 94474ms
D/dalvikvm(  343): GC_EXPLICIT freed 1002K, 38% free 5402K/8711K, paused 13ms+4ms, total 145ms
I/ActivityManager(  343): Start proc com.android.smspush for service com.android.smspush/.WapPushManager: pid=2096 uid=10045 gids={1028}
E/Trace   ( 2096): error opening trace file: No such file or directory (2)
I/ActivityManager(  343): Process com.android.smspush (pid 2096) has died.
W/ActivityManager(  343): Scheduling restart of crashed service com.android.smspush/.WapPushManager in 93906ms
I/ActivityManager(  343): Start proc com.android.smspush for service com.android.smspush/.WapPushManager: pid=2113 uid=10045 gids={1028}
E/Trace   ( 2113): error opening trace file: No such file or directory (2)
I/ActivityManager(  343): Start proc com.android.settings for broadcast com.android.settings/.cyanogenmod.BootReceiver: pid=2126 uid=1000 gids={1015, 3002, 3001, 3003, 1028}
E/Trace   ( 2126): error opening trace file: No such file or directory (2)
I/InputReader(  343): Reconfiguring input devices.  changes=0x00000010
D/PackageManager(  343): generateServicesMap(android.accounts.AccountAuthenticator): 2 services unchanged
I/ActivityManager(  343): Process com.cyanogenmod.trebuchet (pid 2050) has died.
I/ActivityManager(  343): Start proc com.cyanogenmod.trebuchet for activity com.cyanogenmod.trebuchet/.Launcher: pid=2140 uid=10040 gids={1028}
I/ActivityManager(  343): Process com.android.smspush (pid 2113) has died.
W/ActivityManager(  343): Scheduling restart of crashed service com.android.smspush/.WapPushManager in 92855ms
D/PackageManager(  343): generateServicesMap(android.content.SyncAdapter): 4 services unchanged
I/ActivityManager(  343): Start proc com.android.smspush for service com.android.smspush/.WapPushManager: pid=2153 uid=10045 gids={1028}
I/ActivityManager(  343): Process com.android.settings (pid 2126) has died.
E/Trace   ( 2153): error opening trace file: No such file or directory (2)
E/Trace   ( 2140): error opening trace file: No such file or directory (2)
I/ActivityThread( 2140): Pub com.cyanogenmod.trebuchet.settings: com.cyanogenmod.trebuchet.LauncherProvider
I/ActivityManager(  343): Process com.android.smspush (pid 2153) has died.
W/ActivityManager(  343): Scheduling restart of crashed service com.android.smspush/.WapPushManager in 91929ms
I/ActivityManager(  343): Start proc com.android.smspush for service com.android.smspush/.WapPushManager: pid=2170 uid=10045 gids={1028}
E/Trace   ( 2170): error opening trace file: No such file or directory (2)
I/ActivityManager(  343): Process com.android.smspush (pid 2170) has died.
W/ActivityManager(  343): Scheduling restart of crashed service com.android.smspush/.WapPushManager in 91604ms
I/ActivityManager(  343): Start proc com.android.smspush for service com.android.smspush/.WapPushManager: pid=2185 uid=10045 gids={1028}
E/Trace   ( 2185): error opening trace file: No such file or directory (2)
I/ActivityManager(  343): Process com.android.smspush (pid 2185) has died.
W/ActivityManager(  343): Scheduling restart of crashed service com.android.smspush/.WapPushManager in 91272ms
I/ActivityManager(  343): Start proc com.android.smspush for service com.android.smspush/.WapPushManager: pid=2200 uid=10045 gids={1028}
E/Trace   ( 2200): error opening trace file: No such file or directory (2)
I/ActivityManager(  343): Process com.android.smspush (pid 2200) has died.
W/ActivityManager(  343): Scheduling restart of crashed service com.android.smspush/.WapPushManager in 90981ms
I/ActivityManager(  343): Start proc com.android.smspush for service com.android.smspush/.WapPushManager: pid=2215 uid=10045 gids={1028}
E/Trace   ( 2215): error opening trace file: No such file or directory (2)
D/dalvikvm(  134): GC_EXPLICIT freed 36K, 74% free 2157K/8195K, paused 5ms+3ms, total 142ms
D/dalvikvm(  134): GC_EXPLICIT freed <1K, 74% free 2157K/8195K, paused 2ms+5ms, total 49ms
D/dalvikvm(  134): GC_EXPLICIT freed <1K, 74% free 2157K/8195K, paused 2ms+5ms, total 46ms
I/ActivityManager(  343): Process com.android.smspush (pid 2215) has died.
W/ActivityManager(  343): Scheduling restart of crashed service com.android.smspush/.WapPushManager in 90511ms
D/SurfaceFlinger(  133): About to give-up screen, flinger = 0x1da9b88
I/ActivityManager(  343): Start proc com.android.smspush for service com.android.smspush/.WapPushManager: pid=2231 uid=10045 gids={1028}
E/PowerManagerService(  343): Excessive delay setting brightness: 168ms, mask=2
I/ActivityManager(  343): Process com.cyanogenmod.trebuchet (pid 2140) has died.
I/ActivityManager(  343): Start proc com.cyanogenmod.trebuchet for activity com.cyanogenmod.trebuchet/.Launcher: pid=2246 uid=10040 gids={1028}
E/Trace   ( 2231): error opening trace file: No such file or directory (2)
E/Trace   ( 2246): error opening trace file: No such file or directory (2)
W/ThrottleService(  343): unable to find stats for iface rmnet0
I/ActivityThread( 2246): Pub com.cyanogenmod.trebuchet.settings: com.cyanogenmod.trebuchet.LauncherProvider
I/ActivityManager(  343): Start proc com.android.voicedialer for broadcast com.android.voicedialer/.VoiceDialerReceiver: pid=2260 uid=10043 gids={3002, 1028}
I/ActivityManager(  343): Process com.cyanogenmod.trebuchet (pid 2246) has died.
I/ActivityManager(  343): Start proc com.cyanogenmod.trebuchet for activity com.cyanogenmod.trebuchet/.Launcher: pid=2273 uid=10040 gids={1028}
I/ActivityManager(  343): Process com.android.smspush (pid 2231) has died.
E/Trace   ( 2260): error opening trace file: No such file or directory (2)
W/ActivityManager(  343): Scheduling restart of crashed service com.android.smspush/.WapPushManager in 88274ms
I/ActivityManager(  343): Start proc com.android.smspush for service com.android.smspush/.WapPushManager: pid=2287 uid=10045 gids={1028}
E/Trace   ( 2273): error opening trace file: No such file or directory (2)
I/ActivityManager(  343): Process com.android.voicedialer (pid 2260) has died.
E/Trace   ( 2287): error opening trace file: No such file or directory (2)
I/ActivityThread( 2273): Pub com.cyanogenmod.trebuchet.settings: com.cyanogenmod.trebuchet.LauncherProvider
I/ActivityManager(  343): Start proc com.android.inputmethod.latin for service com.android.inputmethod.latin/.LatinIME: pid=2300 uid=10022 gids={1028}
I/ActivityManager(  343): Process com.cyanogenmod.trebuchet (pid 2273) has died.
I/ActivityManager(  343): Start proc com.cyanogenmod.trebuchet for activity com.cyanogenmod.trebuchet/.Launcher: pid=2313 uid=10040 gids={1028}
E/Trace   ( 2300): error opening trace file: No such file or directory (2)
I/ActivityManager(  343): Process com.android.smspush (pid 2287) has died.
W/ActivityManager(  343): Scheduling restart of crashed service com.android.smspush/.WapPushManager in 86809ms
D/ConnectivityService(  343): ConnectivityChange for mobile: DISCONNECTED/DISCONNECTED
D/ConnectivityService(  343): Attempting to switch to wifi
V/TransportControlView(  343): Create TCV com.android.internal.widget.TransportControlView@4102a218
E/Trace   ( 2313): error opening trace file: No such file or directory (2)
I/ActivityManager(  343): Start proc com.android.smspush for service com.android.smspush/.WapPushManager: pid=2326 uid=10045 gids={1028}
I/ActivityManager(  343): Process com.android.inputmethod.latin (pid 2300) has died.
W/ActivityManager(  343): Scheduling restart of crashed service com.android.inputmethod.latin/.LatinIME in 205856ms
E/Trace   ( 2326): error opening trace file: No such file or directory (2)
W/ActivityManager(  343): Activity pause timeout for ActivityRecord{41035c48 com.cyanogenmod.trebuchet/.Launcher}
I/ActivityThread( 2313): Pub com.cyanogenmod.trebuchet.settings: com.cyanogenmod.trebuchet.LauncherProvider
I/ActivityManager(  343): Process com.cyanogenmod.trebuchet (pid 2313) has died.
W/ProcessStats(  343): Skipping unknown process pid 2313
I/ActivityManager(  343): Start proc com.cyanogenmod.trebuchet for activity com.cyanogenmod.trebuchet/.Launcher: pid=2340 uid=10040 gids={1028}
I/Choreographer(  343): Skipped 209 frames!  The application may be doing too much work on its main thread.
I/ActivityManager(  343): Start proc android.process.media for broadcast com.android.providers.downloads/.DownloadReceiver: pid=2354 uid=10015 gids={1015, 1023, 1024, 1028, 2001, 3003, 3007}
I/ActivityManager(  343): Process com.android.smspush (pid 2326) has died.
W/ActivityManager(  343): Scheduling restart of crashed service com.android.smspush/.WapPushManager in 84669ms
D/dalvikvm(  530): GC_CONCURRENT freed 1618K, 67% free 2773K/8195K, paused 78ms+28ms, total 482ms
D/dalvikvm(  530): WAIT_FOR_CONCURRENT_GC blocked 372ms
D/dalvikvm(  530): GC_EXPLICIT freed 21K, 67% free 2751K/8195K, paused 11ms+2ms, total 57ms
W/WindowManager(  343): App freeze timeout expired.
W/WindowManager(  343): Force clearing freeze: AppWindowToken{413355a0 token=Token{41036080 ActivityRecord{41035c48 com.cyanogenmod.trebuchet/.Launcher}}}
E/Trace   ( 2354): error opening trace file: No such file or directory (2)
E/Trace   ( 2340): error opening trace file: No such file or directory (2)
W/ActivityManager(  343): Sleep timeout!  Sleeping now.
V/LockPatternKeyguardView(  343): Set visibility on com.android.internal.policy.impl.LockPatternKeyguardView$5@40f22728 to 8388608
V/LockPatternKeyguardView(  343): Set visibility on com.android.internal.policy.impl.LockPatternKeyguardView$5@40f22728 to 8388608
D/dalvikvm(  530): GC_EXPLICIT freed 197K, 68% free 2671K/8195K, paused 3ms+8ms, total 96ms
W/ActivityManager(  343): Activity pause timeout for ActivityRecord{41035c48 com.cyanogenmod.trebuchet/.Launcher}
I/ActivityThread( 2354): Pub media: com.android.providers.media.MediaProvider
I/ActivityThread( 2340): Pub com.cyanogenmod.trebuchet.settings: com.cyanogenmod.trebuchet.LauncherProvider
I/ActivityManager(  343): Start proc com.android.smspush for service com.android.smspush/.WapPushManager: pid=2371 uid=10045 gids={1028}
D/dalvikvm(  134): GC_EXPLICIT freed 36K, 74% free 2157K/8195K, paused 3ms+6ms, total 48ms
D/dalvikvm(  134): GC_EXPLICIT freed <1K, 74% free 2157K/8195K, paused 6ms+5ms, total 50ms
D/dalvikvm(  134): GC_EXPLICIT freed <1K, 74% free 2157K/8195K, paused 2ms+2ms, total 34ms
I/ActivityManager(  343): Process com.cyanogenmod.trebuchet (pid 2340) has died.
I/ActivityManager(  343): Start proc com.cyanogenmod.trebuchet for activity com.cyanogenmod.trebuchet/.Launcher: pid=2384 uid=10040 gids={1028}
E/Trace   ( 2371): error opening trace file: No such file or directory (2)
I/ActivityManager(  343): Process android.process.media (pid 2354) has died.
E/Trace   ( 2384): error opening trace file: No such file or directory (2)
E/bluedroid(  343): bt_enable: Timeout waiting for HCI device to come up, error- -1, 
I/ActivityThread( 2384): Pub com.cyanogenmod.trebuchet.settings: com.cyanogenmod.trebuchet.LauncherProvider
I/ActivityManager(  343): Process com.android.smspush (pid 2371) has died.
W/ActivityManager(  343): Scheduling restart of crashed service com.android.smspush/.WapPushManager in 83009ms
I/ActivityManager(  343): Start proc com.android.smspush for service com.android.smspush/.WapPushManager: pid=2398 uid=10045 gids={1028}
D/Tethering(  343): MasterInitialState.processMessage what=3
I/ActivityManager(  343): Start proc android.process.media for broadcast com.android.providers.media/.MediaScannerReceiver: pid=2409 uid=10015 gids={1015, 1023, 1024, 1028, 2001, 3003, 3007}
E/Trace   ( 2398): error opening trace file: No such file or directory (2)
I/ActivityManager(  343): Process com.cyanogenmod.trebuchet (pid 2384) has died.
I/ActivityManager(  343): Start proc com.cyanogenmod.trebuchet for activity com.cyanogenmod.trebuchet/.Launcher: pid=2424 uid=10040 gids={1028}
E/Trace   ( 2409): error opening trace file: No such file or directory (2)
I/ActivityManager(  343): Process com.android.smspush (pid 2398) has died.
W/ActivityManager(  343): Scheduling restart of crashed service com.android.smspush/.WapPushManager in 82426ms
E/Trace   ( 2424): error opening trace file: No such file or directory (2)
D/TelephonyProvider(  530): Preferred APN: -1
I/ActivityThread( 2409): Pub media: com.android.providers.media.MediaProvider
I/ActivityManager(  343): Process com.cyanogenmod.trebuchet (pid 2424) has died.
I/ActivityManager(  343): Start proc com.cyanogenmod.trebuchet for activity com.cyanogenmod.trebuchet/.Launcher: pid=2438 uid=10040 gids={1028}
E/Trace   ( 2438): error opening trace file: No such file or directory (2)
I/ActivityThread( 2438): Pub com.cyanogenmod.trebuchet.settings: com.cyanogenmod.trebuchet.LauncherProvider
I/ActivityManager(  343): Process android.process.media (pid 2409) has died.
I/ActivityManager(  343): Start proc com.android.smspush for service com.android.smspush/.WapPushManager: pid=2452 uid=10045 gids={1028}
E/Trace   ( 2452): error opening trace file: No such file or directory (2)
I/ActivityManager(  343): Process com.cyanogenmod.trebuchet (pid 2438) has died.
I/ActivityManager(  343): Start proc com.cyanogenmod.trebuchet for activity com.cyanogenmod.trebuchet/.Launcher: pid=2466 uid=10040 gids={1028}
E/Trace   ( 2466): error opening trace file: No such file or directory (2)
I/ActivityThread( 2466): Pub com.cyanogenmod.trebuchet.settings: com.cyanogenmod.trebuchet.LauncherProvider
I/ActivityManager(  343): Process com.android.smspush (pid 2452) has died.
W/ActivityManager(  343): Scheduling restart of crashed service com.android.smspush/.WapPushManager in 81272ms
I/ActivityManager(  343): Start proc com.android.smspush for service com.android.smspush/.WapPushManager: pid=2482 uid=10045 gids={1028}
E/Trace   ( 2482): error opening trace file: No such file or directory (2)
I/ActivityManager(  343): Process com.cyanogenmod.trebuchet (pid 2466) has died.
I/ActivityManager(  343): Start proc com.cyanogenmod.trebuchet for activity com.cyanogenmod.trebuchet/.Launcher: pid=2496 uid=10040 gids={1028}
E/Trace   ( 2496): error opening trace file: No such file or directory (2)
I/ActivityThread( 2496): Pub com.cyanogenmod.trebuchet.settings: com.cyanogenmod.trebuchet.LauncherProvider
I/ActivityManager(  343): Process com.android.smspush (pid 2482) has died.
W/ActivityManager(  343): Scheduling restart of crashed service com.android.smspush/.WapPushManager in 80761ms
I/ActivityManager(  343): Start proc com.android.smspush for service com.android.smspush/.WapPushManager: pid=2511 uid=10045 gids={1028}
E/Trace   ( 2511): error opening trace file: No such file or directory (2)
I/ActivityManager(  343): Process com.cyanogenmod.trebuchet (pid 2496) has died.
I/ActivityManager(  343): Start proc com.cyanogenmod.trebuchet for activity com.cyanogenmod.trebuchet/.Launcher: pid=2525 uid=10040 gids={1028}
E/Trace   ( 2525): error opening trace file: No such file or directory (2)
D/dalvikvm(  134): GC_EXPLICIT freed 36K, 74% free 2157K/8195K, paused 2ms+12ms, total 88ms
I/ActivityThread( 2525): Pub com.cyanogenmod.trebuchet.settings: com.cyanogenmod.trebuchet.LauncherProvider
D/dalvikvm(  134): GC_EXPLICIT freed <1K, 74% free 2157K/8195K, paused 14ms+12ms, total 46ms
D/dalvikvm(  134): GC_EXPLICIT freed <1K, 74% free 2157K/8195K, paused 2ms+2ms, total 39ms
I/ActivityManager(  343): Process com.android.smspush (pid 2511) has died.
W/ActivityManager(  343): Scheduling restart of crashed service com.android.smspush/.WapPushManager in 80214ms
I/ActivityManager(  343): Start proc com.android.smspush for service com.android.smspush/.WapPushManager: pid=2541 uid=10045 gids={1028}
D/dalvikvm(  343): GC_CONCURRENT freed 1516K, 36% free 5610K/8711K, paused 18ms+19ms, total 216ms
E/Trace   ( 2541): error opening trace file: No such file or directory (2)
I/ActivityManager(  343): Process com.android.smspush (pid 2541) has died.
W/ActivityManager(  343): Scheduling restart of crashed service com.android.smspush/.WapPushManager in 79534ms
I/ActivityManager(  343): Start proc com.android.smspush for service com.android.smspush/.WapPushManager: pid=2558 uid=10045 gids={1028}
E/Trace   ( 2558): error opening trace file: No such file or directory (2)
I/ActivityManager(  343): Process com.android.smspush (pid 2558) has died.
W/ActivityManager(  343): Scheduling restart of crashed service com.android.smspush/.WapPushManager in 79230ms
I/ActivityManager(  343): Start proc com.android.smspush for service com.android.smspush/.WapPushManager: pid=2572 uid=10045 gids={1028}
E/Trace   ( 2572): error opening trace file: No such file or directory (2)
W/ResourceType( 2525): Attempt to retrieve bag 0x7f0d0017 which is invalid or in a cycle.
W/ResourceType( 2525): Attempt to retrieve bag 0x7f0d0017 which is invalid or in a cycle.
W/ResourceType( 2525): Attempt to retrieve bag 0x7f0d0017 which is invalid or in a cycle.
W/ResourceType( 2525): Attempt to retrieve bag 0x7f0d0017 which is invalid or in a cycle.
W/ResourceType( 2525): Attempt to retrieve bag 0x7f0d0017 which is invalid or in a cycle.
I/ActivityManager(  343): Process com.android.smspush (pid 2572) has died.
W/ActivityManager(  343): Scheduling restart of crashed service com.android.smspush/.WapPushManager in 78888ms
I/ActivityManager(  343): Start proc com.android.smspush for service com.android.smspush/.WapPushManager: pid=2587 uid=10045 gids={1028}
D/dalvikvm(  530): GC_EXPLICIT freed 569K, 68% free 2637K/8195K, paused 19ms+11ms, total 133ms
E/Trace   ( 2587): error opening trace file: No such file or directory (2)
I/ActivityManager(  343): Process com.android.smspush (pid 2587) has died.
W/ActivityManager(  343): Scheduling restart of crashed service com.android.smspush/.WapPushManager in 78502ms
I/ActivityManager(  343): Start proc com.android.smspush for service com.android.smspush/.WapPushManager: pid=2602 uid=10045 gids={1028}
E/Trace   ( 2602): error opening trace file: No such file or directory (2)
W/Resources( 2525): Converting to int: TypedValue{t=0x3/d=0x12 "4" a=-1}
W/Resources( 2525): Converting to int: TypedValue{t=0x3/d=0xf "1" a=-1}
W/WindowManager(  343): App freeze timeout expired.
W/WindowManager(  343): Force clearing freeze: AppWindowToken{413355a0 token=Token{41036080 ActivityRecord{41035c48 com.cyanogenmod.trebuchet/.Launcher}}}
W/Resources( 2525): Converting to int: TypedValue{t=0x3/d=0x15 "2" a=-1}
W/Resources( 2525): Converting to int: TypedValue{t=0x3/d=0x15 "2" a=-1}
I/ActivityManager(  343): Start proc com.android.deskclock for broadcast com.android.deskclock/com.android.alarmclock.AnalogAppWidgetProvider: pid=2615 uid=10013 gids={1028}
I/ActivityManager(  343): Process com.android.smspush (pid 2602) has died.
W/ActivityManager(  343): Scheduling restart of crashed service com.android.smspush/.WapPushManager in 78061ms
I/ActivityManager(  343): Start proc com.android.smspush for service com.android.smspush/.WapPushManager: pid=2627 uid=10045 gids={1028}
E/Trace   ( 2615): error opening trace file: No such file or directory (2)
E/Trace   ( 2627): error opening trace file: No such file or directory (2)
I/ActivityManager(  343): Process com.cyanogenmod.trebuchet (pid 2525) has died.
I/ActivityThread( 2615): Pub com.android.deskclock: com.android.deskclock.AlarmProvider
I/ActivityManager(  343): Start proc com.cyanogenmod.trebuchet for activity com.cyanogenmod.trebuchet/.Launcher: pid=2642 uid=10040 gids={1028}
I/ActivityThread( 2615): Pub com.android.deskclock.timers: com.android.deskclock.TimersProvider
I/ActivityManager(  343): Start proc com.android.providers.calendar for service com.android.providers.calendar/.EmptyService: pid=2655 uid=10009 gids={3003, 1015, 1028}
E/Trace   ( 2642): error opening trace file: No such file or directory (2)
I/ActivityManager(  343): Start proc com.android.settings for broadcast com.android.settings/.widget.SettingsAppWidgetProvider: pid=2667 uid=1000 gids={1015, 3002, 3001, 3003, 1028}
I/ActivityManager(  343): Process com.android.smspush (pid 2627) has died.
W/ActivityManager(  343): Scheduling restart of crashed service com.android.smspush/.WapPushManager in 77338ms
E/Trace   ( 2655): error opening trace file: No such file or directory (2)
E/Trace   ( 2667): error opening trace file: No such file or directory (2)
I/ActivityManager(  343): Process com.android.deskclock (pid 2615) has died.
I/ActivityThread( 2642): Pub com.cyanogenmod.trebuchet.settings: com.cyanogenmod.trebuchet.LauncherProvider
I/ActivityManager(  343): Process com.android.settings (pid 2667) has died.
I/ActivityThread( 2655): Pub com.android.calendar: com.android.providers.calendar.CalendarProvider2
I/ActivityManager(  343): Start proc com.android.smspush for service com.android.smspush/.WapPushManager: pid=2682 uid=10045 gids={1028}
E/Trace   ( 2682): error opening trace file: No such file or directory (2)
D/dalvikvm(  134): GC_EXPLICIT freed 36K, 74% free 2157K/8195K, paused 25ms+3ms, total 92ms
D/dalvikvm(  134): GC_EXPLICIT freed <1K, 74% free 2157K/8195K, paused 2ms+6ms, total 48ms
D/dalvikvm(  134): GC_EXPLICIT freed <1K, 74% free 2157K/8195K, paused 3ms+2ms, total 48ms
I/ActivityManager(  343): Process com.android.smspush (pid 2682) has died.
W/ActivityManager(  343): Scheduling restart of crashed service com.android.smspush/.WapPushManager in 76586ms
I/ActivityManager(  343): Start proc com.android.smspush for service com.android.smspush/.WapPushManager: pid=2696 uid=10045 gids={1028}
E/Trace   ( 2696): error opening trace file: No such file or directory (2)
I/ActivityManager(  343): Process com.android.smspush (pid 2696) has died.
W/ActivityManager(  343): Scheduling restart of crashed service com.android.smspush/.WapPushManager in 76232ms
I/ActivityManager(  343): Start proc com.android.smspush for service com.android.smspush/.WapPushManager: pid=2712 uid=10045 gids={1028}
E/Trace   ( 2712): error opening trace file: No such file or directory (2)
I/ActivityManager(  343): Process com.android.providers.calendar (pid 2655) has died.
W/ActivityManager(  343): Scheduling restart of crashed service com.android.providers.calendar/.EmptyService in 162028ms
D/dalvikvm(  343): GC_EXPLICIT freed 354K, 37% free 5505K/8711K, paused 24ms+4ms, total 97ms
I/ActivityManager(  343): Process com.android.smspush (pid 2712) has died.
W/ActivityManager(  343): Scheduling restart of crashed service com.android.smspush/.WapPushManager in 75609ms
I/ActivityManager(  343): Start proc com.android.smspush for service com.android.smspush/.WapPushManager: pid=2730 uid=10045 gids={1028}
E/Trace   ( 2730): error opening trace file: No such file or directory (2)
W/ResourceType( 2642): Attempt to retrieve bag 0x7f0d0017 which is invalid or in a cycle.
W/ResourceType( 2642): Attempt to retrieve bag 0x7f0d0017 which is invalid or in a cycle.
W/ResourceType( 2642): Attempt to retrieve bag 0x7f0d0017 which is invalid or in a cycle.
W/ResourceType( 2642): Attempt to retrieve bag 0x7f0d0017 which is invalid or in a cycle.
W/ResourceType( 2642): Attempt to retrieve bag 0x7f0d0017 which is invalid or in a cycle.
I/ActivityManager(  343): Process com.android.smspush (pid 2730) has died.
W/ActivityManager(  343): Scheduling restart of crashed service com.android.smspush/.WapPushManager in 75311ms
I/ActivityManager(  343): Start proc com.android.smspush for service com.android.smspush/.WapPushManager: pid=2744 uid=10045 gids={1028}
E/Trace   ( 2744): error opening trace file: No such file or directory (2)
W/Resources( 2642): Converting to int: TypedValue{t=0x3/d=0x12 "4" a=-1}
W/Resources( 2642): Converting to int: TypedValue{t=0x3/d=0xf "1" a=-1}
W/Resources( 2642): Converting to int: TypedValue{t=0x3/d=0x15 "2" a=-1}
W/Resources( 2642): Converting to int: TypedValue{t=0x3/d=0x15 "2" a=-1}
I/ActivityManager(  343): Start proc com.android.settings for broadcast com.android.settings/.widget.SettingsAppWidgetProvider: pid=2759 uid=1000 gids={1015, 3002, 3001, 3003, 1028}
I/ActivityManager(  343): Process com.android.smspush (pid 2744) has died.
W/ActivityManager(  343): Scheduling restart of crashed service com.android.smspush/.WapPushManager in 74616ms
I/ActivityManager(  343): Start proc com.android.smspush for service com.android.smspush/.WapPushManager: pid=2773 uid=10045 gids={1028}
E/Trace   ( 2759): error opening trace file: No such file or directory (2)
E/Trace   ( 2773): error opening trace file: No such file or directory (2)
I/ActivityManager(  343): Process com.cyanogenmod.trebuchet (pid 2642) has died.
I/ActivityManager(  343): Start proc com.cyanogenmod.trebuchet for activity com.cyanogenmod.trebuchet/.Launcher: pid=2786 uid=10040 gids={1028}
I/ActivityManager(  343): Process com.android.settings (pid 2759) has died.
E/Trace   ( 2786): error opening trace file: No such file or directory (2)
I/ActivityThread( 2786): Pub com.cyanogenmod.trebuchet.settings: com.cyanogenmod.trebuchet.LauncherProvider
W/ResourceType( 2786): Attempt to retrieve bag 0x7f0d0017 which is invalid or in a cycle.
W/ResourceType( 2786): Attempt to retrieve bag 0x7f0d0017 which is invalid or in a cycle.
W/ResourceType( 2786): Attempt to retrieve bag 0x7f0d0017 which is invalid or in a cycle.
W/ResourceType( 2786): Attempt to retrieve bag 0x7f0d0017 which is invalid or in a cycle.
W/ResourceType( 2786): Attempt to retrieve bag 0x7f0d0017 which is invalid or in a cycle.
W/WindowManager(  343): App freeze timeout expired.
W/WindowManager(  343): Force clearing freeze: AppWindowToken{413355a0 token=Token{41036080 ActivityRecord{41035c48 com.cyanogenmod.trebuchet/.Launcher}}}
I/ActivityManager(  343): Start proc com.android.settings for broadcast com.android.settings/.widget.SettingsAppWidgetProvider: pid=2803 uid=1000 gids={1015, 3002, 3001, 3003, 1028}
I/ActivityManager(  343): Process com.android.smspush (pid 2773) has died.
W/ActivityManager(  343): Scheduling restart of crashed service com.android.smspush/.WapPushManager in 72315ms
I/ActivityManager(  343): Start proc com.android.smspush for service com.android.smspush/.WapPushManager: pid=2817 uid=10045 gids={1028}
E/Trace   ( 2803): error opening trace file: No such file or directory (2)
E/Trace   ( 2817): error opening trace file: No such file or directory (2)
I/ActivityManager(  343): Process com.cyanogenmod.trebuchet (pid 2786) has died.
I/ActivityManager(  343): Start proc com.cyanogenmod.trebuchet for activity com.cyanogenmod.trebuchet/.Launcher: pid=2831 uid=10040 gids={1028}
I/ActivityManager(  343): Process com.android.smspush (pid 2817) has died.
W/ActivityManager(  343): Scheduling restart of crashed service com.android.smspush/.WapPushManager in 71594ms
I/ActivityManager(  343): Start proc com.android.smspush for service com.android.smspush/.WapPushManager: pid=2843 uid=10045 gids={1028}
D/dalvikvm(  134): GC_EXPLICIT freed 36K, 74% free 2157K/8195K, paused 4ms+2ms, total 140ms
D/dalvikvm(  134): GC_EXPLICIT freed <1K, 74% free 2157K/8195K, paused 3ms+6ms, total 47ms
D/dalvikvm(  134): GC_EXPLICIT freed <1K, 74% free 2157K/8195K, paused 2ms+2ms, total 38ms
D/dalvikvm(  530): GC_EXPLICIT freed 759K, 68% free 2622K/8195K, paused 32ms+7ms, total 311ms
I/ActivityManager(  343): Process com.android.settings (pid 2803) has died.
E/Trace   ( 2831): error opening trace file: No such file or directory (2)
E/Trace   ( 2843): error opening trace file: No such file or directory (2)
I/ActivityThread( 2831): Pub com.cyanogenmod.trebuchet.settings: com.cyanogenmod.trebuchet.LauncherProvider
W/ResourceType( 2831): Attempt to retrieve bag 0x7f0d0017 which is invalid or in a cycle.
W/ResourceType( 2831): Attempt to retrieve bag 0x7f0d0017 which is invalid or in a cycle.
W/ResourceType( 2831): Attempt to retrieve bag 0x7f0d0017 which is invalid or in a cycle.
W/ResourceType( 2831): Attempt to retrieve bag 0x7f0d0017 which is invalid or in a cycle.
W/ResourceType( 2831): Attempt to retrieve bag 0x7f0d0017 which is invalid or in a cycle.
I/ActivityManager(  343): Process com.android.smspush (pid 2843) has died.
W/ActivityManager(  343): Scheduling restart of crashed service com.android.smspush/.WapPushManager in 69884ms
I/ActivityManager(  343): Start proc com.android.smspush for service com.android.smspush/.WapPushManager: pid=2865 uid=10045 gids={1028}
E/Trace   ( 2865): error opening trace file: No such file or directory (2)
W/Resources( 2831): Converting to int: TypedValue{t=0x3/d=0x12 "4" a=-1}
W/Resources( 2831): Converting to int: TypedValue{t=0x3/d=0xf "1" a=-1}
I/ActivityManager(  343): Start proc com.android.deskclock for broadcast com.android.deskclock/com.android.alarmclock.AnalogAppWidgetProvider: pid=2880 uid=10013 gids={1028}
I/ActivityManager(  343): Process com.android.smspush (pid 2865) has died.
W/ActivityManager(  343): Scheduling restart of crashed service com.android.smspush/.WapPushManager in 69463ms
I/ActivityManager(  343): Start proc com.android.smspush for service com.android.smspush/.WapPushManager: pid=2893 uid=10045 gids={1028}
E/Trace   ( 2893): error opening trace file: No such file or directory (2)
I/ActivityManager(  343): Process com.android.smspush (pid 2893) has died.
W/ActivityManager(  343): Scheduling restart of crashed service com.android.smspush/.WapPushManager in 69229ms
I/ActivityManager(  343): Start proc com.android.smspush for service com.android.smspush/.WapPushManager: pid=2907 uid=10045 gids={1028}
E/Trace   ( 2907): error opening trace file: No such file or directory (2)
W/Resources( 2831): Converting to int: TypedValue{t=0x3/d=0x15 "2" a=-1}
W/Resources( 2831): Converting to int: TypedValue{t=0x3/d=0x15 "2" a=-1}
I/ActivityManager(  343): Process com.android.smspush (pid 2907) has died.
W/ActivityManager(  343): Scheduling restart of crashed service com.android.smspush/.WapPushManager in 68807ms
I/ActivityManager(  343): Start proc com.android.smspush for service com.android.smspush/.WapPushManager: pid=2921 uid=10045 gids={1028}
E/Trace   ( 2921): error opening trace file: No such file or directory (2)
E/Trace   ( 2880): error opening trace file: No such file or directory (2)
I/ActivityManager(  343): Process com.android.smspush (pid 2921) has died.
W/ActivityManager(  343): Scheduling restart of crashed service com.android.smspush/.WapPushManager in 68109ms
I/ActivityManager(  343): Start proc com.android.smspush for service com.android.smspush/.WapPushManager: pid=2935 uid=10045 gids={1028}
E/Trace   ( 2935): error opening trace file: No such file or directory (2)
I/ActivityManager(  343): Start proc com.android.exchange for service com.android.exchange/.service.ExchangeBroadcastProcessorService: pid=2948 uid=10017 gids={3003, 1015, 1028}
I/ActivityManager(  343): Process com.android.smspush (pid 2935) has died.
W/ActivityManager(  343): Scheduling restart of crashed service com.android.smspush/.WapPushManager in 5000ms
I/ActivityManager(  343): Start proc com.android.smspush for service com.android.smspush/.WapPushManager: pid=2961 uid=10045 gids={1028}
E/Trace   ( 2948): error opening trace file: No such file or directory (2)
E/Trace   ( 2961): error opening trace file: No such file or directory (2)
I/ActivityManager(  343): Process com.cyanogenmod.trebuchet (pid 2831) has died.
I/ActivityThread( 2948): Pub com.android.exchange.directory.provider: com.android.exchange.provider.ExchangeDirectoryProvider
I/ActivityThread( 2880): Pub com.android.deskclock: com.android.deskclock.AlarmProvider
I/ActivityManager(  343): Start proc com.cyanogenmod.trebuchet for activity com.cyanogenmod.trebuchet/.Launcher: pid=2975 uid=10040 gids={1028}
I/ActivityThread( 2880): Pub com.android.deskclock.timers: com.android.deskclock.TimersProvider
E/Trace   ( 2975): error opening trace file: No such file or directory (2)
I/ActivityThread( 2975): Pub com.cyanogenmod.trebuchet.settings: com.cyanogenmod.trebuchet.LauncherProvider
I/ActivityManager(  343): Start proc com.android.calendar for broadcast com.android.calendar/.widget.CalendarAppWidgetService$CalendarFactory: pid=2989 uid=10008 gids={3003, 1028}
D/ExchangeService( 2948): !!! EAS ExchangeService, onStartCommand, startingUp = false, running = false
D/ExchangeService( 2948): !!! EAS ExchangeService, onCreate
I/ActivityManager(  343): Process com.android.smspush (pid 2961) has died.
W/ActivityManager(  343): Scheduling restart of crashed service com.android.smspush/.WapPushManager in 5000ms
I/ActivityManager(  343): Start proc com.android.smspush for service com.android.smspush/.WapPushManager: pid=3005 uid=10045 gids={1028}
I/ActivityManager(  343): Process com.android.deskclock (pid 2880) has died.
D/dalvikvm(  134): GC_EXPLICIT freed 36K, 74% free 2157K/8195K, paused 13ms+4ms, total 122ms
D/dalvikvm(  134): GC_EXPLICIT freed <1K, 74% free 2157K/8195K, paused 3ms+6ms, total 45ms
E/Trace   ( 3005): error opening trace file: No such file or directory (2)
E/Trace   ( 2989): error opening trace file: No such file or directory (2)
I/ActivityManager(  343): Process com.android.exchange (pid 2948) has died.
W/ActivityManager(  343): Scheduling restart of crashed service com.android.exchange/.ExchangeService in 5000ms
D/dalvikvm(  134): GC_EXPLICIT freed <1K, 74% free 2157K/8195K, paused 2ms+8ms, total 45ms
W/WindowManager(  343): App freeze timeout expired.
W/WindowManager(  343): Force clearing freeze: AppWindowToken{413355a0 token=Token{41036080 ActivityRecord{41035c48 com.cyanogenmod.trebuchet/.Launcher}}}
I/ActivityThread( 2989): Pub com.android.calendar.CalendarRecentSuggestionsProvider: com.android.calendar.CalendarRecentSuggestionsProvider
I/ActivityManager(  343): Process com.android.smspush (pid 3005) has died.
W/ActivityManager(  343): Scheduling restart of crashed service com.android.smspush/.WapPushManager in 65838ms
I/ActivityManager(  343): Start proc com.android.smspush for service com.android.smspush/.WapPushManager: pid=3021 uid=10045 gids={1028}
E/Trace   ( 3021): error opening trace file: No such file or directory (2)
I/ActivityManager(  343): Process com.android.smspush (pid 3021) has died.
W/ActivityManager(  343): Scheduling restart of crashed service com.android.smspush/.WapPushManager in 65433ms
I/ActivityManager(  343): Start proc com.android.smspush for service com.android.smspush/.WapPushManager: pid=3041 uid=10045 gids={1028}
E/Trace   ( 3041): error opening trace file: No such file or directory (2)
I/ActivityManager(  343): Start proc com.android.deskclock for broadcast com.android.deskclock/.AlarmInitReceiver: pid=3056 uid=10013 gids={1028}
E/Trace   ( 3056): error opening trace file: No such file or directory (2)
I/ActivityThread( 3056): Pub com.android.deskclock: com.android.deskclock.AlarmProvider
I/ActivityThread( 3056): Pub com.android.deskclock.timers: com.android.deskclock.TimersProvider
I/ActivityManager(  343): Start proc com.android.providers.calendar for content provider com.android.providers.calendar/.CalendarProvider2: pid=3070 uid=10009 gids={3003, 1015, 1028}
I/ActivityManager(  343): Process com.cyanogenmod.trebuchet (pid 2975) has died.
I/ActivityManager(  343): Start proc com.cyanogenmod.trebuchet for activity com.cyanogenmod.trebuchet/.Launcher: pid=3083 uid=10040 gids={1028}
E/Trace   ( 3070): error opening trace file: No such file or directory (2)
E/Trace   ( 3083): error opening trace file: No such file or directory (2)
I/ActivityManager(  343): Process com.android.calendar (pid 2989) has died.
I/ActivityManager(  343): Process com.android.providers.calendar (pid 3070) has died.
I/ActivityThread( 3083): Pub com.cyanogenmod.trebuchet.settings: com.cyanogenmod.trebuchet.LauncherProvider
I/ActivityManager(  343): Start proc com.android.providers.calendar for restart com.android.providers.calendar: pid=3099 uid=10009 gids={3003, 1015, 1028}
I/ActivityManager(  343): Process com.android.smspush (pid 3041) has died.
W/ActivityManager(  343): Scheduling restart of crashed service com.android.smspush/.WapPushManager in 64283ms
I/ActivityManager(  343): Start proc com.android.smspush for service com.android.smspush/.WapPushManager: pid=3113 uid=10045 gids={1028}
E/Trace   ( 3099): error opening trace file: No such file or directory (2)
V/AlarmClock( 3056): AlarmInitReceiver finished
E/Trace   ( 3113): error opening trace file: No such file or directory (2)
I/ActivityManager(  343): Process com.android.providers.calendar (pid 3099) has died.
I/ActivityManager(  343): Start proc com.android.providers.calendar for restart com.android.providers.calendar: pid=3126 uid=10009 gids={3003, 1015, 1028}
I/ActivityManager(  343): Start proc com.android.calendar for broadcast com.android.calendar/.widget.CalendarAppWidgetService$CalendarFactory: pid=3131 uid=10008 gids={3003, 1028}
I/ActivityManager(  343): Process com.android.deskclock (pid 3056) has died.
E/Trace   ( 3126): error opening trace file: No such file or directory (2)
E/Trace   ( 3131): error opening trace file: No such file or directory (2)
I/ActivityManager(  343): Process com.android.smspush (pid 3113) has died.
W/ActivityManager(  343): Scheduling restart of crashed service com.android.smspush/.WapPushManager in 63716ms
I/ActivityManager(  343): Start proc com.android.smspush for service com.android.smspush/.WapPushManager: pid=3154 uid=10045 gids={1028}
I/ActivityManager(  343): Process com.android.providers.calendar (pid 3126) has died.
I/ActivityManager(  343): Start proc com.android.providers.calendar for restart com.android.providers.calendar: pid=3169 uid=10009 gids={3003, 1015, 1028}
E/Trace   ( 3154): error opening trace file: No such file or directory (2)
I/ActivityThread( 3131): Pub com.android.calendar.CalendarRecentSuggestionsProvider: com.android.calendar.CalendarRecentSuggestionsProvider
E/Trace   ( 3169): error opening trace file: No such file or directory (2)
I/ActivityManager(  343): Process com.android.providers.calendar (pid 3169) has died.
D/dalvikvm(  134): GC_EXPLICIT freed 37K, 74% free 2157K/8195K, paused 8ms+2ms, total 247ms
D/dalvikvm(  134): GC_EXPLICIT freed <1K, 74% free 2157K/8195K, paused 2ms+2ms, total 31ms
D/dalvikvm(  134): GC_EXPLICIT freed <1K, 74% free 2157K/8195K, paused 3ms+3ms, total 32ms
I/ActivityManager(  343): Start proc com.android.providers.calendar for restart com.android.providers.calendar: pid=3184 uid=10009 gids={3003, 1015, 1028}
I/ActivityManager(  343): Process com.cyanogenmod.trebuchet (pid 3083) has died.
E/Trace   ( 3184): error opening trace file: No such file or directory (2)
I/ActivityManager(  343): Start proc com.cyanogenmod.trebuchet for activity com.cyanogenmod.trebuchet/.Launcher: pid=3197 uid=10040 gids={1028}
E/Trace   ( 3197): error opening trace file: No such file or directory (2)
I/ActivityManager(  343): Process com.android.providers.calendar (pid 3184) has died.
I/ActivityManager(  343): Start proc com.android.providers.calendar for restart com.android.providers.calendar: pid=3214 uid=10009 gids={3003, 1015, 1028}
I/ActivityManager(  343): Start proc com.android.deskclock for broadcast com.android.deskclock/.AlarmInitReceiver: pid=3222 uid=10013 gids={1028}
I/ActivityManager(  343): Process com.android.smspush (pid 3154) has died.
W/ActivityManager(  343): Scheduling restart of crashed service com.android.smspush/.WapPushManager in 62512ms
I/ActivityThread( 3197): Pub com.cyanogenmod.trebuchet.settings: com.cyanogenmod.trebuchet.LauncherProvider
I/ActivityManager(  343): Start proc com.android.smspush for service com.android.smspush/.WapPushManager: pid=3241 uid=10045 gids={1028}
E/Trace   ( 3214): error opening trace file: No such file or directory (2)
E/Trace   ( 3222): error opening trace file: No such file or directory (2)
I/ActivityThread( 3214): Pub com.android.calendar: com.android.providers.calendar.CalendarProvider2
E/Trace   ( 3241): error opening trace file: No such file or directory (2)
I/ActivityManager(  343): Process com.android.calendar (pid 3131) has died.
I/ActivityThread( 3222): Pub com.android.deskclock: com.android.deskclock.AlarmProvider
I/ActivityThread( 3222): Pub com.android.deskclock.timers: com.android.deskclock.TimersProvider
I/ActivityManager(  343): Process com.android.providers.calendar (pid 3214) has died.
I/ActivityManager(  343): Start proc com.android.providers.calendar for restart com.android.providers.calendar: pid=3258 uid=10009 gids={3003, 1015, 1028}
I/ActivityManager(  343): Process com.android.smspush (pid 3241) has died.
W/ActivityManager(  343): Scheduling restart of crashed service com.android.smspush/.WapPushManager in 61767ms
V/AlarmClock( 3222): AlarmInitReceiver finished
I/ActivityManager(  343): Start proc com.android.smspush for service com.android.smspush/.WapPushManager: pid=3271 uid=10045 gids={1028}
E/Trace   ( 3258): error opening trace file: No such file or directory (2)
I/ActivityManager(  343): Process com.android.deskclock (pid 3222) has died.
I/ActivityThread( 3258): Pub com.android.calendar: com.android.providers.calendar.CalendarProvider2
E/Trace   ( 3271): error opening trace file: No such file or directory (2)
I/ActivityManager(  343): Start proc com.android.exchange for service com.android.exchange/.ExchangeService: pid=3287 uid=10017 gids={3003, 1015, 1028}
I/ActivityManager(  343): Process com.android.smspush (pid 3271) has died.
W/ActivityManager(  343): Scheduling restart of crashed service com.android.smspush/.WapPushManager in 61284ms
I/ActivityManager(  343): Start proc com.android.smspush for service com.android.smspush/.WapPushManager: pid=3300 uid=10045 gids={1028}
E/Trace   ( 3287): error opening trace file: No such file or directory (2)
I/ActivityManager(  343): Process com.cyanogenmod.trebuchet (pid 3197) has died.
I/ActivityManager(  343): Start proc com.cyanogenmod.trebuchet for activity com.cyanogenmod.trebuchet/.Launcher: pid=3316 uid=10040 gids={1028}
I/ActivityThread( 3287): Pub com.android.exchange.directory.provider: com.android.exchange.provider.ExchangeDirectoryProvider
D/dalvikvm(  343): GC_EXPLICIT freed 575K, 37% free 5531K/8711K, paused 31ms+5ms, total 264ms
E/Trace   ( 3300): error opening trace file: No such file or directory (2)
E/Trace   ( 3316): error opening trace file: No such file or directory (2)
D/ExchangeService( 3287): !!! EAS ExchangeService, onStartCommand, startingUp = false, running = false
I/ActivityThread( 3316): Pub com.cyanogenmod.trebuchet.settings: com.cyanogenmod.trebuchet.LauncherProvider
I/ActivityManager(  343): Process com.android.exchange (pid 3287) has died.
W/ActivityManager(  343): Scheduling restart of crashed service com.android.exchange/.ExchangeService in 60452ms
I/ActivityManager(  343): Start proc com.android.settings for broadcast com.android.settings/.widget.SettingsAppWidgetProvider: pid=3335 uid=1000 gids={1015, 3002, 3001, 3003, 1028}
D/dalvikvm(  134): GC_EXPLICIT freed 37K, 74% free 2157K/8195K, paused 2ms+47ms, total 118ms
D/dalvikvm(  134): GC_EXPLICIT freed <1K, 74% free 2157K/8195K, paused 11ms+29ms, total 115ms
D/dalvikvm(  134): GC_EXPLICIT freed <1K, 74% free 2157K/8195K, paused 10ms+40ms, total 116ms
W/WindowManager(  343): App freeze timeout expired.
W/WindowManager(  343): Force clearing freeze: AppWindowToken{413355a0 token=Token{41036080 ActivityRecord{41035c48 com.cyanogenmod.trebuchet/.Launcher}}}
I/ActivityManager(  343): Process com.android.smspush (pid 3300) has died.
